=== v16 · B1 冒烟测试 (L1 下游连线) ===
[阶段一] 空无基底: 局部维度 d=2, 酉条件数=1.00

  (1)(2) 真调 derive_L1_void_to_chain(equal_state, L=16)
  [L1] 空无 -> 链: d_local=2 张成 65536 维, dim_full=65536, 与 2^16 匹配=True
  [L1] |<void|gs(h/J)>|^2 = 2:0.763404, 4:0.938351, 8:0.984428, 16:0.996097, 32:0.999024  (对 h/J 单调上升=True)
    [PASS] dim_full == 2**L  —— 65536 vs 65536
    [PASS] dim_match 为真
    [PASS] overlap_curve 有 5 个点  —— ['2', '4', '8', '16', '32']
    [PASS] 单调上升 (判据 1/2)  —— 2:0.763404  4:0.938351  8:0.984428  16:0.996097  32:0.999024
    [PASS] overlap_inf > 0.99 (判据 2/2)  —— 0.99902365
    [PASS] **有限 h 的诚实标注**: overlap_inf 严格小于 1  —— 1 - overlap_inf = 9.764e-04

  (2) 可证伪 —— 维数不对时 dim_match 必须失败
  [L1] 空无 -> 链: d_local=3 张成 81 维, dim_full=81, 与 2^4 匹配=False
  [L1] 张成维数 81 != 2^4: 该态不在链的 Hilbert 空间里, **跳过重叠计算**, overlap_inf 如实为 nan
    [PASS] d_local=3, L=4: dim_match 翻成 False  —— dim_full=81, 张成=81
    [PASS] 维数不符时**跳过**重叠 (不崩) 且 overlap_inf 如实为 nan  —— curve=[] inf=nan

  (3) **纯增量** —— 传/不传 void_state, 阶段二读数逐位相同
      · 基准噪声: 同一个 exact_ground_state 连调两次, |dE0| = 3.553e-15, 相对 1.7e-16
[阶段二] 临界点对称性破缺: L=16, h/J=1.0
  E0/L=-1.275287, S(L/2)=0.7501, Schmidt 极化=250.673, gap=p1/p0=0.366151
[阶段二] 临界点对称性破缺: L=16, h/J=1.0
  E0/L=-1.275287, S(L/2)=0.7501, Schmidt 极化=250.673, gap=p1/p0=0.366151
    [PASS] E0 逐位相同  —— -20.40459447475666 vs -20.40459447475666
    [PASS] entropy 逐位相同  —— 0.7500553972738769 vs 0.7500553972738769
    [PASS] polarization 逐位相同  —— 250.67260731067583 vs 250.67260731067583
    [PASS] gap 逐位相同  —— 0.36615140348007835 vs 0.36615140348007835
    [PASS] gs 逐位相同
    [PASS] probabilities 逐位相同
    [PASS] 返回字典的键集未变 (无新增字段)  —— []

  (4) 断言是活的 —— 维数不符必须抛 AssertionError
[阶段二] 临界点对称性破缺: L=16, h/J=1.0
    [PASS] 维数不符抛出 AssertionError  —— L1 域态维数 4 != 2**16 = 65536

  (附) W11 源码扫描判据的**复现** (非守卫本身)
    [PASS] 复现: 扫描到 equal_state 且被下游取用  —— 7 处出现, consumed=True

=== 结果: 全部通过 ===
EXIT=0  WALL=17.6s