=== v16 · B2 **玻色子同格点对照**  [v16-smoke-b2-boson-control-1] ===
口径: 玻色子 g_k(u) = Γ(k e^{-u}/Λ)·g(u)（原文行 104, **无前因子**）
      费米子 g_k(u) = (k e^{-u}/Λ)·Γ(k e^{-u}/Λ)·g(u)（原文行 116）
      u: IR→UV, u_UV=0;  Λ = π;  m=0 临界（S7 的 m→0 极限 g≡1/2）
目的: 判定 K1/K2 对不上靶的原因是 H1（χ 结构性无内容）还是 H2（费米子前因子）

--- A 升格核验（对 K−1 已通过的配置, 硬纪律 1） ---
    [A1] 复现 K−1 的 C2（Λ=100, m=1, k=0.5Λ）:
         <φ_k φ_-k> = 0.0099980006  vs 1/(2ω) = 0.0099980006   相对偏差 3.33e-09
         <π_k π_-k> = 25.0049994168  vs   ω/2  = 25.0049995001   相对偏差 3.33e-09
         -> 通过（参数化没搬错）
         note: `v16_plan.md` §0.1 记录的 K−1 实测值就是 <φφ> 相对偏差 **3.33e-09**
               —— 本处**逐位复现**, 不是"过了阈值"而是同一个数。
    [A2] H 门禁（稠密基态 vs K−1 钉死值）, L=16, m=0, Λ=π, n_fock=24:
         k=0.19635 (r=+1.386): E_gs=0.200665/ω=0.196350 (Δ2.2e-02)  ⟨φφ⟩ Δ8.9e-02  ⟨ππ⟩ Δ1.2e-01
         k=0.58905 (r=+0.837): E_gs=0.589049/ω=0.589049 (Δ3.0e-07)  ⟨φφ⟩ Δ5.1e-06  ⟨ππ⟩ Δ5.2e-06
         k=0.98175 (r=+0.582): E_gs=0.981748/ω=0.981748 (Δ1.1e-12)  ⟨φφ⟩ Δ3.6e-11  ⟨ππ⟩ Δ3.5e-11
         k=1.37445 (r=+0.413): E_gs=1.374447/ω=1.374447 (Δ3.2e-16)  ⟨φφ⟩ Δ1.5e-15  ⟨ππ⟩ Δ3.2e-16
         最差相对偏差 = 1.23e-01  -> H 可用（高 k 精确; 最低 k 受**截断**限制, 见边界 4）

--- B 主检验: 同一变分原理, **玻色子**生成元 (L=16, m=0.0, Λ=3.141593) ---
    [B3] 分段流 vs expm(−iφG/2): ‖Δψ‖/‖ψ‖ = 9.53e-16   φ = 1.859616
         -> 流只依赖 ∫g du（闭式扫描可用）
    [B1] 真流最优 φ*_num vs 解析 φ*_ana = (1/2)log(M/ω):
         φ*_num = 1.16205 0.83697 0.58158 0.41334 0.28768 0.18735 0.10382 0.03227
         φ*_ana = 1.38629 0.83699 0.58158 0.41334 0.28768 0.18735 0.10382 0.03227
         相对偏差 = 1.6e-01 2.5e-05 1.1e-08 2.4e-08 6.9e-09 6.8e-09 7.9e-08 1.4e-07
         k≥1 最大相对偏差 = 2.55e-05  -> **不一致**
         k=0 相对偏差 = 1.62e-01 ⇒ **截断限制**（挤压最强, n_fock=24 不够）; 由 B1b 报收敛趋势, 不进判据（边界 4）
    [B1b] 截断收敛（k=q_0, 解析值 1.38629）: n_fock=10: 0.86197 (Δ=-5.24e-01)  n_fock=16: 1.02272 (Δ=-3.64e-01)  n_fock=24: 1.16205 (Δ=-2.24e-01)
          -> 单调收敛 ⇒ 残差是**截断**（边界 4）, 不是实现错
    [B2] ∫Γ g_S7 du  vs  解析 φ*:  最大绝对差 = 8.33e-17  -> 两条独立路径一致
    [B4] rank(C) = 8/8   C 上三角, 对角元 = 各段活跃长度
         χ = C⁻¹φ*_ana（主判据）: +0.5000 +0.5000 +0.5000 +0.5000 +0.5000 +0.5000 +0.5000 +0.5000
            均值 = 0.500000   max|χ − 0.5| = 9.437e-16
         χ = C⁻¹φ*_num（真流复核）: +0.2959 +0.5000 +0.5000 +0.5000 +0.5000 +0.5000 +0.5000 +0.5000
            均值 = 0.474483   max|χ − 0.5| = 2.041e-01
    [B5c] 求积版 C（与费米子 `phase_matrix` 同方案）vs 精确 C:
         χ_求积 = +0.5004 +0.4978 +0.5036 +0.5015 +0.4947 +0.5000 +0.4997 +0.5409
         max|C_求积 − C_精确|/|C| = 7.56e-02   max|χ_求积 − 0.5| = 4.09e-02
         -> 真值精确为 0.5 ⇒ 该偏差**全是求积边界效应**, 不是物理。
            与费米子侧 `sub=4→32` 时末段 χ 由 24.313 → 28.158（变 16%）同源 —— 边界 5。
    [B5] **K1 的靶（S7 的 m=0 极限 χ ≡ 0.5）**: -> **精确复现**
         段中值 u = -3.223 -1.419 -0.995 -0.701 -0.475 -0.291 -0.136 -0.032
    [B6] K4 的负对照在玻色子生成元上: E(常 χ=c) 最小处 c = 0.45
         c=0.3: +13.102198  c=0.4: +12.699686  c=0.45: +12.641306  c=0.5: +12.859797  c=0.55: +13.845313  c=0.6: +16.367847  c=0.7: +27.772761
         -> **K4 在此空洞**: χ≡0.5 恰是最优 ⇒ 「常数不如变分」的断言无内容。
         note: 这正是 S7 的**尺度不变**陈述（m=0 ⇒ g≡1/2）, 不是失败。
               ⇒ K4 的判据语义须限定在**非尺度不变**的生成元上（费米子前因子恰使之如此）。

--- C 对照: 同一格点 (L=16) 上的**费米子**侧（真调 _v16_cmera_gaussian） ---
    [C1] 费米子 φ*(k) = 0.83776 0.94248 1.04720 1.15192 1.20428 1.30900 1.41372 1.51844
         χ_数值 = +0.7858 +0.7772 +0.8160 +0.9356 +0.7538 +0.6333 +0.8192 +24.3132
         χ_闭式 = +0.7854 +0.7854 +0.7854 +0.9687 +0.7330 +0.7330 +0.7330 +24.2950
         max|χ_数值 − χ_闭式| = 9.976e-02   -> χ 的形状由 C 的结构决定, 与求 φ 的格点分辨率无关
         max|χ_费米子(平坦段) − 0.5| = 0.4356
    [C2] C 的结构差异（这就是全部原因, 不是噪声）:
         C_玻色子[0,:]   +1.0986 +0.5108 +0.3365 +0.2513 +0.2007 +0.1671 +0.1431 +0.0645
         C_费米子[0,:] ∝ +0.6663 +0.1347 +0.0550 +0.0329 +0.0196 +0.0162 +0.0092 +0.0042
         note: 玻色子行与 k 无关（Γ 只做 0/1 开关）⇒「χ ≡ const」是自然参数化,
               且 φ*/Δu = −(1/2) 逐段成立 ⇒ χ ≡ 0.5 **可解析证明**;
               费米子行带 (q_k/Λ) 因子 ⇒ 常数 χ 给不出基态 φ*, 故 χ 必然随段变。

=== 判定 ===
    A（升格核验）: 通过
    B1: **未通过**
    B2: 通过
    B3: 通过
    B4: 通过
    B5: 通过
    B5b: **未通过**
    B6: 通过

    核心对照:
      玻色子 (m=0)    χ = 0.500000（平坦段）   max|χ−0.5| = 9.44e-16
      费米子 (h/J=1)  χ = 0.788697（平坦段）   max|χ−0.5| = 4.36e-01

    -> **支持 H2**: 同一变分原理在**玻色子**生成元下**精确复现** S7 的 χ ≡ 0.5,
       在**费米子**生成元下不复现。原因定位在 eq1.8 的 (k e^û/Λ) 前因子改变了 C 的结构 —
       **不是实现错误, 也不是数值没收敛**。⇒ K1 的靶是从玻色子继承来的（边界 3 的定量化）,
       须改写为「在费米子生成元下 χ 不是常数」并登记为口径差异, 而不是失败。

    边界: 本文件不产出 TFI 物理结论; 玻色子对照不上自旋链格点;
          稠密 Fock 有截断（边界 4）, 故 B5 主判据走解析 φ*。

用时 1292.0 s
