=== v16 · B3 冒烟测试 ===

[第一部分] 负向测试 —— 每条检查都必须能被坏输入触发
  · 基线 (健康输入):
    [PASS] 基线 (b) 无幻影  —— []
    [PASS] 基线 (c) 无伪独立  —— []
    [PASS] 基线 (d) 无未归层  —— []
    [PASS] 基线 (e) claim 列完备  —— 未登记=[] 幻影=[] 主张不存在=[]
    [PASS] 基线 (a) **只报不判** —— 有孤儿但 ok 仍为真  —— n_orphans=7 ok=True
  · (a) 孤儿主张: 有判定但无守卫指认 —— 必须出现在名单里
    [PASS] (a) 无守卫指认的被列出  —— ['中心荷误差', '6 跨边界条件中心荷交叉检验 (同族)', '7 一致性检查束 (数值路径 <-> 解析路径)', '8 涌现几何的对照鲁棒性', '9 自指变体秩1化的 N 依赖 (相图)', 'III-A1 描述子距离', '10 谱学中心荷 (能谱族)']
    [PASS] (a) 被 where 指认的不在名单里
  · (b) 幻影引用: tests_claims 指向不存在的主张
    [PASS] (b) 幻影被报出且 ok=False  —— ['99.9']
  · (b) 真实引用: claim_id 存在时按 id 指认, 孤儿消失
    [PASS] (b) 无幻影且该条孤儿清零  —— phantom=[]
  · (c) 伪独立 —— 三种失败都要报
    [PASS] (c) 未登记同源被报出  —— [('SX', '未登记同源', ['中心荷误差'])]
    [PASS] (c) 登记成员不符被报出  —— [('W3b_spectrum', '登记成员不符', ['10 谱学中心荷 (能谱族)'])]
    [PASS] (c) 与登记表逐成员一致时通过  —— []
    [PASS] (c) 登记表指向不存在的数据源被报出  —— [('W3b_spectrum', '登记表指向不存在的数据源', ['10 谱学中心荷 (能谱族)', 'W3b v 无关比值单调趋 8', 'W3b 谱学 c 与 0.5 相容到 1%'])]
  · (d) 未归层项 —— 名字与 where 都命中不了规则
    [PASS] (d) 两条未归层都被列名报出且 ok=False  —— [('metric', 'ZZ 无规则指标'), ('guard', 'ZZ 无规则守卫')]
  · (e) 台账 claim 列的四种情况
    [PASS] (e) 未登记的对照条目被报出且 ok=False  —— ['L9/ZZ · 未登记对照']
    [PASS] (e) 登记表里的幻影条目被报出且 ok=False  —— ['L7/F5-L7 · 熵比与等权度上界']
    [PASS] (e) 登记表指向不存在的主张被报出且 ok=False  —— ['5 临界性负对照 (h/J 扫描)']
    [PASS] (e) L1 的 None 是**如实留缺**, 不算失败  —— ['L1/None']

[第二部分] (d) 对**真实清单**的覆盖率 (源: v15/_v15_run.log; 该转储早于 B3-1 字段增补 ⇒ 无 claim_id/source_id)
  · 重建: 指标 26 条, 守卫 74 条
    [PASS] 重建条数与 v15 全流程日志一致 (26 / 74)  —— 实测 26 / 74
    [PASS] (d) 真实清单**零未归层**  —— []
    [PASS] (b) 真实清单无幻影引用 (日志转储不含 tests_claims)
    [PASS] (e) claim 列的值在真实清单里全部解析得到  —— []

  · 口径匹配率实测 (分母 = 有 pass/fail 判定的 tier-1/2 指标 = 18)
        L1: **无计分指标**  (同层守卫 1 条)
        L2: 2/3   (同层守卫 13 条)
        L3: 1/3   (同层守卫 5 条)
        L4: 0/5   (同层守卫 2 条)
        L5: 5/5   (同层守卫 23 条)
        L6: **无计分指标**  (同层守卫 7 条)
        L7: **无计分指标**  (同层守卫 2 条)
        EXT: **无计分指标**  (同层守卫 17 条)
        X: 1/2   (同层守卫 4 条)
    => 有守卫指认 9/18; 其余 9 条**没有任何既有守卫指认**:
        · 中心荷误差
        · 共形不变性
        · MERA 一致性
        · 全程稳健性
        · 因果链拟合 RMSE
        · 纠缠熵 KL 散度
        · 关联衰减指数
        · Jordan 块收敛率
        · 13 负对照台账 (逐层)
    注 1: 本段用**日志转储**, 故 C5b 的 claim_id 指认 (真实运行时才有) 不在此体现 —— 此处匹配率是**下界**。
    注 2: 匹配口径是「某守卫的 where 出现在该指标的 method 里」。对不上**不等于缺陷** —— v15 里指标的 pass/fail 本就是它与自己目标的比较, 守卫是**另一个**注册表; 这条数字量的是「有多少条主张另有独立守卫», 不是「有多少条主张被检验过」。

=== 结果: 全部通过 ===
EXIT=0