=== v16-smoke-beta-l4-nonunitary-1 · D8 (β-L4) 非酉注入负对照, L=8, chi=4 ===
    口径: 自建隔离 MERA (**不 import 任何生产入口**), 不进 runner,
          不加守卫, 不动分母 78/27/13, 不改任何登记值 (DP-β-1)。

--- 0 · 隔离与配置回显 ---
    L=8, chi=4, seed=0, FIT_STEPS=800 (生产 V13_STEPS=1500, **本冒烟不比绝对值**, 见口径 2)
    ε 网格 (先写死) = [0.0, 1e-06, 1e-05, 0.0001, 0.001, 0.01, 0.03, 0.1]
    注入对象 = 第 0 个解纠缠器 (ndim==4); 噪声 seed = 20260927
    判据: err > 1e-12  **且**  eps_c(ε) > 1.5 x eps_c(0)
    隔离声明: 本脚本不 import spiral_model_v16 / spiral_metric_v16,
              不调用 stage2_critical_break / mera_fit / v13_tier1_runs。

--- A · 自校验 (全部先过, 否则结论作废) ---
    A0 精确基态: L=8, E0/L = -1.281457724, c_exact(同 L 拟合) = 0.513406
    [PASS] mera_init 的初始张量已是等距/酉 (QR 构造保证, 机器精度)  —— err = 8.88e-16 (7 酉 + 6 等距 + 1 顶层边界)
    ... 拟合 800 步 (单条轨迹)
    A1 拟合完成: overlap = 0.999415 @step800, eps_c(拟合态) = 0.024085
       **用时 11.7 s** (只报脚本自己的计时, 不报 CPU 时间)
    [PASS] 物化 (QR 投影写进张量) 后仍等距/酉 —— 物化本身零扰动  —— err = 9.99e-16
    [PASS] 全部张量同 dtype (float64) —— 锁住「隔离不复刻默认 dtype」这个失效模式  —— dtype 集合 = ['float64'], torch 默认 = torch.float64

    A3 自备收缩 vs 生产 mera_dense (ε=0, 同一个 MERA):
       自备 contract_with_data  max|Δψ| = 0.000e+00
    [PASS] 自备收缩与生产 mera_dense 逐位一致 (< 1e-12) —— 注入实验的许可证  —— max|Δψ| = 0.000e+00
    [PASS] 拟合态上两条路径同样逐位一致 (同一张量的两处对账)  —— max|Δψ| = 0.000e+00
    [PASS] **活的反事实**: ε=0.1 的注入使 err 立刻 >> 1e-12 (这把尺子有分辨力)  —— err(0.1) = 5.139e-01
    [PASS] 复位后 err 回到机器精度 (ε=0 从基准重算是恒等操作)  —— err(0) = 9.99e-16
    [PASS] 同一基准下重做同一个 ε 给同一个 err —— 锁住「扰动累积」失效模式  —— err(1e-3) 单做 = 4.11972256934611814e-03, 隔一次 1e-2 后重做 = 4.11972256934611814e-03
    A 段用时 11.80 s (其中拟合 11.7 s)

============================================================================
  ***** 网格冻结线 —— 以下开始 ε 扫描, 网格自此冻结 (v16.4_plan §3.1) *****
  冻结的网格: ε = [0.0, 1e-06, 1e-05, 0.0001, 0.001, 0.01, 0.03, 0.1]
  看过读数之后再改网格 = p-hacking。
============================================================================

--- B · ε 扫描 (每个点都从**同一个基准 U_base** 重算, 不累积) ---
    eps_c(ε=0) = 0.024085  ← 本预算下的**基准** (绝对值不可比生产, 见口径 2)
    退化阈值 = 1.5 x 0.024085 = 0.036127

         eps |        err  >1e-12 |      eps_c       比值    退化 |   overlap |  R^2_linear
       0e+00 |   9.99e-16       否 |   0.024085    1.000     否 |  0.999415 |    0.800000
       1e-06 |   4.11e-06       是 |   0.024080    1.000     否 |  0.999415 |    0.800000
       1e-05 |   4.11e-05       是 |   0.024034    0.998     否 |  0.999415 |    0.800000
       1e-04 |   4.11e-04       是 |   0.023572    0.979     否 |  0.999415 |    0.800000
       1e-03 |   4.12e-03       是 |   0.018965    0.787     否 |  0.999411 |    0.800000
       1e-02 |   4.18e-02       是 |   0.026263    1.090     否 |  0.999130 |    0.800000
       3e-02 |   1.32e-01       是 |   0.120976    5.023     是 |  0.996938 |    0.800000
       1e-01 |   5.14e-01       是 |   0.385681   16.013     是 |  0.974036 |    0.800000

    口径 1 的实测核验: R²_linear 在 8 个 ε 上取值集合 = [0.8]
    [PASS] R²_linear 对张量数据**逐位免疫** (纯拓扑计数, 见口径 1) —— 故它不可能成为灵敏读数  —— 取值个数 = 1

--- C · 落支判定 (N1 / N2 / N0) ---
    err > 1e-12 的 ε          = [1e-06, 1e-05, 0.0001, 0.001, 0.01, 0.03, 0.1]
    其中 eps_c 退化的 ε  = [0.03, 0.1]

    => **落支 N1 (有检验力)**: 负对照成立。
       最小退化 ε = 0.03 (err = 1.32e-01, eps_c = 0.120976 = 5.02x 基准)
       ε = 0.1 时 eps_c = 0.385681 (16.01x), overlap 从 0.999415 掉到 0.974036
       ⚠️ **边界**: N1 说的是「注入能被这套读数看见」,**不是**
          「L4 的物理主张被验证」; 且下游退化只在**本预算**的 MERA 上测的。

--- 天花板 (与结果同页, 不许省) ---
    1. 本冒烟**不改指标 1.4** (`solvers.py:230` 的 `err < 1e-12` 一个字符不动):
       它走的是**隔离副本**, 生产路径一次都没被调用。可核检查 = 全流程日志里
       `MERA 一致性` 与 v16.3 逐字相同 (计划 §9 风险 3)。
    2. **绝对精度不可比**: 单条轨迹 x 800 步 vs 生产 1500 步 x 5 轨迹
       + 检查点选择。本脚本只报**同一预算内的比值** (口径 2)。
    3. **负对照成立 != 升级**: 依 `memory/l1-maturity-held-at-b.md` 逐字
       「负对照缺口补上了 **≠** 该升级」, 与 `README.md` 对 L4 逐字
       「故 L4 成熟度仍记 C, 不因补了一条对照而升级」⇒ **L4 仍记 C**。
    4. 本脚本**未加任何守卫/指标条目**, 分母 78 / 27 / 13 不变 (DP-β-1)。
    5. A3/A3b 只证了「ε=0 时两条收缩路径一致」;**ε>0 时生产 `mera_dense`
       给不出同一个态** (它从 raws 重投影, 看不见注入) ⇒ 本脚本**无法**用
       生产函数交叉核验 ε>0 的态, 只能靠 A3 的连续性外推。这条限制照登。

=== 结果: 落支 N1; 自校验 通过; 累计用时 11.8 s ===
