=== v16-smoke-beta-l6-params-1 · D9 (β-L6) `(F,k)` 随机化负对照 ===
    口径: 不进 runner, 不加守卫, 不动分母 78/27/13, 不改任何登记值 (DP-β-1)。
    判据落点: stage67.py:363  `emerged = finite and contrast > 0.2 and active > 0.05`

--- 0 · 配置回显 (只动 F/k 两个自由度) ---
    N=36 (**派生值**, 不是 stage6_life 默认的 40; `_runall_v16.3_r1.log:306`)
    L=0.5, dt=1, Du=2e-05, Dv=1e-05, steps=40000
    ⇒ **DP-β-2 的砍量 = 0**: 生产值就是 steps=40000 (生产不传 steps), 而 §A 实测单点 8.4 s 已 < 30 s ⇒
       **不需要砍** ⇒ 本冒烟读数与 v16.3 登记值**直接可比** (口径 1)。
    (F,k) 格点 = 6 x 5 = 30 点; F = [0.01, 0.02, 0.03, 0.035, 0.045, 0.055]
                                        k = [0.045, 0.05, 0.055, 0.06, 0.065]
    含生产默认点 (0.035, 0.06) = True

--- A · 复现 V8 登记值 (自校验, 必须先过) ---
[阶段六] Gray-Scott 生命斑图 (平直周期网格):
  网格 h=0.0139, dt*Du/h^2=0.1037 (稳定上限 0.25) -> 数值稳定
  对比度=0.349, 活化面积占比=0.637, 斑图波长~0.1782 (域长 0.5)
  -> 涌现  (判据: 对比度>0.2 且 活化面积>5%)
    A1 稳定性闸: dt*Du/h^2 = 0.1037 <= 0.25 (登记 `_runall_v16.3_r1.log:193`: 0.1037)
    [PASS] 稳定性闸由构造成立 (h 与 dt 与生产同) —— 数值失稳不是本冒烟的变量  —— ok = True, stab = 0.1037, h = 0.013889
    [PASS] h 复现 0.0139  —— 实算 0.013889
    [PASS] 对比度复现登记值 0.349  —— 实算 0.3491 vs 登记 0.349
    [PASS] 活化面积复现登记值 0.637  —— 实算 0.6373 vs 登记 0.637
    [PASS] 斑图波长复现登记值 0.1782  —— 实算 0.1782 vs 登记 0.1782 (`_runall_v16.3_r1.log:194`)
    [PASS] 生产默认点 emerged=True (与 V8 登记「通过」一致)  —— contrast=0.3491>0.2 且 active=0.6373>0.05
    A 段用时 6.93 s  ← **单点成本登记** (DP-β-2 的判据就挂在这个数上)

============================================================================
  ***** 格点冻结线 —— 以下开始扫描, 格点自此冻结 (v16.4_plan §3.2) *****
  冻结的 F = [0.01, 0.02, 0.03, 0.035, 0.045, 0.055]
  冻结的 k = [0.045, 0.05, 0.055, 0.06, 0.065]
  看过 emerged 之后再改格点 = p-hacking。
============================================================================

--- B · (F,k) 扫描 (30 点, 每点 40000 步) ---
    F=0.010 | 0.045:X  0.050:X  0.055:X  0.060:X  0.065:X    (5/5 有限)
    F=0.020 | 0.045:X  0.050:X  0.055:X  0.060:X  0.065:X    (5/5 有限)
    F=0.030 | 0.045:X  0.050:X  0.055:o  0.060:o  0.065:o    (5/5 有限)
    F=0.035 | 0.045:X  0.050:X  0.055:X  0.060:o  0.065:o    (5/5 有限)
    F=0.045 | 0.045:X  0.050:X  0.055:X  0.060:o  0.065:o    (5/5 有限)
    F=0.055 | 0.045:X  0.050:X  0.055:X  0.060:X  0.065:X    (5/5 有限)

   图例: o = 有限且 emerged=True (涌现);  X = 有限但 emerged=False (**判据判掉**);
         ? = **数值失稳** finite=False (单列, 不计入 N3; 见 N5 口径)

   逐点明细 (对比度阈值 0.2, 活化面积阈值 0.05):
         F      k |  contrast   active |  emerged  finite |   spacing |     用时
     0.010  0.045 |    0.0000   0.0000 |    False    True |       inf |  9.12s
     0.010  0.050 |    0.0000   0.0000 |    False    True |       inf |  8.30s
     0.010  0.055 |    0.0000   0.0000 |    False    True |       inf |  8.47s
     0.010  0.060 |    0.0000   0.0000 |    False    True |       inf |  8.84s
     0.010  0.065 |    0.0000   0.0000 |    False    True |       inf |  8.47s
     0.020  0.045 |    0.0000   0.0000 |    False    True |       inf |  7.67s
     0.020  0.050 |    0.0000   0.0000 |    False    True |    0.5000 |  6.64s
     0.020  0.055 |    0.0000   0.0000 |    False    True |       inf |  7.90s
     0.020  0.060 |    0.0000   0.0000 |    False    True |       inf |  8.49s
     0.020  0.065 |    0.0000   0.0000 |    False    True |       inf |  7.96s
     0.030  0.045 |    0.0000   1.0000 |    False    True |    0.1216 |  6.97s
     0.030  0.050 |    0.0000   1.0000 |    False    True |    0.2400 |  6.43s
     0.030  0.055 |    0.2351   0.9012 |     True    True |    0.2250 |  6.93s
     0.030  0.060 |    0.3346   0.5185 |     True    True |    0.2045 |  6.27s
     0.030  0.065 |    0.3349   0.0633 |     True    True |    0.5000 |  6.44s
     0.035  0.045 |    0.0000   1.0000 |    False    True |    0.1417 |  6.13s
     0.035  0.050 |    0.0000   1.0000 |    False    True |    0.1084 |  6.69s
     0.035  0.055 |    0.0000   1.0000 |    False    True |    0.1978 |  8.05s
     0.035  0.060 |    0.3491   0.6373 |     True    True |    0.1782 |  6.47s
     0.035  0.065 |    0.3707   0.3133 |     True    True |    0.1818 |  6.54s
     0.045  0.045 |    0.0000   1.0000 |    False    True |    0.6923 |  6.63s
     0.045  0.050 |    0.0000   1.0000 |    False    True |    0.2250 |  6.27s
     0.045  0.055 |    0.0000   1.0000 |    False    True |    0.0923 |  6.32s
     0.045  0.060 |    0.3293   0.8241 |     True    True |    0.1579 |  6.97s
     0.045  0.065 |    0.4087   0.4414 |     True    True |    0.1667 |  6.11s
     0.055  0.045 |    0.0000   1.0000 |    False    True |    0.1607 |  5.89s
     0.055  0.050 |    0.0000   1.0000 |    False    True |    0.2022 |  7.28s
     0.055  0.055 |    0.0000   1.0000 |    False    True |    0.3051 |  7.42s
     0.055  0.060 |    0.0000   1.0000 |    False    True |    0.1513 |  6.83s
     0.055  0.065 |    0.0000   0.0000 |    False    True |       inf |  7.97s

    用时: 单点中位 6.95 s, 合计 216.4 s (**只报脚本自己的计时, 不报 CPU 时间**)

--- C · 落支判定 (N3 / N4 / N5) ---
    finite=True            : 30 / 30
    其中 emerged=True      : 7
    其中 emerged=False     : 23  ← **计入 N3 的**
    finite=False (数值失稳): 0  ← **单列, 不计入 N3** (N5 口径)

    被判掉的点 (F, k, contrast, active):
      (0.010, 0.045): contrast=0.0000, active=0.0000  —— contrast 0.0000 <= 0.2; active 0.0000 <= 0.05
      (0.010, 0.050): contrast=0.0000, active=0.0000  —— contrast 0.0000 <= 0.2; active 0.0000 <= 0.05
      (0.010, 0.055): contrast=0.0000, active=0.0000  —— contrast 0.0000 <= 0.2; active 0.0000 <= 0.05
      (0.010, 0.060): contrast=0.0000, active=0.0000  —— contrast 0.0000 <= 0.2; active 0.0000 <= 0.05
      (0.010, 0.065): contrast=0.0000, active=0.0000  —— contrast 0.0000 <= 0.2; active 0.0000 <= 0.05
      (0.020, 0.045): contrast=0.0000, active=0.0000  —— contrast 0.0000 <= 0.2; active 0.0000 <= 0.05
      (0.020, 0.050): contrast=0.0000, active=0.0000  —— contrast 0.0000 <= 0.2; active 0.0000 <= 0.05
      (0.020, 0.055): contrast=0.0000, active=0.0000  —— contrast 0.0000 <= 0.2; active 0.0000 <= 0.05
      (0.020, 0.060): contrast=0.0000, active=0.0000  —— contrast 0.0000 <= 0.2; active 0.0000 <= 0.05
      (0.020, 0.065): contrast=0.0000, active=0.0000  —— contrast 0.0000 <= 0.2; active 0.0000 <= 0.05
      (0.030, 0.045): contrast=0.0000, active=1.0000  —— contrast 0.0000 <= 0.2
      (0.030, 0.050): contrast=0.0000, active=1.0000  —— contrast 0.0000 <= 0.2
      (0.035, 0.045): contrast=0.0000, active=1.0000  —— contrast 0.0000 <= 0.2
      (0.035, 0.050): contrast=0.0000, active=1.0000  —— contrast 0.0000 <= 0.2
      (0.035, 0.055): contrast=0.0000, active=1.0000  —— contrast 0.0000 <= 0.2
      (0.045, 0.045): contrast=0.0000, active=1.0000  —— contrast 0.0000 <= 0.2
      (0.045, 0.050): contrast=0.0000, active=1.0000  —— contrast 0.0000 <= 0.2
      (0.045, 0.055): contrast=0.0000, active=1.0000  —— contrast 0.0000 <= 0.2
      (0.055, 0.045): contrast=0.0000, active=1.0000  —— contrast 0.0000 <= 0.2
      (0.055, 0.050): contrast=0.0000, active=1.0000  —— contrast 0.0000 <= 0.2
      (0.055, 0.055): contrast=0.0000, active=1.0000  —— contrast 0.0000 <= 0.2
      (0.055, 0.060): contrast=0.0000, active=1.0000  —— contrast 0.0000 <= 0.2
      (0.055, 0.065): contrast=0.0000, active=0.0000  —— contrast 0.0000 <= 0.2; active 0.0000 <= 0.05

    => **落支 N3 (有检验力)**: 存在 23 个 `(F,k)` 使 `emerged=False`
       且 `finite=True` ⇒ **V8 的判据能失败**。负对照成立。
       离生产点 (0.035, 0.06) 最近的失败点 (|ΔF|+|Δk| 意义下): (0.035, 0.055)
       ⚠️ **边界**: N3 说的是「**判据可证伪**」,**不是**
          「生产点附近不安全」, 更不是「L6 的物理主张被验证」。
          失败点多数落在**远离生产点**的相区上, 这是**预期**的。

--- 天花板 (与结果同页, 不许省) ---
    1. **不改任何登记值**: V8 的登记 (`_runall_v16.3_r1.log:944-945`, 对比度 0.349 / 活化 0.637) 一个数字不动;
       本冒烟**未加任何守卫 / 指标条目**, 分母 78 / 27 / 13 不变 (DP-β-1)。
    2. **负对照成立 != 升级**: 依 `memory/l1-maturity-held-at-b.md` 逐字
       「负对照缺口补上了 **≠** 该升级」⇒ **L6 成熟度不动**。
    3. **相区声明**: 本冒烟**没有**重新推导 Pearson 相图边界; 格点是**规则格点**
       (无事后挑选余地) + 含生产默认点。主张只到「在这个**声明过的**格点上
       判据会/不会失败」为止。
    4. **`F`/`k` 只是两个自由度**: `N` / `L` / `dt` / `Du` / `Dv` 全部钉在生产值。
       ⇒ 本冒烟**不回答**「换个 N 会怎样」。
    5. **`V8` 是一条 guard (不是负对照)**: `_metric/main.py:146-148` 用 `record_guard` 登记,
       故本冒烟补的是「**它能不能失败**」, 而不是「它是不是一条推离」。

=== 结果: 落支 N3; 自校验 通过; 累计用时 223.4 s ===
