=== v16-smoke-cmera-d-1 · 方向 D: 离散 L 的「有内容版」及其否证（L=8, dim=256）===
    口径: 全部稠密 2^L; Wick 只作互核; 本探针不进 runner。

    λ (正动量模式) = [0.  1.5 2.5 0. ]
    ‖A_pair‖_F = 5.830952   ‖A_rand‖_F = 5.830952（同范数）

--- A · 反例: 非平凡的厄米 L 存在（旧断言「离散格上不存在 k∂_k」被推翻）---
    ‖L − L†‖_max = 0.000e+00   (厄米 ✓)
    ‖L|Ω⟩‖  稠密 = 2.915476e+00   Wick = 2.915476e+00   比值 = 1.000000
    -> L|Ω⟩=0 **不成立**（**这就是旧断言的反例**: 非平凡厄米 L 在离散格上确实存在）

--- B · 无判别力: 三个**偶宇称积态**读数逐位相同（cMERA 末态 ≡ 裸 UV 真空）---
    态                           ‖L|ψ⟩‖ (A_pair)    ‖L|ψ⟩‖ (A_rand)   稠密核
    uv 真空                          2.915476e+00       1.871165e+00   2.915476e+00
    cMERA 流末态 (χ=1)                2.915476e+00       1.968525e+00   2.915476e+00
    TFI 基态 (J=h=1)                 2.915476e+00       1.787448e+00   2.915476e+00
    随机配对态 (对照)                     2.281466e+00       1.871165e+00   
    前三个（偶宇称积态）相对跨度:  A_pair = 2.285e-15   A_rand = 9.654e-02
    第四个（离开该族）: A_pair = 2.281466e+00   偏离前三者 2.175e-01
    -> 前三个 **无判别力**（cMERA 末态与 UV 真空不可区分）;  A_rand 在前三个上 **有判别力**（对照成立）

--- C · 机制（实测, 不是假设）: H1[k]² = P_k 是**秩 2 投影**, 该族态上 ⟨P_k⟩ = 1 ---
      k      λ    ‖P_k²−P_k‖_max    tr P_k       tr/4^3
      0   0.00         4.441e-16     128.0     2.000000
      1   1.50         3.331e-16     128.0     2.000000
      2   2.50         3.331e-16     128.0     2.000000
      3   0.00         4.996e-16     128.0     2.000000
    ⇒ P²=P 且每对模式 tr=2 ⇒ 秩 2 投影。故「L² 是 c-数」**不成立**（v1 的猜测, 本段推翻）。
    但 ⟨H1[k]²⟩ = ⟨P_k⟩ 在各态上取值不同 ⇒ 判别力问题转到 ⟨P_k⟩ 上:
    态                                             ⟨P_k⟩ (k=0..)     √(Σ λ_k²⟨P_k⟩)       ‖L|ψ⟩‖(§B)   ⟨L²⟩−Σ λ_k²⟨P_k⟩
    uv 真空                    1.000000000  1.000000000  1.000000000  1.000000000       2.915476e+00     2.915476e+00       0.000000e+00
    cMERA 流末态 (χ=1)          1.000000000  1.000000000  1.000000000  1.000000000       2.915476e+00     2.915476e+00       1.456613e-13
    TFI 基态 (J=h=1)           1.000000000  1.000000000  1.000000000  1.000000000       2.915476e+00     2.915476e+00       7.815970e-14
    随机配对态 (对照)               0.543572473  0.619532369  0.674936743  0.550592996       2.369030e+00     2.281466e+00      -4.072167e-01
    末列 = **跨对模式项** Σ_(k≠k') λ_kλ_k'⟨H1[k]H1[k']⟩: 积态上为 0（故 rec 与 ‖L|ψ⟩‖ 逐位相同）;
    非积态上 ≠0 ⇒ 残差 3.7% **不是误差, 是该态确有跨对关联**, 如实登记、不修。

--- D · 对照: 换 A_rand（同范数, 离开该族）则不退化 ---
    A_pair: ‖L² − ⟨L²⟩·I‖_max = 3.188e+00   ⟨L²⟩(迹平均) = 4.250000
    A_rand: ‖L² − ⟨L²⟩·I‖_max = 1.391e+00   ⟨L²⟩(迹平均) = 4.250000
    （两者都非 c-数 ⇒ 差异不在这一条, 而在 §B/§C 的**态依赖**上。）

--- E · 结论（登记, 不包装）---
    1. 「离散格上不存在 k∂_k」**被实测推翻**: 配对型 L = Σ λ_k H1[k] 厄米（‖L−L†‖=0）且 ‖L|Ω⟩‖=2.9155≠0。
    2. 但该族**没有判别力**: 三个偶宇称积态（含 cMERA 流末态与 TFI 基态）读数逐位相同到 2.3e-15 ⇒ cMERA 末态与裸 UV 真空**不可区分**。
    3. 机制（实测, 非假设）: H1[k]² = P_k 是**秩 2 投影**, 该族态上 ⟨P_k⟩ = 1 ⇒ ‖L|ψ⟩‖ = √(Σ λ_k²) = 2.915476。
       ⚠️ v1 曾猜成「L² 是 c-数」, 被 C 段推翻（该记录保留在 docstring 与 C 段）。
    4. ⇒ 方向 D 的「有内容版」在口径 A 下**做不出内容**; 要做得有判别力, 必须离开 span{H1[k]}（A_rand 已验证: 那种 L 在三个态上读数**不**同）。
    5. 本条**不改变**任何已登记读数（`diagnostic_B` 的两行照登）。

    -> 负结论 **确认**   用时 64.2 s
    （Γ 稠密↔协变互核: ‖ΔΓ‖_max = 2.331e-15）
