=== v16 探针 4 · cMERA 玻色子基准复现 (K-1)  [v16-smoke-cmera4-3] ===
文献: arXiv:2104.01551v2   (纯玻色子 free scalar)
Lambda = 100.0, m = 1.0000, M = sqrt(L^2+m^2) = 100.005000
本探针不产出任何关于 TFI 的物理结论 —— 它只回答"机器能否复现已发表解析结果"。

--- A 部分: S6 <-> S7 解析一致性 ---

[A1] S6 的 f(k,u_IR) 与 S7 的 g(u) 是否互为积分/微分关系
     S6: f(k,u_IR) = (1/4) log( (k^2+m^2) / M^2 )
     S7: g(u) = (1/2) L^2 e^{2u} / (L^2 e^{2u} + m^2),  k = L e^u

     k/Lambda   S6 解析          数值积分 -I(k)     相对偏差        
     0.050      -1.48808596    -1.48808596    4.64e-13    
     0.200      -0.80411973    -0.80411973    1.60e-14    
     0.500      -0.34649861    -0.34649861    8.01e-16    
     0.900      -0.05267439    -0.05267439    2.63e-16    
     最差相对偏差 = 4.64e-13  -> 一致
     note: 文献 f 取 int^0_{u_IR}, 被积函数受 Theta 截断后等价于
           -int^0_{log(k/L)} g du。此符号关系是本探针**数值确认**的, 不是假定的。

--- B 部分: 2x2 协方差流 vs 精确基态两点函数 ---

[B1] 用 S7 的 g(u) 走流, 末态两点函数是否等于精确基态 1/(2w), w/2

     k/Lambda   <phi phi>_流    1/(2w)_精确      相对偏差        
     0.050      0.09805807     0.09805807     1.72e-09    
     0.200      0.02496881     0.02496881     3.22e-11    
     0.500      0.00999800     0.00999800     7.52e-13    
     0.900      0.00555521     0.00555521     1.87e-15    

     <pi pi> 最差相对偏差        = 1.72e-09
     纯高斯 A*B - C^2 - 1/4 最大偏离 = 4.44e-15  -> 保持
     -> 通过

--- C 部分: 稠密 Fock 独立实现 (k = 0.50 Lambda) ---

[C1] 约定自检 (不依赖任何记忆公式)
     ||[phi_k,pi_-k] - i*I||_F = 74.605630   截断解析预测 74.605630   相对差 0.00e+00
     ||( sqrt(M)phi_k + i pi_k/sqrt(M) )|Omega>|| = 1.11e-16   (应 ~0)   
     [c,c^dag] 对角元 min/max = -42.000000 / 2.000000   (截断, 应 ~[2, 2-2n])
     ||W - W^dag|| / ||W||          = 0.9818   (W = {phi_k,pi_-k} 单支, 非厄米)
     ||K - K^dag|| / ||K||          = 0.00e+00   (K = (1/2)g(W+W^dag), 厄米)
     <Omega|[phi_k,pi_-k]|Omega> = 0.0000000000 + 1.00e+00i   应 = i
     <Omega|phi_k phi_-k|Omega> = 0.0049997500  vs 1/(2M) = 0.0049997500  相对偏差 0.00e+00
     <Omega|pi_k  pi_-k |Omega> = 50.0024999375  vs   M/2 = 50.0024999375  相对偏差 0.00e+00
     |Omega> 在 Fock 截断边界的权重(截断误差指示) = 0.00e+00
     -> 通过

[C2] 稠密流: <phi phi> 是否走到精确基态 1/(2w)
     <phi_k phi_-k> = 0.0099980006  vs 1/(2w) = 0.0099980006   相对偏差 3.33e-09
     <pi_k  pi_-k > = 25.0049994168  vs   w/2  = 25.0049995001   相对偏差 3.33e-09
     -> 通过

[C3] g_uu 三路对照 (S5 内积 / S5b 方差 / S5c g^2)

     u          S5 内积          S5b 方差         S5c g^2       
     -0.6917    2.498003e-01   2.498007e-01   2.498007e-01  
     -0.5531    2.498486e-01   2.498489e-01   2.498489e-01  
     -0.4144    2.498852e-01   2.498855e-01   2.498855e-01  
     -0.2758    2.499129e-01   2.499132e-01   2.499132e-01  
     -0.1372    2.499339e-01   2.499342e-01   2.499342e-01  
     -0.0014    2.499495e-01   2.499499e-01   2.499499e-01    <- 末步

     S5b 方差 / g^2 : 均值 1.000000  相对标准差 1.17e-15
     S5  内积 / g^2 : 均值 0.999999  相对标准差 1.10e-09
     note: 比值若为常数, 说明三条定义只差一个与 u 无关的归一化因子;
           该因子由 K 的归一化约定决定, 是**实测**得到的, 不是假定的。
     -> 三路 g_uu 互成比例 (比值 u-无关)

=== 判定 ===
    A  S6 <-> S7 解析一致性         : 通过
    B  2x2 协方差流 vs 精确两点函数   : 通过
    C  稠密 Fock 独立实现 + g_uu 三路 : 通过

用时: 62.4 s
K-1 玻色子基准: 复现成功 —— 机器可用, 可以进入费米子版。
边界: 这是**机器校准**, 不是物理结论; 玻色子基准不上我们的格点。
