============================================================================
v16.5 · D12 —— 能谱族的「O(1/L) 有限尺寸修正」归因检验
  J=1.0, h=1.0；纯 ED，**不碰 MERA**；不进 runner
============================================================================

-- 阶段 A: 复现登记值 (L=8..16) --
[v15·W3b] 谱学中心荷 (能谱族, 独立于纠缠谱)
  e_inf = -1.2732445447 (解析 -4/pi = -1.2732395447, 偏差 5.0e-06)
    L           E0       E1-E0       E2-E0    ratio      解析比   v_meas   c_spec     偏差%
    8   -10.251662    0.196983    1.560723   7.9231   7.9231   2.0065  0.50034   0.068
   10   -12.784906    0.157403    1.251476   7.9508   7.9508   2.0041  0.49994   0.013
   12   -15.322595    0.131087    1.044210   7.9658   7.9658   2.0029  0.49960   0.080
   14   -17.862809    0.112318    0.895716   7.9748   7.9748   2.0021  0.49928   0.145
   16   -20.404594    0.098254    0.784137   7.9807   7.9807   2.0016  0.49894   0.212
  判读: E1 逐点等于 R 扇区真空 (Delta1=1/8)? 是; E2 逐点等于 NS 双粒子 (Delta2=1)? 是
  比值 (E2-E0)/(E1-E0): 7.9231 (L=8) -> 7.9807 (L=16), 单调趋 8; v 无关, 故这是算符内容的独立指纹。
  c = 12*Delta1*(e_inf*L-E0)/(E1-E0): L=8..16 读数落在 [0.49894, 0.50034], 对 0.5 最大偏差 0.212%
    **不随 L 单调收敛**: 两端分别是 0.50034 (L=8) 与 0.49894 (L=16), L=16 反而是最差点。残差是 O(1/L) 有限尺寸修正,
    所以这条只能说'读数与 0.5 相容到 0.21%', **不能**说'外推到 0.5'。对照纠缠谱族的 Rényi 扫描: 偏差 7.97%。
  诚实边界: 本条以算符内容 Delta1=1/8 为前提, 不是无假设的 c 测量; 换的是数据与函数形式, 不是'不需要先验'。

  复现自检（对 _runall_v16.3_r1.log:412-416）:
    max|ratio - 登记| = 4.884e-05  (<= 5e-05)  OK
    max|c_spec - 登记| = 4.940e-06  (<= 5e-05)  OK
    |e_inf - 登记|     = 2.862e-11  (<= 5e-10)  OK   (登记偏差 5.0e-06)

-- 阶段 B: 扩 L --
[v15·W3b] 谱学中心荷 (能谱族, 独立于纠缠谱)
  e_inf = -1.2732445447 (解析 -4/pi = -1.2732395447, 偏差 5.0e-06)
    L           E0       E1-E0       E2-E0    ratio      解析比   v_meas   c_spec     偏差%
   18   -22.947426    0.087322    0.697246   7.9848   7.9848   2.0013  0.49858   0.284
  判读: E1 逐点等于 R 扇区真空 (Delta1=1/8)? 是; E2 逐点等于 NS 双粒子 (Delta2=1)? 是
  比值 (E2-E0)/(E1-E0): 7.9848 (L=18) -> 7.9848 (L=18), 单调趋 8; v 无关, 故这是算符内容的独立指纹。
  c = 12*Delta1*(e_inf*L-E0)/(E1-E0): L=18..18 读数落在 [0.49858, 0.49858], 对 0.5 最大偏差 0.284%
    **不随 L 单调收敛**: 两端分别是 0.49858 (L=18) 与 0.49858 (L=18), L=16 反而是最差点。残差是 O(1/L) 有限尺寸修正,
    所以这条只能说'读数与 0.5 相容到 0.28%', **不能**说'外推到 0.5'。对照纠缠谱族的 Rényi 扫描: 偏差 7.97%。
  诚实边界: 本条以算符内容 Delta1=1/8 为前提, 不是无假设的 c 测量; 换的是数据与函数形式, 不是'不需要先验'。
  L=18: 建 H + eigsh 用时 6.99 s  峰值 RSS 157 MB   ratio=7.9848  c_spec=0.49858
[v15·W3b] 谱学中心荷 (能谱族, 独立于纠缠谱)
  e_inf = -1.2732445447 (解析 -4/pi = -1.2732395447, 偏差 5.0e-06)
    L           E0       E1-E0       E2-E0    ratio      解析比   v_meas   c_spec     偏差%
   20   -25.490990    0.078580    0.627673   7.9877   7.9877   2.0010  0.49819   0.361
  判读: E1 逐点等于 R 扇区真空 (Delta1=1/8)? 是; E2 逐点等于 NS 双粒子 (Delta2=1)? 是
  比值 (E2-E0)/(E1-E0): 7.9877 (L=20) -> 7.9877 (L=20), 单调趋 8; v 无关, 故这是算符内容的独立指纹。
  c = 12*Delta1*(e_inf*L-E0)/(E1-E0): L=20..20 读数落在 [0.49819, 0.49819], 对 0.5 最大偏差 0.361%
    **不随 L 单调收敛**: 两端分别是 0.49819 (L=20) 与 0.49819 (L=20), L=16 反而是最差点。残差是 O(1/L) 有限尺寸修正,
    所以这条只能说'读数与 0.5 相容到 0.36%', **不能**说'外推到 0.5'。对照纠缠谱族的 Rényi 扫描: 偏差 7.97%。
  诚实边界: 本条以算符内容 Delta1=1/8 为前提, 不是无假设的 c 测量; 换的是数据与函数形式, 不是'不需要先验'。
  L=20: 建 H + eigsh 用时 32.68 s  峰值 RSS 17 MB   ratio=7.9877  c_spec=0.49819
  => 用时 32.68 s > T_EXT_MAX=8.0 s ⇒ **停在 L=20，不再往上**
  实际扩展到的 L: [18, 20]（L=22 一律不做：全仓无锚）

-- 阶段 C: 归因判据 --
  拟合集 = 登记 4 点 L=(10, 12, 14, 16)（新点**未参与拟合**）
  线性模型 c=a+b*L : a=5.015896e-01 b=-1.655685e-04
  倒数模型 c=a+b/L : a=0.497366 b=0.026111
    L=18  实测 c=0.498581  线性预测=0.498609  倒数预测=0.498817
    L=20  实测 c=0.498194  线性预测=0.498278  倒数预测=0.498672
  err_lin = 8.425e-05   err_inv = 4.778e-04   (PRED_TOL=1e-05)
  |c-0.5|: L=16 是 1.061e-03；新点全部增大

-- 逐 L 汇总（登记点 + 新点）--
    L      ratio     c_spec      |c-0.5|
    8     7.9231    0.50034    3.388e-04
   10     7.9508    0.49994    6.489e-05
   12     7.9658    0.49960    4.008e-04
   14     7.9748    0.49928    7.249e-04
   16     7.9807    0.49894    1.061e-03
   18     7.9848    0.49858    1.419e-03
   20     7.9877    0.49819    1.806e-03

-- 落支 --
  落支 = **F-其他**
  两模型都不中，且 |c-0.5| 不单调回落 ⇒ 如实登记，不强行归类
  **升级预期：无。L2 维持 A**（本任务判归因，不提高拟合质量）

[D12] 隔离自检：未调用 metric_spectral_central_charge / 未碰 MERA；未动既有读数。
用时：门面 import 40.5 s + 计算 42.3 s = 总计 82.8 s
============================================================================
