============================================================================
v16.5 · D13 —— Rényi 失败归因「L=16 的有限尺寸压不住」检验
  J=1.0, h=1.0；不进 runner；不动分母
  代码自己的门槛: DEV_TRUE_MAX=0.05, STD_MAX=0.02
============================================================================

-- 阶段 A: 复现登记值 (L=16) --
  复现自检（对 checks.py:159-160）:
    max|c(alpha) - 登记| = 4.016e-06  (<= 5e-05)  OK
    |mean - 0.53986|     = 3.627e-06  OK
    |std  - 0.02252|     = 3.393e-06  OK
    |dev  - 0.0797 |     = 2.725e-05  (<= 0.0001)  OK

-- 阶段 B: 扩 L --
  L=18: 用时 4.32 s   mean=0.53866  std=0.02241  dev=7.7321%  validated=False
  L=20: 用时 20.38 s   mean=0.53786  std=0.02232  dev=7.5712%  validated=False

-- 逐 L 汇总 --
    L       mean        std       dev%  valid
   16    0.53986    0.02252     7.9727  False
   18    0.53866    0.02241     7.7321  False
   20    0.53786    0.02232     7.5712  False

  新 L 上最小的 dev = 7.5712%（L=16 是 7.9727%）；最小的 std = 0.02232

-- 落支 --
  落支 = **R-不收缩**
  dev 在新 L 上仍 > 0.05 ⇒ 登记归因「L=16 的有限尺寸压不住」**错**；真实原因是 alpha 依赖本身
  ⇒ 须并存订正 `checks.py:163-164` 的 docstring（原文一字不删，追加一行）
  **升级预期：无。L2 维持 A**；生产登记仍是 L=16 的 validated=False

[D13] 隔离自检：未调用 metric_* / 未碰 MERA；未动既有读数与分母。
用时：门面 import 9.8 s + 计算 25.7 s = 总计 35.4 s
============================================================================
