============================================================================
v16.4 · δ-a —— JW 约定（序 / 边界扇区）承重吗？
  L=4, J=1, h=1（同 D5 格点；只用 16 维，不碰 256）
============================================================================

-- 三个能量 --
  E_ED (自旋侧稀疏对角化)        = -5.226251859506
  E_NS (JW, NS 扇区 pi(2k+1)/L)  = -5.226251859506   差 8.882e-16
  E_R  (JW, 周期扇区 2*pi*k/L)   = -4.828427124746   差 3.978e-01

  [1] 一致性   |E_NS-E_ED|=8.882e-16 <= 1e-09  OK
      （复现 v16 登记的「吻合到 10 位」）
  [2] 扇区承重 |E_R -E_ED|=3.978e-01 >  1e-09  OK   （牙齿判据）
      => 只有 NS 对上基态 => 边界扇区**由物理定**，不是可自由选的

  [3] 序约定   max|P H P^T - H| = 0.000e+00 <= 1e-12  OK
      靶: core.py:533-534 逐字「二者由环的反射对称性联系, 本征值完全相同,
      已实测一致到 7e-15」—— 那条是**本征值**级，本条是**算子**级，更强。

  [4] 活反事实 打坏 H（去掉绕回键）后 E0 = -4.758770483144   差 4.675e-01  OK
      => 打坏了就不相等 => **这套检验有牙齿**（不是"怎么算都一样"）

-- 重言的自证：下游读出根本不看 JW --
  S(L/2) 由**自旋侧**基态算出 = 0.5218690152
  它不含任何 JW 约定输入 => 换 JW 约定**在结构上**不可能改变它。

-- 落支 --
  落支 = **δ-重言**
  => JW 约定的**序**可自由变更而读数不变；唯一非平凡的部分
     （**边界扇区**）由物理定（只有 NS 对上基态）
     => **它不是可自由选的自由度**。
  [自限 1] 本条「不变」是**构造性重言**（自旋侧不含 JW）=> 与 D7 `S-重言`
     同形，**登记一条重言式，不缩小缺口**。
  [自限 2] 本脚本**到不了 `δ-坐实` 支** —— 那需要一条合法约定给出不同读数，
     而自旋侧读数结构上不可能因 JW 约定而变。**该支未扫，如实登记。**

[δ-a] 隔离自检：未调用 stage2_critical_break / 未接主调用；未动既有读数。
用时：门面 import 8.1 s + 本计算 0.0 s = 总计 8.2 s
============================================================================
