============================================================================
v16.4 · γ · D10 —— L1 的下游读出（隔离通路）
  L=16, J=1.0, h/J=1.0（生产阶段二口径）
  预登记: DP-9 读 S(L/2); DP-8 只作诊断; TAU_STAR=0.784137
  预登记落支判据: rel > 0.001 ⇒ N-下游; 否则 N-不敏感
============================================================================

[D10-c] 本脚本**代码**里的 kron 调用数（AST 计数）= 0

── A 段 · 复现登记的生产读数 ──
  E0/L     实算 -1.275287  登记 -1.275287  |diff|=1.55e-07  OK
  S(L/2)   实算 0.750055  登记 0.750100  |diff|=4.46e-05  OK
  pol      实算 250.672607  登记 250.673000  |diff|=3.93e-04  OK
  gap      实算 0.366151  登记 0.366151  |diff|=4.03e-07  OK
  标定: half_entropy(gs) = 0.750055397274  vs stage2.entropy = 0.750055397274  |diff|=3.33e-16  OK
  A 段结论: 全部吻合

── D10-a · L1 局部态经阶段二算子后的下游读出 ──
  L1 局部态: d=2, equal_state = [(0.707107+0j), (0.707107+0j)]
  通路构造: 逐点相乘展平, 维数 65536 = 2^16, ‖psi0‖=1.000000000000
  τ* = 0.784137（= 1/|E0/L|, 预登记）
  S(L/2) | τ* 正确态 = 0.5090065518
  S(L/2) | τ* 错态   = 0.7150567405
  rel = |ΔS|/max = 2.881592e-01   (判据 > 0.001)

  ── 旁证（不参与判定）: τ 网格上的 S(L/2) ──
           τ   τ/τ*            正确态             错态          rel
    0.196034   0.25   0.1827184066   0.5224084451   6.5024e-01
    0.392069   0.50   0.3391810170   1.0877195207   6.8817e-01
    0.784137   1.00   0.5090065518   0.7150567405   2.8816e-01
    1.568274   2.00   0.6533917346   0.7506543624   1.2957e-01
    3.136549   4.00   0.7309017112   0.7625733468   4.1533e-02

  τ→0  端点: S(L/2) = -0.0000000000  (乘积态应为 0)
  τ→∞  端点: 登记基态 S(L/2) = 0.7501 —— 演化终态应当趋近它

  数值事实: ‖exp(-τH)ψ0‖ ~ e^(τ·|E0|), |E0|=20.4046 ⇒ τ > 34.79 溢出双精度（与判据无关）
    τ=    10: max|v|=5.063e+87  |<gs|v/‖v‖>|=0.9999999365  S(L/2)=0.7499856826
    τ=    20: max|v|=2.092e+176  |<gs|v/‖v‖>|=1.0000000000  S(L/2)=0.7500553699
    τ=    30: max|v|=8.641e+264  |<gs|v/‖v‖>|=1.0000000000  S(L/2)=0.7500553973

── 落支 ──
  落支 = **N-下游**
  ⚠️ 无论哪一支，登记必须带这条限定：逐点相乘展平后的 psi0 与 np.kron
     递推的结果**数值等同** ⇒「不共用构造」只在**构造写法**上成立；
     实质差别在**读出量**（下游 S(L/2) vs 与 gs 的内积）。

[D10] 隔离自检：本脚本未调用 stage2_critical_break(void_state=...)，未接主调用。
总用时 42.4 s
============================================================================
