=== v16-smoke-l4-mmi-L-1 · L4: 临界点上把 I3 接到 L 扫描, h=1, J=1 ===
    口径: 生产同源估计量 mmi_tripartite + boundary_correlation_length/_fit_length + metric_correlation_exponent;
    不进 runner, 不加守卫, 不动分母 (DP-2), 不改任何登记值。
    ⚠️ **本表与 D1 的 h 扫描表是两张表** (§3.4) —— 不许合并、不许互引为独立证据。

--- 0 · 生产配置回显 + 生产者/消费者网格一致性 ---
    L 网格 = [8, 10, 12, 14, 16, 18]  (逐项同 `_model/checks.py:455` 的 L_list)
    消费者 `metric_finite_size_scaling` (`_metric/extras.py:422`) 只做
      `rows = fss['rows']`, **自己不跑对角化** => 网格由构造相同。
    已登记 `fss_L_list` = [8, 10, 12, 14, 16, 18] (`_v16_data.json` 行 75630)
      => 与生产者 L_list **逐项相同** => **网格一致, 无需对齐**。
    合法宽度 w (3w < L): L=8->[1, 2], L=10->[1, 2, 3], L=12->[1, 2, 3], L=14->[1, 2, 3, 4], L=16->[1, 2, 3, 4], L=18->[1, 2, 3, 4]
    S1/S2/S3 的参考分量 w = 1 (唯一在整条网格上合法)

--- A · 对齐校验 (自校验, 必须先过) ---
    ... 逐 L 建态 + 测 xi/c

    A1 逐 L 的 xi/L 与 c 对齐已登记表 (`_v16_data.json` 行 75638-75653)
         L |          xi              xi/L 实算              xi/L 登记    |diff| |       c 实算    |diff| |  |E0-E_jw|
         8 |    13.31836   1.6647944526783891   1.6647944526783813  7.77e-15 |   0.513406  4.77e-15 |   1.78e-15
        10 |    14.68930   1.4689297809618431   1.4689297809618247  1.84e-14 |   0.510964  1.44e-15 |   1.07e-14
        12 |    16.18345   1.3486205663179920   1.3486205663180151  2.31e-14 |   0.509314  9.99e-16 |   7.11e-15
        14 |    17.73403   1.2667163704695008   1.2667163704694560  4.49e-14 |   0.508121  1.85e-14 |   1.42e-14
        16 |    19.31356   1.2070977917904404   1.2070977917904357  4.66e-15 |   0.507217  2.55e-15 |   1.07e-14
        18 |    20.90895   1.1616085336867521   1.1616085336867574  5.33e-15 |   0.506507  1.49e-14 |   3.55e-15
    [PASS] 逐 L 的 xi/L 对齐已登记 fss_xi_over_L (对不上 => 停, 查复现)  -- max|diff| = 4.485e-14
    [PASS] 逐 L 的 c 对齐已登记 fss_c_by_L  -- max|diff| = 1.854e-14
    [PASS] 逐 L 的 Jordan-Wigner 独立核对 (查的是 H 的构造, 不是 eigsh 的收敛)  -- max|E0 - E_jw| = 1.421e-14

    A2 多窗口 xi 逐 L (小 L 上长窗合法点数 < 3 => NaN, **照登不插值**)
         L |    xi[1-3]    xi[4-8]     xi[全窗] |  xi[1-3]/L  xi[4-8]/L   xi[全窗]/L
         8 |     9.5599        nan    13.3184 |     1.1950        nan     1.6648
        10 |     8.7218        nan    14.6893 |     0.8722        nan     1.4689
        12 |     8.3362    56.1593    16.1834 |     0.6947     4.6799     1.3486
        14 |     8.1231    49.3326    17.7340 |     0.5802     3.5238     1.2667
        16 |     7.9918    46.9139    19.3136 |     0.4995     2.9321     1.2071
        18 |     7.9048    38.0473    20.9090 |     0.4392     2.1137     1.1616

    A3 L=16 行复现 G8 登记值 (`_runall.log:956`) —— **本方向的对照段**
         w |         I3 实算         I3 登记     |diff|
         1 |    0.19406810    0.19406800   9.93e-08
         2 |    0.21663306    0.21663300   5.57e-08
         3 |    0.22484613    0.22484600   1.28e-07
         4 |    0.22972338    0.22972300   3.80e-07
    [PASS] L=16 行的 I3(w=1..4) 复现 G8 登记值 (1e-6 内)  -- max|diff| = 3.803e-07
    [PASS] L=16 行的 I3 自校验 (SSA / 纯度) 成立  -- ssa_min = 4.663e-01, purity_max = 6.661e-16
    A 段用时 8.21 s

--- B1 · 2D (幂律/共形拟合, 附带产出) ---
      L |         2D      eta朴素 |  |2D-0.25|
      8 |   0.236928    0.19232 |   0.013072
     10 |   0.239121    0.19706 |   0.010879
     12 |   0.240634    0.20041 |   0.009366
     14 |   0.241745    0.20292 |   0.008255
     16 |   0.242598    0.20489 |   0.007402
     18 |   0.243276    0.20648 |   0.006724
    ⚠️ 这是**临界性本身**的读数, **与 MMI 无关** —— 必须与 I3 的结论**分列** (§3.3 附带产出)。

============================================================================
  ***** L 网格冻结线 —— 以下算 I3 *****
  冻结的网格: L = [8, 10, 12, 14, 16, 18], h = 1 (临界点), J = 1
============================================================================

--- B2 · I3 侧 ---
    [PASS] L=8 的 I3 自校验 (SSA/纯度) 成立  -- ssa_min = 4.679e-01, purity_max = 2.220e-16
    [PASS] L=10 的 I3 自校验 (SSA/纯度) 成立  -- ssa_min = 4.672e-01, purity_max = 3.331e-16
    [PASS] L=12 的 I3 自校验 (SSA/纯度) 成立  -- ssa_min = 4.668e-01, purity_max = 2.220e-16
    [PASS] L=14 的 I3 自校验 (SSA/纯度) 成立  -- ssa_min = 4.665e-01, purity_max = 1.110e-15
    [PASS] L=16 的 I3 自校验 (SSA/纯度) 成立  -- ssa_min = 4.663e-01, purity_max = 6.661e-16
    [PASS] L=18 的 I3 自校验 (SSA/纯度) 成立  -- ssa_min = 4.661e-01, purity_max = 1.554e-15

--- B2b · 参考分量 (w=1) 符号的可重复性 (读数可信度, **不是判据**; 每 L 额外 2 次独立 eigsh) ---
      L |       逐分量极差 |        参考符号可重复
      8 |    9.99e-16 |              是
    [PASS] L=8 的参考分量 I3(w=1) 符号在 2 次独立 eigsh 下不变  -- 逐分量极差 = 9.99e-16
     10 |    3.55e-15 |              是
    [PASS] L=10 的参考分量 I3(w=1) 符号在 2 次独立 eigsh 下不变  -- 逐分量极差 = 3.55e-15
     12 |    2.44e-15 |              是
    [PASS] L=12 的参考分量 I3(w=1) 符号在 2 次独立 eigsh 下不变  -- 逐分量极差 = 2.44e-15
     14 |    1.07e-14 |              是
    [PASS] L=14 的参考分量 I3(w=1) 符号在 2 次独立 eigsh 下不变  -- 逐分量极差 = 1.07e-14
     16 | (A3 已测, 见上)
     18 |    1.63e-14 |              是
    [PASS] L=18 的参考分量 I3(w=1) 符号在 2 次独立 eigsh 下不变  -- 逐分量极差 = 1.63e-14

--- C · 联合表 (xi/L 与 I3 同页) + S1/S2/S3 判定 ---
    非法宽度槽位印 `-` (3w >= L, 越界/退化的定义域外), **不插值、不冒充**。
    趋势 = I3(w_max) - I3(1); w_max 逐行标注 (L>=14 时 w_max=4, 与计划一致)。

      L |      xi/L  xi[1-3]/L  xi[4-8]/L       2D |      I3(w=1)      I3(w=2)      I3(w=3)      I3(w=4) |    符号 w_max           趋势
      8 |    1.6648     1.1950        nan   0.2369 |    2.004e-01    2.274e-01        n/a          n/a   |     +     2   +2.698e-02
     10 |    1.4689     0.8722        nan   0.2391 |    1.974e-01    2.244e-01    2.135e-01        n/a   |     +     3   +1.608e-02
     12 |    1.3486     0.6947     4.6799   0.2406 |    1.957e-01    2.208e-01    2.293e-01        n/a   |     +     3   +3.352e-02
     14 |    1.2667     0.5802     3.5238   0.2417 |    1.947e-01    2.183e-01    2.275e-01    2.243e-01 |     +     4   +2.956e-02
     16 |    1.2071     0.4995     2.9321   0.2426 |    1.941e-01    2.166e-01    2.248e-01    2.297e-01 |     +     4   +3.566e-02
     18 |    1.1616     0.4392     2.1137   0.2433 |    1.936e-01    2.154e-01    2.227e-01    2.285e-01 |     +     4   +3.491e-02

    量级 (与符号**同页**; 缺了它, 一个 +1e-7 会被读成与 +7e-3 等价):
      L= 8: min|I3| = 2.00e-01,  max|I3| = 2.27e-01,  参考 |I3(w=1)| = 2.00e-01
      L=10: min|I3| = 1.97e-01,  max|I3| = 2.24e-01,  参考 |I3(w=1)| = 1.97e-01
      L=12: min|I3| = 1.96e-01,  max|I3| = 2.29e-01,  参考 |I3(w=1)| = 1.96e-01
      L=14: min|I3| = 1.95e-01,  max|I3| = 2.27e-01,  参考 |I3(w=1)| = 1.95e-01
      L=16: min|I3| = 1.94e-01,  max|I3| = 2.30e-01,  参考 |I3(w=1)| = 1.94e-01
      L=18: min|I3| = 1.94e-01,  max|I3| = 2.29e-01,  参考 |I3(w=1)| = 1.94e-01

    --- S1/S2/S3 判定 (口径见文件头, 先于数据写死) ---
    a_L = |I3(L, w=1)| = ['2.004e-01', '1.974e-01', '1.957e-01', '1.947e-01', '1.941e-01', '1.936e-01']
    b_L = xi/L            = ['1.6648', '1.4689', '1.3486', '1.2667', '1.2071', '1.1616']
    a_L 单调方向 = -1 (0 = 非单调),  b_L 单调方向 = -1
    => **S1 成立 (同源)**: a_L 与 b_L **各自单调且同向** =>
       「**I3 的量级由 xi/L 支配, 而非由 L 支配**」。
       ⚠️ 与 D1 的机理**同源** => 两条方向**必须合并解读**,
          **不许当作两条独立证据** (§3.3)。

    S2 窗 L in [12, 14, 16, 18]: 符号集合 = ['+'], max/min |I3(w=1)| = 1.011 (门槛 <= 3.0)
    => **S2 成立 (尺度稳定的违反)**: 符号不变且量级稳定。

    S3: I3(L, w=1) 的符号集合 = ['>0']
    => S3 不成立: I3(L, w=1) 在整条网格上符号不变。

    **落支汇总: ['S1', 'S2']**

--- 附带产出 · 2D 的 L 依赖 (**与 MMI 无关, 必须分列**) ---
    L >= 12 的 2D = ['0.240634', '0.241745', '0.242598', '0.243276']
    对解析值 0.25 的偏差 = ['9.37e-03', '8.26e-03', '7.40e-03', '6.72e-03']
    单调方向 = +1 (对 0.25 的距离: L=12 的 9.37e-03 -> L=18 的 6.72e-03, 在减小)
    若它稳定趋近 0.25, 那是**临界性本身**的正面读数, **不是** MMI 的证据 (§3.3)。

--- 天花板 (与结果同页, 不许省) ---
    1. MMI 成立只是**必要**条件 —— 通过 != RT 被验证, 更 != 「涌现时空」
       (B2 硬边界 `spiral_model_v16.py:52-53`)。
    2. 本表是 **L 扫描表 (h=1.0 固定)**; D1 那张是 **h 扫描表 (L=16 固定)**。
       **两张表不许合并**, 也不许互引为独立证据; 若 S1 判同源, 只在**结论段**合并说明。
    3. 成熟度**不动**: L4 仍是 C (audit :75)。
    4. 本冒烟**未加任何守卫 / 指标条目**, 分母 78 / 27 / 13 不变 (DP-2)。
    5. `2D` 一列属**附带产出**, 与 `I3` 分列; 小 L 的多窗口 xi 印 NaN 是定义域所限。

=== 结果: 自校验 通过; 累计用时 20.4 s ===
