=== v16-smoke-l4-mmi-L-1 · L4: 临界点上把 I3 接到 L 扫描, h=1, J=1 ===
    口径: 生产同源估计量 mmi_tripartite + boundary_correlation_length/_fit_length + metric_correlation_exponent;
    不进 runner, 不加守卫, 不动分母 (DP-2), 不改任何登记值。  [--xi-only: 只测 xi/c/2D, 不算 I3]
    ⚠️ **本表与 D1 的 h 扫描表是两张表** (§3.4) —— 不许合并、不许互引为独立证据。

--- 0 · 生产配置回显 + 生产者/消费者网格一致性 ---
    L 网格 = [8, 10, 12, 14, 16, 18]  (逐项同 `_model/checks.py:455` 的 L_list)
    消费者 `metric_finite_size_scaling` (`_metric/extras.py:422`) 只做
      `rows = fss['rows']`, **自己不跑对角化** => 网格由构造相同。
    已登记 `fss_L_list` = [8, 10, 12, 14, 16, 18] (`_v16_data.json` 行 75630)
      => 与生产者 L_list **逐项相同** => **网格一致, 无需对齐**。
    合法宽度 w (3w < L): L=8->[1, 2], L=10->[1, 2, 3], L=12->[1, 2, 3], L=14->[1, 2, 3, 4], L=16->[1, 2, 3, 4], L=18->[1, 2, 3, 4]
    S1/S2/S3 的参考分量 w = 1 (唯一在整条网格上合法)

--- A · 对齐校验 (自校验, 必须先过) ---
    ... 逐 L 建态 + 测 xi/c

    A1 逐 L 的 xi/L 与 c 对齐已登记表 (`_v16_data.json` 行 75638-75653)
         L |          xi              xi/L 实算              xi/L 登记    |diff| |       c 实算    |diff| |  |E0-E_jw|
         8 |    13.31836   1.6647944526783891   1.6647944526783813  7.77e-15 |   0.513406  4.77e-15 |   1.78e-15
        10 |    14.68930   1.4689297809618431   1.4689297809618247  1.84e-14 |   0.510964  1.44e-15 |   1.07e-14
        12 |    16.18345   1.3486205663179920   1.3486205663180151  2.31e-14 |   0.509314  9.99e-16 |   7.11e-15
        14 |    17.73403   1.2667163704695008   1.2667163704694560  4.49e-14 |   0.508121  1.85e-14 |   1.42e-14
        16 |    19.31356   1.2070977917904404   1.2070977917904357  4.66e-15 |   0.507217  2.55e-15 |   1.07e-14
        18 |    20.90895   1.1616085336867521   1.1616085336867574  5.33e-15 |   0.506507  1.49e-14 |   3.55e-15
    [PASS] 逐 L 的 xi/L 对齐已登记 fss_xi_over_L (对不上 => 停, 查复现)  -- max|diff| = 4.485e-14
    [PASS] 逐 L 的 c 对齐已登记 fss_c_by_L  -- max|diff| = 1.854e-14
    [PASS] 逐 L 的 Jordan-Wigner 独立核对 (查的是 H 的构造, 不是 eigsh 的收敛)  -- max|E0 - E_jw| = 1.421e-14

    A2 多窗口 xi 逐 L (小 L 上长窗合法点数 < 3 => NaN, **照登不插值**)
         L |    xi[1-3]    xi[4-8]     xi[全窗] |  xi[1-3]/L  xi[4-8]/L   xi[全窗]/L
         8 |     9.5599        nan    13.3184 |     1.1950        nan     1.6648
        10 |     8.7218        nan    14.6893 |     0.8722        nan     1.4689
        12 |     8.3362    56.1593    16.1834 |     0.6947     4.6799     1.3486
        14 |     8.1231    49.3326    17.7340 |     0.5802     3.5238     1.2667
        16 |     7.9918    46.9139    19.3136 |     0.4995     2.9321     1.2071
        18 |     7.9048    38.0473    20.9090 |     0.4392     2.1137     1.1616

    A3 I3 复现: **--xi-only 模式跳过** (不算 I3)
    A 段用时 5.98 s

--- B1 · 2D (幂律/共形拟合, 附带产出) ---
      L |         2D      eta朴素 |  |2D-0.25|
      8 |   0.236928    0.19232 |   0.013072
     10 |   0.239121    0.19706 |   0.010879
     12 |   0.240634    0.20041 |   0.009366
     14 |   0.241745    0.20292 |   0.008255
     16 |   0.242598    0.20489 |   0.007402
     18 |   0.243276    0.20648 |   0.006724
    ⚠️ 这是**临界性本身**的读数, **与 MMI 无关** —— 必须与 I3 的结论**分列** (§3.3 附带产出)。

============================================================================
  [--xi-only] 未计算任何 I3 (L=16 的 G8 复现也未做)。
============================================================================

=== 结果: xi/c/2D 侧完成; 累计用时 6.0 s ===
