=== v16-smoke-l4-mmi-h-1 · L4: 给 G8 补检验力 (h 扫描), L=16, J=1 ===
    口径: 生产同源估计量 mmi_tripartite + boundary_correlation_length/_fit_length;
    不进 runner, 不加守卫, 不动分母 (DP-2), 不改任何登记值。

--- 0 · 生产配置回显 ---
    L=16 (固定), J=1 (固定), h 网格 = [1.0, 1.2, 1.5, 2.0, 3.0]
    对照档 h=1.0 即 `_metric/main.py` 里 G8 的生产配置 exact_ground_state(16, 1, 1.0)
    I3 估计量: mmi_tripartite (G8 亲自调它, `_metric/main.py:191`)
    xi 估计量: boundary_correlation_graph -> boundary_correlation_length -> _fit_length
    多窗口: ('1-3', '4-8', 'full')  (依据 `_v16_data.json:74791`: 换窗口 xi 变 ~6 倍)

--- A · 对照档 h=1.0: 复现 G8 登记值 (自校验, 必须先过) ---
    xi(全窗) = 19.313565   (登记 `_v16_run.log:429`: 19.314)
    [PASS] xi(全窗, L=16, h=1.0) 复现登记值 19.314  —— |19.313565 - 19.314| = 4.35e-04

    A1 分箱复刻件(全窗) = 19.313564668647
       真边界关联长度     = 19.313564668647   [boundary_correlation_length(C, L)]
    [PASS] 分箱复刻件与 boundary_correlation_length 逐位一致 (多窗口的许可证)  —— |diff| = 0.000e+00

    A2 多窗口 (登记对照 `_v16_data.json:74791`: d in [1,3] -> 7.99, d in [4,8] -> 46.91)
    [PASS] xi(d in [1,3]) 复现 7.99  —— 实算 7.9918
    [PASS] xi(d in [4,8]) 复现 46.91  —— 实算 46.9139
    => 同一态同一份 C, 换窗口 xi 在 7.99 ~ 46.91 之间摆 5.87 倍 ——
       **单窗口的 xi 撑不起 `xi/L << 1` 的断言**。

    A3 I3 主读数 (登记 `_runall.log:956`)
         w |         I3 实算         I3 登记     |diff|
         1 |    0.19406810    0.19406800   9.93e-08
         2 |    0.21663306    0.21663300   5.57e-08
         3 |    0.22484613    0.22484600   1.28e-07
         4 |    0.22972338    0.22972300   3.80e-07
    [PASS] I3(w=1..4) 复现 G8 登记值 (1e-6 内)  —— max|diff| = 3.803e-07
    [PASS] I3 自校验 (SSA / 纯度) 成立  —— ssa_min = 4.663e-01, purity_max = 7.772e-16  (**自校验不是判据**: SSA 是定理, 物理上不可能失败)
    A 段用时 1.22 s

--- B1 · xi 侧 (先测; 此时一行 I3 都还没有算出来) ---
    ... h=1.2 建态 + 测 xi
    ... h=1.5 建态 + 测 xi
    ... h=2 建态 + 测 xi
    ... h=3 建态 + 测 xi

        h |   xi[1-3]   xi[4-8]    xi[全窗]             E0 |    2D(CFT拟合)    eta朴素 |     建态用时
     1.00 |    7.9918   46.9139   19.3136  -20.404594475 |     0.242598   0.2049 |    0.91s
     1.20 |    2.8169    8.4136    4.9395  -22.719476847 |     0.866300   0.7424 |    0.84s
     1.50 |    1.6184    3.0985    2.2695  -26.751073764 |     1.763266   1.5264 |    0.88s
     2.00 |    1.0884    1.6217    1.3451  -34.033424993 |     2.844232   2.4763 |    0.91s
     3.00 |    0.7519    0.9687    0.8629  -49.342861616 |     4.297396   3.7530 |    0.77s
    ⚠️ 2D 是**共形形式**的拟合 (`metric_correlation_exponent`, 用 (pi/L)/sin(pi r/L))。
       它作为 Delta_sigma = 1/8 的读数**只在临界点 (h=1) 有物理意义**;
       h != 1 时该态有能隙, 这个拟合值**不是标度维** —— 照登,
       但不得当成「2D 随 h 变化」的物理结论。

============================================================================
  ***** 网格冻结线 —— 以下开始算 I3, 网格自此冻结 (v16.3_plan §2.3) *****
  冻结的网格: h = [1.0, 1.2, 1.5, 2.0, 3.0]
  看过 I3 之后再改网格 = p-hacking; 作废档照登, 不许删。
============================================================================

--- B2 · I3 侧 (后测; 网格已冻结) ---
    [PASS] h=1.2 的 I3 自校验 (SSA/纯度) 成立  —— ssa_min = 3.964e-01, purity_max = 2.665e-15
    [PASS] h=1.5 的 I3 自校验 (SSA/纯度) 成立  —— ssa_min = 3.122e-01, purity_max = 1.388e-15
    [PASS] h=2 的 I3 自校验 (SSA/纯度) 成立  —— ssa_min = 2.168e-01, purity_max = 1.082e-15
    [PASS] h=3 的 I3 自校验 (SSA/纯度) 成立  —— ssa_min = 1.211e-01, purity_max = 2.068e-15

--- B2b · I3 符号的可重复性 (读数可信度, **不是判据**; 每档额外 3 次独立 eigsh) ---
        h |    符号(主)           符号(重复) |       逐w极差    min|I3| |      符号可重复
     1.20 |        +            +,+,+ |   1.04e-14   1.83e-02 |          是
    [PASS] h=1.2 的 I3 符号在 3 次独立 eigsh 下不变  —— 逐 w 极差 = 1.04e-14
     1.50 |        +            +,+,+ |   4.27e-15   3.66e-04 |          是
    [PASS] h=1.5 的 I3 符号在 3 次独立 eigsh 下不变  —— 逐 w 极差 = 4.27e-15
     2.00 |       +-         +-,+-,+- |   4.44e-15   1.01e-07 |          是
    [PASS] h=2 的 I3 符号在 3 次独立 eigsh 下不变  —— 逐 w 极差 = 4.44e-15
     3.00 |        -            -,-,- |   3.55e-15   2.56e-08 |          是
    [PASS] h=3 的 I3 符号在 3 次独立 eigsh 下不变  —— 逐 w 极差 = 3.55e-15
    ⇒ 符号只要能重复, P1/P2/P3 的符号判定就**不是噪声**;
      **但量级仍必须单列** (§C 的 `min|I3|` 列) —— 一个 `+1e-7` 的符号与
      一个 `+7e-3` 的符号在数值上都可重复, 在物理上**不是同一件事**。

--- C · 联合表 (xi 与 I3 同页) + 判据判定 ---
    NO-GO 口径: **全窗** xi >= L (16) => 该档作废 (照登, 标 [作废])

        h |  xi[1-3]  xi[4-8]    xi[全窗]    xi/L      档 |      I3(w=1)      I3(w=2)      I3(w=3)      I3(w=4)    符号          趋势
     1.00 |   7.9918  46.9139   19.3136  1.2071   [作废] |    1.941e-01    2.166e-01    2.248e-01    2.297e-01     +  +3.566e-02
     1.20 |   2.8169   8.4136    4.9395  0.3087        |    5.277e-02    3.398e-02    2.159e-02    1.826e-02     +  -3.450e-02
     1.50 |   1.6184   3.0985    2.2695  0.1418        |    6.592e-03    2.622e-03    5.766e-04    3.660e-04     +  -6.226e-03
     2.00 |   1.0884   1.6217    1.3451  0.0841        |   -4.758e-03   -6.138e-05   -1.854e-05    1.007e-07    +-  +4.758e-03
     3.00 |   0.7519   0.9687    0.8629  0.0539        |   -4.394e-03   -3.070e-05   -1.080e-06   -2.560e-08     -  +4.394e-03

    量级 (与符号**同页**; 缺了它, 一个 +1e-7 会被读成与 +7e-3 等价):
      h=1.00: min|I3| = 1.94e-01,  max|I3| = 2.30e-01   [作废档]
      h=1.20: min|I3| = 1.83e-02,  max|I3| = 5.28e-02
      h=1.50: min|I3| = 3.66e-04,  max|I3| = 6.59e-03
      h=2.00: min|I3| = 1.01e-07,  max|I3| = 4.76e-03
      h=3.00: min|I3| = 2.56e-08,  max|I3| = 4.39e-03

    三窗口 xi/L —— 用于 §11 风险 3 (跨阈值时必须显式指出):
      h=1.00: xi/L = [0.4995, 2.9321, 1.2071]  (全窗 [作废])
      h=1.20: xi/L = [0.1761, 0.5258, 0.3087]  (全窗)  ⚠️ **三窗口跨越 0.25 阈值** => 「有检验力」这个判断本身依赖窗口选择
      h=1.50: xi/L = [0.1011, 0.1937, 0.1418]  (全窗)
      h=2.00: xi/L = [0.0680, 0.1014, 0.0841]  (全窗)
      h=3.00: xi/L = [0.0470, 0.0605, 0.0539]  (全窗)

    --- 判据落支 (P1/P2/P3 可同时成立, 逐条列, 不得只报有利的那条) ---
    有效档 = [1.2, 1.5, 2.0, 3.0]   (作废档 = [1.0], 照登)
    有检验力档 (xi/L <= 0.25) = [1.5, 2.0, 3.0]

    => **P1 成立** (h = [1.5]): 在 xi/L <= 0.25 的档上仍 I3 > 0 全部 w
       h=1.50: xi/L(全窗) = 0.1418, 三窗口 xi/L = ['0.1011', '0.1937', '0.1418'], min|I3| = 3.66e-04, 符号可重复 = 是
       => 「**该态无几何对偶的 MMI 证据**」—— 这是**有检验力的负结果**,
          比 v16.2 临界点上那条强得多 (那条所属的档本身按 NO-GO 作废)。
          `min|I3|` 与三窗口 xi/L 都印在上面: 符号要**离噪声足够远**、
          档位要**三个窗口都不越 0.25**, 这条负结果才立得住。

    => **P2 成立** (h = [3.0]): I3(w) <= 0 全部 w ——
       必要条件在**这些态**上成立。同页实测档位:
         h=3.00: xi/L(全窗) = 0.0539, xi[1-3]/L = 0.0470, 2D拟合 = 4.297396, min|I3| = 2.56e-08
       ⚠️ **量级附注**: 若某档的 `min|I3|` 已到 `1e-8` 量级, 那一条
          只能读作「**I3 ~ 0**」, **不是**「明显 <= 0」—— 即该 w 上
          「必要条件成立」是**平凡**的, 支撑 P2 的是其余那些大分量的 w。
       ⚠️ **不可外推回临界点** —— 这是「在另一个态上做同一个检验」,
          不是同一个结论。G8 在 h=1.0 上的登记值**一个数字都不动** (§2.4)。

    P3 口径 (先写死): 符号状态沿 h 的序列 = ['+', '+', '+-', '-'], 变号 2 次; 判据 = 变号 >= 2 次
    => **P3 成立**: 「MMI 符号在本模型上不是稳健量」(负面结论, 照登)。
       ⚠️ **必须与量级同页**: 各有效档 min|I3| = h=1.2: 1.83e-02, h=1.5: 3.66e-04, h=2: 1.01e-07, h=3: 2.56e-08
       若决定性那次变号发生在 `min|I3|` 很小的档上, 该变号是**临界式的**
       —— 数值上可重复 (§B2b) 不等于物理上量级可忽略。
       措辞应为「**符号不是稳健量**」, **不是**「MMI 被强烈违反」。

    **落支汇总: ['P1', 'P2', 'P3']**

--- 天花板 (与结果同页, 不许省) ---
    1. MMI 成立只是**必要**条件 —— 通过 != RT 被验证, 更 != 「涌现时空」
       (B2 硬边界 `spiral_model_v16.py:52-53`)。
    2. **不可外推回临界点**: 本冒烟的一切读数挂在 h != 1 的态上;
       这里 I3 <= 0 **不等于**临界点上 I3 <= 0, 反之亦然。
       G8 的登记值 (`_runall.log:956`) **一个数字都不动** (§2.4)。
    3. 成熟度**不动**: L4 仍是 C (audit :75)。D1 不给 L4 任何成熟度。
    4. 本冒烟**未加任何守卫 / 指标条目**, 分母 78 / 27 / 13 不变 (DP-2)。
    5. SSA 与 MMI **不可互换引用**: 前者是自校验 (定理), 后者才是判据。

=== 结果: 自校验 通过; 累计用时 17.7 s ===
