=== v16-smoke-l6-lambda-2 · L6 斑图波长: 独立估计量互核 + 分辨率/种子 2×2 + 第三估计量 (D 段, v16.3 §4 D3) ===
    口径: 真调 stage6_life / derive_L6_grid / _char_scale_checked; 不进 runner。

--- 0 · 生产配置 (由 derive_L6_grid 派生, 非写死) ---
    N=36 (N_req=36, N_cap=55, 受限于 分辨要求 (N_req)), L_domain=0.5, h=0.013889, dt*Du/h^2=0.1037
    lambda_target = L_domain/n_lambda = 0.1667  (⚠️ 旋钮靶, 不是预言: n_lambda=3.0, pts_per_wavelength=12.0 都是自由旋钮)

--- A · 生产复现 (自校验, 必须先过) ---
[阶段六] Gray-Scott 生命斑图 (平直周期网格):
  网格 h=0.0139, dt*Du/h^2=0.1037 (稳定上限 0.25) -> 数值稳定
  对比度=0.349, 活化面积占比=0.637, 斑图波长~0.1782 (域长 0.5)
  -> 涌现  (判据: 对比度>0.2 且 活化面积>5%)
    → 单次 stage6_life 用时 **25.41 s** (该用时此前**从未被单独登记过**, 本行即其首次实测)

    A1 生产读数: spacing=0.178218 (域长), h=0.013889, contrast=0.349, active=0.637, emerged=True
    [PASS] spacing 复现登记值 0.1782 (打印精度 .4f)  —— |0.178218 - 0.1782| = 1.78e-05

    A2 复刻件 vs 真函数 (同一 N=36, 同一 4 格种子): max|dv|=0.000e+00, max|du|=0.000e+00
    [PASS] 复刻件与 stage6_life 逐位一致 (C 段扫描的许可证)  —— 逐位相同

--- B · 两个独立估计量 (N=36) ---
    甲 (零交叉): spacing=0.178218 域长 = 12.8317 格   [zc=5.611 +- 0.418 行间SE => 相对 7.46%]
    乙 (D2谱峰): 8.8326 格   valid=True   k_peak=0.711360 rad/格, k_fund=0.174533 => 峰在第 4.08 壳 (壳宽 k_fund, **量化偏差的来源**)
    相对偏差 |甲-乙|/乙 = **45.28%**
    ⚠️ **不预设阈值**: 仓库先例 (`_v16_run.log:610`) 同类互核是 46.6% 的系统性不一致 => 本项能不能对上事先不知道, 此行只登记实测。
    参照: 甲 / (pts_per_wavelength=12.0) = 1.0693  (~1 说明 N 就是按 12 格/波长构造的, 不是物理预言)

--- C · 分辨率 x 种子 2x2 析因 ---
    混杂因子: 种子是**按格点**写的固定 4 格 => 物理边长 4h 随 N 变。
    物理固定 = 锚住生产 (N=36) 下的物理边长 0.055556, 反解该 N 下的格数。
    N=36 格点固定(4格, 物理边长 0.05556): λ甲=0.17822 域长 (12.8317 格), λ乙=0.12268 域长 (8.8326 格), zc 相对SE=7.46%, contrast=0.349, dt*Du/h^2=0.1037
    N=36 物理固定(4格, 物理边长 0.05556): λ甲=0.17822 域长 (12.8317 格), λ乙=0.12268 域长 (8.8326 格), zc 相对SE=7.46%, contrast=0.349, dt*Du/h^2=0.1037
    N=48 格点固定(4格, 物理边长 0.04167): λ甲=0.16216 域长 (15.5676 格), λ乙=0.12268 域长 (11.7769 格), zc 相对SE=5.09%, contrast=0.349, dt*Du/h^2=0.1843
    N=48 物理固定(5格, 物理边长 0.05208): λ甲=0.15484 域长 (14.8645 格), λ乙=0.12268 域长 (11.7769 格), zc 相对SE=4.25%, contrast=0.355, dt*Du/h^2=0.1843

       N         种子    格数       λ甲(域长)       λ乙(域长)      λ甲(格)     zc相对SE  contrast
      36       格点固定     4      0.17822      0.12268    12.8317      7.46%     0.349
      36       物理固定     4      0.17822      0.12268    12.8317      7.46%     0.349
      48       格点固定     4      0.16216      0.12268    15.5676      5.09%     0.349
      48       物理固定     5      0.15484      0.12268    14.8645      4.25%     0.355

    读法 (四格齐了才下结论, 缺一格不下):
      ⚠️ 比较**必须在物理单位(域长)上做** —— λ甲_格 = spacing/h 里天然含一个 N
         因子, 拿「格」跨 N 直接比会把单位换算读成物理效应(首版就栽在这里)。
      N=36 两格**必然重合**(物理固定的反解格数就是 4) => 该行不构成证据, 它只是复刻件的第二次自校验。
      只动 N (36->48, 种子格点固定): spacing 0.178218 -> 0.162162  = -9.01%
      只动种子 (4 格->5 格, N=48): 0.162162 -> 0.154839  = -4.52%
      估计量自身噪声底 (两跑合并行间SE): 9.03%  => |分辨率效应| / 噪声 = 1.00
      => **在噪声底附近, 不能读作检测到分辨率依赖**;
         但同样**不能**说「分辨率无关」—— 那是把'未检测到'当成'无效应'。

      ⚠️ **λ乙 不能用来判分辨率无关性**: 它的壳边界在物理 k 空间里是 k = j*2*pi/L, **与 N 无关**
         (FFT 的壳随盒子一起缩放) ⇒ λ乙_物理 必然 N 无关。那是**恒等式**, 不是证据; 拿它当「分辨率无关」的佐证就是假绿。

    诚实边界: 本段只检验『斑图波长由化学参数定, 不由几何定』这句话(`_v16_run.log:169` / `main.py:261-262` 一直在印, **至今无守卫**)。
    它**不**判定 L6 的物理主张 —— `V8` 仍是那 7 条里唯一扛物理主张的守卫。

--- D · 第三估计量: 环形 ACF 首个过零点 (v16.3 §4 D3, **避开壳量化**) ---
    为什么不能用 FFT 取峰: 壳边界在物理 k 空间是 k = j*2*pi/L, **与 N 无关**
    (FFT 盒随盒子一起缩放) => 任何'从壳取峰'的估计量都继承这个恒等式,
    当不了独立证据 (C 段末尾已记该陷阱)。故丙**不走 FFT**, 逐滞后直接点积。
    ACF 诊断: 首个过零滞后 m0 = 5 格, 首个极小 m_min = 5 格, 滞后 <= 18 内符号翻转次数 = 4
    r(m) 前 13 项 = 1.000 0.886 0.608 0.288 0.050 -0.022 0.074 0.261 0.438 0.511 0.440 0.266 0.069
    (m0 与 m_min 是**原始诊断量**, 不参与判据; 只有 丙 = 4*m0 是估计量)

    三估计量 (统一到**域长**; 括号内为格):
      甲 零交叉计数 : 0.178218  (12.8317 格)   zc=5.611 +- 0.418 => 相对SE 7.46%
      乙 D2谱峰     : 0.122676  (8.8326 格)   valid=True, k_peak/k_fund = 4.08 壳
      丙 ACF过零    : 0.277778  (20.0000 格)   m0=5 格 (*4 是正弦约定, 见文件头)
      甲 vs 乙 相对偏差 = 45.28%  (v16.2 已登记值)

    T1/T2 判定 (口径见文件头, **先于数据写死**):
      r甲 = |丙-甲|/甲 = 55.86%,  r乙 = |丙-乙|/乙 = 126.43%
      分离度 min/max = 0.442  (门槛 <= 0.5, 即至少 2:1)
      => **T1 成立**: 丙 落在**甲**一侧 (只登记它站哪边, 不加守卫)。

    · 约定敏感性 (事后追加的诊断, **不参与判据**):
      同一份 ACF, 换用**标准**约定「首个次级极大」(m=9 格):
        λ丙' = 0.125000 域长 (9 格)  vs  预登记约定 4*m0 = 0.277778 (=20 格)
        r甲' = 29.86%,  r乙' = 1.89%  => 落在**乙**一侧 (分离度 0.063)
      ⚠️ **落支随约定翻转**: 预登记约定判 T1-甲, 标准约定判 **T1-乙**。
         => 丙 **没有判别力** —— 它没在甲/乙之间裁决, 裁决的是**约定**。
         实质结论按 §4.3 的 T2 精神读: 「**三个估计量互不一致 =>
         λ 相关的任何结论作废**」, 尽管按预登记字面规则落在 T1。

    ⚠️ **禁止多数票** ( §4.3 明令): 本段**不**用丙去裁定甲与乙谁对;
       它只回答'丙站哪边'或'三者互不一致'。
    ⚠️ 本段**不加守卫、不动分母**: L6 仍是 C, `V8` 仍是唯一扛物理主张的守卫。

    落盘: v16\output\l6_lambda_three_estimators.json  (**新文件**, 不覆盖任何已登记产物; 无时间戳字段以保逐字节可复现)
    ⚠️ 路径口径: 计划 §4.2 写 `v16/output/`; 仓库既有产物目录是 `v16/result/` (core.py:53), 本冒烟**不往 result/ 里塞非登记产物**。

=== 结果: A 段自校验 通过; 累计用时 99.3 s (其中 stage6_life 单次 25.41 s) ===
