=== v16.4 · 预设层攻坚冒烟 (α: D5 / D6 / D7) ===
    口径: 不新增守卫/指标, 不改任何既有读数 ⇒ 规模三数 78/27/13 逐字不变。

  A · D5 (α1) —— 把「偶数中取 2」的排除理由换成**不可约性**
      L=4: 物理载体 2^L=16 维, d_local=4 的载体 4^L=256 维

    A1 · 测法对账 (小维数, 两套测法都跑得动)
    [PASS] 2 个 Majorana, 2 维: 迹公式 == 零空间 == mult² = 1  —— 迹公式 1, 零空间 1, 载体残差 0.0e+00
    [PASS] 2 个 Majorana, 4 维: 迹公式 == 零空间 == mult² = 4  —— 迹公式 4, 零空间 4, 载体残差 0.0e+00
    [PASS] 4 个 Majorana, 8 维: 迹公式 == 零空间 == mult² = 4  —— 迹公式 4, 零空间 4, 载体残差 0.0e+00
    [PASS] A1 **活的反事实**: 重复一条 γ ⇒ Clifford 残差立刻 O(1)  —— 残差 = 2.00 ⇒ A1 的合法性闸有分辨力

    A2 · 投影子结构核验 (2 个格点 × 重数 2 ⇒ 8 维, 共 16 项)
    [PASS] P(X) 落在中心化子里 (与全部 4 个 γ **对易**)  —— 最差 ‖[P(X), γ_a]‖ = 2.48e-16 (用对易子, 不是反对易子)
    [PASS] P 是投影 (P² = P)  —— max|P(P(X)) − P(X)| = 3.72e-16
    [PASS] P 的**算子迹** == 迹公式 == 零空间 == 4 (三种算法对账)  —— tr P = 4.000000; 迹公式 = 4; 零空间 = 4

    A3 · 物理载体 (d_local=2): 8 个 Majorana 作用在 2^L=16 维上
    [PASS] 物理载体的中心化子维数 = 1 ⇒ **不可约**  —— dim comm = 1, dim = 16, 载体残差 0.0e+00

    A4 · D5-a: 2L=8 个 Majorana 作用在 4^L=256 维上的**一切**载体
    [PASS] 标准载体 γ_a ⊗ I₁₆: dim comm = 256 = (2^L)² > 1 ⇒ 可约  —— dim comm = 256, 重数 = 16 = 2^L
    [PASS] 随机酉共轭后的载体: 同一个读数 ⇒ 与载体取法无关  —— dim comm = 256.000000, 载体残差 1.6e-15

    A5 · D5-b 维数账 (对账, 零机时)
    [PASS] Cl(2L) 不可约表示维数 = 2^L; 4^L = 2^L · 2^L ⇒ 重数 = 2^L = 16  —— 4^4 = 256 = 16 · 16; dim comm = (2^L)² = 256 = 4^L
    [PASS] 实测 dim comm 与维数账逐位对上  —— 实测 256 == 账 256

    A6 · D5-c: **不可约**的 d=4 载体 (每格点两对 ⇒ 4L=16 个 Majorana)
    [PASS] 16 个 Majorana 在 256 维载体上的中心化子维数 = 1 ⇒ 不可约  —— dim comm = 1, dim = 256; 载体残差 0.0e+00
    [PASS] ⇒ 「每格点恰好一对 Majorana」是那个**必需的**给定  —— 每格点一对 ⇒ 只能到 2^L 维 (不可约); 要 4^L 维且不可约 ⇒ 每格点**两对**

    A7 · D5-c′ (pre2 思路 A) —— Clifford 真空与 L1 空无的重叠
      口径: 该比较只能在 **d_local=2 载体**上做 —— L1 的空无态是 2^L 维,
            而 A6 的不可约 d=4 载体是 256 维, 两者不在同一个空间里。
    [PASS] c_j 确实湮灭 uv_vacuum ⇒ 它就是 JW 费米子真空 (实测, 非假设)  —— max_j |c_j|Ω⟩| = 0.00e+00
    [PASS] 且 {c_i, c_j†} = δ_ij  —— 最差残差 0.00e+00
[阶段一] 空无基底: 局部维度 d=2, 酉条件数=1.00
  [L1] 空无 -> 链: d_local=2 张成 16 维, dim_full=16, 与 2^4 匹配=True
  [L1] |<void|gs(h/J)>|^2 = 2:0.923442, 4:0.983370, 8:0.996029, 16:0.999019, 32:0.999756  (对 h/J 单调上升=True)
    [PASS] **诊断打印** (DP-6 未定前不登记守卫): 重叠 = 0  —— |⟨Ω|void_full⟩|² = 0.000e+00。pre2 (v16.4_pre2.md:103) 预期 ≈ 1; 计划 §1.6 订正丙预期 ≪ 1 —— 实测**恰为 0**: |Ω⟩ = |−⟩^{⊗L} 与 L1 的 |+⟩^{⊗L} 逐位正交。**订正丙成立, 且比预期更硬**

    A8 · D5-d: 复核既有 A5 反事实的构造 (读码 + 实测)
    [PASS] A5 里的 I2 = np.eye(DIM) 是 16×16, **不是** 2×2  —— shape = (16, 16) (L=4 ⇒ DIM = 2^4 = 16) ⇒ G4 = γ_a ⊗ I₁₆
    [PASS] 该载体实测 dim comm = 256 ⇒ 它**本身就是可约载体**  —— dim comm = 256 ⇒ 它不是「定理不排除 d=4」的证据: 对**奇偶引理**成立, 对**不可约性定理**恰是被排除的那一类

      A 的判定 (D5 · α1 · 不可约性口径):
        · **实测**: L=4 上 2L=8 个 Majorana 在 4^L=256 维上的**任何**载体,
          中心化子维数 = 256 (> 1) ⇒ **必可约** (随机酉共轭给出同一读数)。
        · **实测**: 同一批 8 个 Majorana 在 2^L=16 维上, 中心化子维数 = 1 ⇒ 不可约。
        · **实测**: 不可约的 d=4 载体要 4L=16 个 Majorana = 每格点**两对**。
        · **维数账** (D5-b): 重数 = 16 = 2^L, dim comm = (2^L)² = 4^L = 256 ✓
        · **落支 = S-部分** ⭐: `d_local=2` 由「奇偶 + 不可约 + 每格点一对」导出。
          「每格点恰好一对 Majorana」**等价于 JW 的 site↔mode 对应 = 费米子表述选择**
          ⇒ 选择的**个数仍为 1**, 天花板不变。变的只是排除理由:
          从「一条最小性(选择)」换成「一条定理 + 那个表述选择」。
        · 顺带: 审计 §5.5 那句「排除它靠…的最小性」须按 v16.3 纪律**并存订正**。
    (A 段用时 8.1 s)

  B · D6 (α2) —— `d_local=4` 是否迫使 L1 的态变复
      代码预判: 否。本段只做**取证**, 不去「再找一条路」。
[阶段一] 空无基底: 局部维度 d=4, 酉条件数=1.00
    [PASS] B1 `stage1_void(4)` 的 equal_state 是实的 (相位不变判据 |Σψ²| = 1)  —— |Σψ²| = 1.0000000000000000, d = 4, equal_state = ones(4)/2, |Im|max = 0.0e+00
    [PASS] B1 **活的反事实**: 加相对相位后判据立刻 < 1  —— |Σ(ψ·e^(iφ_j))²| = 0.764842 ⇒ 该判据对"复"有分辨力
    [PASS] B2 链上三个函数的签名里都没有 Q/unitary (该检验与维度无关)  —— derive_L1_void_to_chain、l1_void_pushaway、stage2_critical_break
    [PASS] B2 **活的反事实**: 签名里加上 unitary, 同一条检验会翻红  —— 反事实签名 = ['unitary', 'equal_state', 'L']

      B 的判定 (D6):
        · **落支 = S-负**: `d_local=4` 不迫使 L1 态变复 —— equal_state 在
          d=4 档仍是 `ones(4)/2` (数值上是实的); 唯一真复的对象 Q 仍无消费者,
          且那条承重性检验是**按签名**做的、与维度无关。
        · ⇒ α2 **给不出** `d_local=2` 的独立支撑。这是**确定性负结论**,
          本段的产出就是把它登记下来, **不是**去另找一条路。

  C · D7 (α3) —— 导出「随机测度」是否缩小缺口
    [PASS] C d=2: ones(2)/√2 是**纯态** ⇒ S(ρ) = 0, 不是 von Neumann 熵的极大点  —— S(纯态) = 2.2e-16; 而 S(I/d) = 0.693147 = ln 2; 概率矢量的 Shannon 熵 = 0.693147 = ln 2 (这才是「均匀 ⇒ 最大」)
    [PASS] C d=3: ones(3)/√3 是**纯态** ⇒ S(ρ) = 0, 不是 von Neumann 熵的极大点  —— S(纯态) = -2.2e-16; 而 S(I/d) = 1.098612 = ln 3; 概率矢量的 Shannon 熵 = 1.098612 = ln 3 (这才是「均匀 ⇒ 最大」)
    [PASS] C d=4: ones(4)/√4 是**纯态** ⇒ S(ρ) = 0, 不是 von Neumann 熵的极大点  —— S(纯态) = 2.2e-16; 而 S(I/d) = 1.386294 = ln 4; 概率矢量的 Shannon 熵 = 1.386294 = ln 4 (这才是「均匀 ⇒ 最大」)
    [PASS] C **活的反事实**: 推离均匀 ⇒ Shannon 熵严格下降 (该判据有分辨力)  —— 0.940448 < 1.386294

      C 的判定 (D7):
        · **一个口径事实**: 本仓库的「最大熵」指**概率矢量的 Shannon 熵** ——
          `negctrl.py:290` 逐字「熵 <= ln N (均匀分布最大熵)」;
          `stage67.py:481` 逐字「probs = 1/N 与 entropy = ln N 是同一件事的换写…」
          「它们是「空无」这个名字的**定义**, 不是关于系统的观测」。
        · **实测**: `ones(d)/√d` 是**纯态**, S(ρ) ≡ 0 —— 它是 von Neumann 熵的
          **极小**点, 不是极大点 (极大的那一个是 I/d, 实测 = ln d)。
        · **落支 = S-重言**: 「均匀分布极大化 Shannon 熵」与「Haar 是唯一酉不变
          测度」都是**现成定理的并列**, 没有导出任何新东西。
        · 且审计 §5.5 已判 #2 与 #3「都只活在 stage1_void 的 QR 块里, 且**都不承重**」
          ⇒ 导出一条**不承重**的给定**不缩小缺口**。**本条不动缺口。**

  === α 三条的最终地位 (取代 §5.5 的「偶数中取 2 仍是选择」) ===
    #1 d_local=2  : 落 **S-部分** —— 由「奇偶 + 不可约 + 每格点一对」导出;
                    最后那条 == 费米子表述选择 ⇒ **选择个数仍为 1**。
    #2 复数域     : 落 **S-负** —— d=4 不迫使 L1 变复, α2 无独立支撑。
    #3 随机测度   : 落 **S-重言** —— 导出的是**不承重**的给定, 缺口不缩小。
    ⇒ α 命中 L1 升级**条件 ②**、不碰 ① ⇒ **即便 α 全成功, L1 仍记 B**。
      **本文件不宣称预设层缺口已修复。**
    (总用时 8.1 s)

=== 结果: 全部通过 ===
