=== v16 runner  2026-10-04 12:05:09  fast, 4 条 ===
    (上一份日志已归档: _runall_20261004-120509.log)

--- 运行环境（只登记, 不参与任何判定）---
    本机时间 2026-10-04 12:05:09   (UTC 2026-10-04 04:05:09)
    platform Windows-10-10.0.19045-SP0
    CPU 逻辑核 8   Python 3.13.9
    全机 CPU 忙占比 = (Δ(内核+用户) − Δ空闲) / Δ(内核+用户), 源为
      kernel32!GetSystemTimes 的**整机**累计计数 —— 含**其它进程**的活动,
      记的是「这台机器当时在忙什么」, 不是子进程自身占用。逐条见其 EXIT 行。

==============================================================================
[t6_admission]  _v16_smoke_t6_admission.py
  note: v16.8·T6 阶段 0 准入筛: 三口径逐条复现 T4 §9.10 表（θ 与容差均写死, 无自由参数）。实测 0.8 s。判据句里的 `**` 是脚本自己打的 Markdown 强调, 逐字对上。
------------------------------------------------------------------------------
============================================================================
v16.8 · T6 · 阶段 0 准入筛 —— 三个 `Y` 口径的 T4 §9.10 复现
  v16-smoke-t6-admission-1
  θ = (0.37, 0.52, 0.61, 0.29, 0.44)   TOL = 1e-12   相对门限 = 0.0001
  锚: v16.8_plan.md §2 阶段 0 ; spiral_v16_audit.md §9.10 / §9.2 (`:1607`)
============================================================================

-- 三个口径的读数（每行都带口径名；`修补` 永远标「非原文」）--
  口径     dev(12|34)   dev(13|24)   反射         w resid (c)    u resid (c)   
  原文     6.742879e-01 6.742879e-01 0.0e+00    2.697e+00 (4.000000) 9.498e+00 (5.211075)
  S&P    0.000000e+00 6.742879e-01 0.0e+00    1.776e-15 (4.000000) 3.553e-15 (4.000000)
  修补     0.000000e+00 0.000000e+00 0.0e+00    1.776e-15 (4.000000) 3.553e-15 (4.000000)

-- 靶 G 内部一致性自检（把本文件的算法钉在 hyper.py 的定义上）--
  原文     联合max 0.0e+00 | vs unitary_residual 0.0e+00 | vs 2|c1s1| 0.0e+00    OK
  S&P    联合max 0.0e+00 | vs unitary_residual 0.0e+00 | vs 2|c1s1| (仅原文)      OK
  修补     联合max 0.0e+00 | vs unitary_residual 2.2e-17 | vs 2|c1s1| (仅原文)      OK

-- 靶 A~F：对**已登记值**逐条核对（登记值只有 4 位有效数字者用相对门限）--
  A1 §9.10行3   S&P    dev(12|34)   实测 0.000000e+00   靶 0.000000e+00    OK
  A2 §9.10行3   S&P    dev(13|24)   实测 6.742879e-01   靶 6.743000e-01    OK
  A3 §9.10行3   S&P    w resid      实测 1.776357e-15   靶 1.780000e-15    OK
  A4 §9.10行3   S&P    u resid      实测 3.552714e-15   靶 3.550000e-15    OK
  A5 §9.10行3   S&P    c (w=u)      实测 4.000000e+00   靶 4.000000e+00    OK
  B1 §9.10行4   S&P    反射           实测 0.000000e+00   靶 0.000000e+00    OK
  C1 计划§1表     原文     dev(12|34)   实测 6.742879e-01   靶 6.743000e-01    OK
  C2 计划§1表     原文     dev(13|24)   实测 6.742879e-01   靶 6.743000e-01    OK
  C3 计划§1表     原文     反射           实测 0.000000e+00   靶 0.000000e+00    OK
  D1 计划§1表     修补     dev(12|34)   实测 0.000000e+00   靶 2.200000e-17    OK
  D2 计划§1表     修补     dev(13|24)   实测 0.000000e+00   靶 2.200000e-17    OK
  D3 计划§1表     修补     反射           实测 0.000000e+00   靶 0.000000e+00    OK
  E1 冻结日志      原文     w resid      实测 2.697152e+00   靶 2.697152e+00    OK
  E2 冻结日志      原文     u resid      实测 9.497650e+00   靶 9.497650e+00    OK
  E3 冻结日志      原文     c (w)        实测 4.000000e+00   靶 4.000000e+00    OK
  E4 冻结日志      原文     c (u)        实测 5.211075e+00   靶 5.211075e+00    OK
  F1 冻结日志      修补     w resid      实测 1.776357e-15   靶 1.776357e-15    OK
  F2 冻结日志      修补     u resid      实测 3.552992e-15   靶 3.552992e-15    OK
  F3 冻结日志      修补     c (w=u)      实测 4.000000e+00   靶 4.000000e+00    OK

-- 落支 --
  落支 = **T6-口径已钉**
  靶 A~G 全过 ⇒ 三个口径在 θ 处逐条复现登记值。
  T6 主口径 = **S&P 的 `Y`**（(12|34) 酉、(13|24) 不酉 ⇒ **非双酉**，`c`=4）；
  备用 = `Y_tensor_fixed`（双酉，`c`=4，**本仓自造 · 非原文**）；
  对照 = 原文 `Y_tensor`（两条都不满足，`c` 非整数）。
  ⇒ 准入通过，可进阶段 1（`{7,3}` 双曲铺砌）。

[T6-阶段0] 隔离自检: 未 import 门面 / 未接 L4-L5 / 未进 runner / 未加守卫与指标。
  规模三数 78 / 27 / 13 不动；未改 T4 那对脚本与日志、audit 既有行；
  `_model/hyper.py` 只有一处**纯新增**（`Y_tensor_sp`, 用户 2026-10-04 放行）, 既有函数一字未动。
用时: import 0.2 s + 本计算 0.6 s = 总计 0.8 s
============================================================================
EXIT=0  用时 1.0 s  ->  符合登记预期  [全机 CPU 忙 69.5%, 8 核]

==============================================================================
[t6_tiling]  _v16_smoke_t6_tiling.py
  note: v16.8·T6 阶段 1 `{7,3}` 双曲铺砌有限补丁（纯 stdlib + `complex`, **不 import numpy**）。实测 0.1 s。⚠️ 同目录的 `_t6_tiling_v1.log` 是判据 [1-2] 删除**之前**的首跑（EXIT=3）, **不作判据、只作证据** —— 两者别混同。
------------------------------------------------------------------------------
==============================================================================
v16.8 · T6 · 阶段 1 —— {7,3} 双曲铺砌的有限补丁
  v16-smoke-t6-tiling-2
  P=7 Q=3   对偶环数=5   顶点 BFS 环数=5 (DP-32)   s 靶=2.618034
  锚: v16/Hyper.tex:88 ({7,3}, 3-index A) / :90-92 (s 的定义) / :466
==============================================================================

-- 补丁规模 --
  V = 2240    E = 2856    F = 617    V-E+F = 1
  顶点外接极径 r0 = 0.300743   对偶面数 = 617
  生成器代数自检: 邻面边端交换 max|err| = 4.918e-16   （恒等式，期望 ~1e-16）
  顶点去重自检: 窗宽内不同顶点最小间距 = 3.112e-03  （须 > 1e-05；若为 inf 说明窗宽内无点对，自检空转）

-- 判据 [1-1] 组合校验 --
  连通                                     OK
  V-E+F == 1                             OK
  每面 7 条边且 7 个不同顶点                       OK
  每条边被 <=2 个面共享（边界 1393 / 内部 1463）       OK
  无顶点被 >3 个面共享                           OK
  内部顶点价 == 3（内部顶点 847 个）                 OK

-- 观测 [原判据 1-2] 顶点图 BFS 环（中心 = 面 0 的顶点 0）--
  环 z  :      0       1       2       3       4       5
  N_z   :      1       3       6      12      18      30
  完整  :      是       是       是       是       是       是
  z->z+1 : 3.0000  2.0000  2.0000  1.5000  1.6667
  （带 * = 相邻环有截断 ⇒ 该比值不反映本征增长，只作观测）

  单调趋近 = False    可用比值数 = 5
  最后三环 (z->z+1, 比值, 相对 s 偏差): (2, 2.0000, +23.6%)  (3, 1.5000, +42.7%)  (4, 1.6667, +36.3%)
  ⚠ [1-2] **已于 2026-10-04 按用户裁定删除**（§0.1.4）：靶 s = 2.618034 与 3-正则图
     的计数上界矛盾，且 `:91` 的 s 是「层 V 的格点数比」不是 BFS 环比 ⇒ **锚错对象**。
     以上**保留为观测**（记录补丁的环结构），**不参与落支**；s 的校验移入阶段 2。

-- 删除 [1-2] 的依据（可数，非判据）：为什么它的靶值在这类图上不可达 --
  {7,3} 的 1-骨架是 **3-正则**（原文 `:88`「3-edged nodes」）。第 z+1 环每点至少 1 条边
  连回第 z 环、总度数只有 3 ⇒ 伸向外的边 <= 2 条 ⇒ N_{z+2} <= 2*N_{z+1}
  ⇒ 对 z >= 1（环 z+1 每点都有边连回环 z）恒有 N_{z+2} <= 2*N_{z+1} < 2.618034。
     实测: 0->1 比值 = 3.0000（中心点是特例，**不在上界适用范围**）；z>=1 的最大比值 = 2.0000。
  而原文 `:91` 的 s 是「L_z 的**格点数** / 更粗的 L_{z+1} 的格点数」，L_z 由**层 V** 切出、
  来自 2-site/3-site 单元的**分形替换**（`r = phi`）；`:90` 明说「no finite repeating
  pattern of cells even in the limit」⇒ s 是**层/单元结构**的量，**不是**顶点图 BFS 环比。

-- 落支 --
  [1-1] = 过    [1-2] = **已删除**（§0.1.4，用户裁定 2026-10-04；读数降级为观测）
  落支 = **T6-铺砌成立**
  生成器经**三重独立验证**：代数恒等式（4.9e-16）· Euler（V-E+F=1）· 逐边粘合（无 ≥3 面共边）。
  ⇒ **阶段 1 成立**：`{7,3}` 的组合骨架（节点→A、边→B）已就绪，可进**阶段 2**（层 V 组装，本计划头号目标）。

[T6-阶段1] 隔离自检: 未 import 门面 / 未接 L4-L5 / 未进 runner / 未加守卫与指标。
  规模三数 78 / 27 / 13 不动；未改 _model/hyper.py、T4 那对脚本与日志、T5 的 TNR 料、audit 既有行。
用时: import 0.0 s + 本计算 0.2 s = 总计 0.2 s
==============================================================================
EXIT=0  用时 0.4 s  ->  符合登记预期  [全机 CPU 忙 55.3%, 8 核]

==============================================================================
[t6_layer]  _v16_smoke_t6_layer.py
  note: v16.8·T6 阶段 2 层 `V` 组装 —— 该计划的**头号目标**。断言取 `落支` 行（注意是**全角冒号**）。实测 1.11 s。已登记的两处缺口: 层 V 是**抽象 cell 弦**、非从补丁几何抽出; **整层缩并未做**。
------------------------------------------------------------------------------
==============================================================================
v16.8 · T6 · 阶段 2 —— 层 V 组装    [v16-smoke-t6-layer-1]
==============================================================================
  口径：cell 几何 = 图 (d) 读出 + 用户 2026-10-04 确认（推断口径）
        cell 排布 = 本仓穷举（原文未印替换规则）
        Y       = S&P 主口径；原文 / fixed 仅对照，三张不合并成一行
==============================================================================
[2-1] 层 V 的组合构造与自洽 —— 无自由参数
==============================================================================
  种子 cell 类型环 : 8 个 cell，其中 2-site 3、3-site 5，sum N_i = 21
   [PASS] 弦交替 A/B 且环长为偶                                        len=58 交替=True
   [PASS] 首节点为 A（峰）                                            seq[0]=('A', 'peak')
   [PASS] 峰数 = cell 数（共享使然）                                    峰 8  vs  cell 8
   [PASS] 谷数 = sum N_i                                         谷 21  vs  sum N_i 21
   [PASS] A 全局 = n + sum N_i                                   29 vs 29
   [PASS] 链上 B = n + sum N_i                                   29 vs 29
   [PASS] 逐 cell 计 A 之和 − 全局 A = n（峰双计）                        37 − 29 = 8
   [PASS] N=2 cell 内容 = 4 A + 5 B                              得 (4, 5)，用户确认 (4, 5)
   [PASS] N=3 cell 内容 = 5 A + 7 B                              得 (5, 7)，用户确认 (5, 7)
   [PASS] 价数 峰3/谷3/B2 与 :88 的 3-正则相容                           峰 3 / 谷 3 / B 2
   [PASS] 胶合：峰(z) = cell(z) = sum N_i(z+1)                     峰(z)=8, cell(z)=8, sum N_i(z+1)=21
   [PASS] s = 谷/峰 = sum N_i / cell 数（同一定义两种写法）                 seed s = 2.625000（非 phi，仅自洽性）

==============================================================================
[2-2] 替换枚举 —— cell 排布规则原文未印，改为穷举（本仓推断，非原文）
==============================================================================
  穷举 4 x 8 = 32 种替换；Perron 根 = s = 2.618033988750 的共 6 种：
    sig(2)=23  sig(3)=233   lam=2.618033988750  r=1.618033988750  |  2-site 像含 1 个 2 与 1 个 3；3-site 像含 1 个 2 与 2 个 3
    sig(2)=23  sig(3)=323   lam=2.618033988750  r=1.618033988750  |  2-site 像含 1 个 2 与 1 个 3；3-site 像含 1 个 2 与 2 个 3
    sig(2)=23  sig(3)=332   lam=2.618033988750  r=1.618033988750  |  2-site 像含 1 个 2 与 1 个 3；3-site 像含 1 个 2 与 2 个 3
    sig(2)=32  sig(3)=233   lam=2.618033988750  r=1.618033988750  |  2-site 像含 1 个 2 与 1 个 3；3-site 像含 1 个 2 与 2 个 3
    sig(2)=32  sig(3)=323   lam=2.618033988750  r=1.618033988750  |  2-site 像含 1 个 2 与 1 个 3；3-site 像含 1 个 2 与 2 个 3
    sig(2)=32  sig(3)=332   lam=2.618033988750  r=1.618033988750  |  2-site 像含 1 个 2 与 1 个 3；3-site 像含 1 个 2 与 2 个 3
   [PASS] 存在给 r = phi 的替换（非空）                                  命中 6 种
   [PASS] 命中族与 :90 括号注局部模式 {1,2} 相容                            sig(3) 的 2/3 计数与「每七边形 1×2-site + 2×3-site」同构

==============================================================================
[2-3] s 判据（承接 §0.1.4）—— N(L_z)/N(L_{z+1}) 单调趋近 s，末三层偏差 < 5%
  说明：N(L_z) = sum N_i（谷数），N(L_{z+1}) = cell 数（峰数）；比值 = 二者之商。
==============================================================================
  取命中族其一：sig(2)=23, sig(3)=233（另 5 种见 [2-2]）
    层 z=0   x=1      y=1       N(L_z)=5        N(L_{z+1})=2       比值=2.500000000  |偏差|=4.508e-02
    层 z=1   x=2      y=3       N(L_z)=13       N(L_{z+1})=5       比值=2.600000000  |偏差|=6.888e-03
    层 z=2   x=5      y=8       N(L_z)=34       N(L_{z+1})=13      比值=2.615384615  |偏差|=1.012e-03
    层 z=3   x=13     y=21      N(L_z)=89       N(L_{z+1})=34      比值=2.617647059  |偏差|=1.478e-04
    层 z=4   x=34     y=55      N(L_z)=233      N(L_{z+1})=89      比值=2.617977528  |偏差|=2.157e-05
    层 z=5   x=89     y=144     N(L_z)=610      N(L_{z+1})=233     比值=2.618025751  |偏差|=3.147e-06
    层 z=6   x=233    y=377     N(L_z)=1597     N(L_{z+1})=610     比值=2.618032787  |偏差|=4.591e-07
    层 z=7   x=610    y=987     N(L_z)=4181     N(L_{z+1})=1597    比值=2.618033813  |偏差|=6.698e-08
    层 z=8   x=1597   y=2584    N(L_z)=10946    N(L_{z+1})=4181    比值=2.618033963  |偏差|=9.772e-09
    层 z=9   x=4181   y=6765    N(L_z)=28657    N(L_{z+1})=10946   比值=2.618033985  |偏差|=1.426e-09
   [PASS] 末三层相对偏差 < 5%                                         max|dev| = 0.000000
   [PASS] 比值单调趋近（非振荡）                                          单调
   [PASS] 比值收敛于 s 而非「等于 s」                                     末值 2.618033985017，s = 2.618033988750，差 3.733e-09（判据只要求趋近）

==============================================================================
[2-4] w/u 分组与等距 —— 三口径分行，不合并
  边界：整层缩并维度 4^n_in 不可行（n_in>=5 即 >=4.3 GB，本机 16 GB）
        ⇒ 只做 §2 预登记的「沿链逐段验」，不做整层张量。
==============================================================================
  (a) 计数不可能性（可证明）：设 W 个 w、U 个 u。
      {7,3}: w=2->1, u=3->2 ⇒ s(W,U) = (2W+3U)/(1W+2U) ∈ (1.5000, 2.0000]
   [PASS] {7,3} 的 s=2.618034 落在 w/u 可达区间之外                     区间 (1.5000, 2.0000]，靶 2.618034
      {5,4}: w=3->1, u=4->2 ⇒ s(W,U) = (3W+4U)/(1W+2U) ∈ (2.0000, 3.0000]
   [PASS] {5,4} 的 s=3.732051 落在 w/u 可达区间之外                     区间 (2.0000, 3.0000]，靶 3.732051
      反解：cell 口径 n_in=21, n_out=8 ⇒ U = 2*n_out − n_in = -5 < 0
   [PASS] cell 口径下 U < 0 ⇒ w/u 的「平行乘积」读法不可能                    U = -5（须为负才凑得出，故非平行乘积）
  (b) 逐段等距残差（容差 1e-12，c = tr(W W†)/nrow）：
      S&P（主口径）               |  w resid = 1.776357e-15  c=4.000000  |  u resid = 3.552714e-15  c=4.000000
      原文（对照）                 |  w resid = 2.697152e+00  c=4.000000  |  u resid = 9.497650e+00  c=5.211075
      Y_tensor_fixed（备用）     |  w resid = 1.776357e-15  c=4.000000  |  u resid = 3.552992e-15  c=4.000000
   [PASS] 主口径 w 精确等距                                           resid = 1.776357e-15
   [PASS] 主口径 u 精确等距                                           resid = 3.552714e-15
   [PASS] 对照：原文 Y 下 w 不精确（判据有区分力）                              resid = 2.697152e+00

==============================================================================
  落支：T6-层组装只需(12|34)
  用时（进程）   : 0.79 s
  用时（import） : 0.24 s
  内存峰值       : 98.2 MB
==============================================================================
  [诚实边界]
   * 本文件**不缩并整层**（维度 4^n_in 不可行）；结论依赖 :100(c)/:128 逐字
     陈述的「层张量可分组为 w/u 之乘积」，该分组**不是** cell 分解。
   * (a) 已证：该分组**不能**是 w/u 的平行乘积（U<0）。落地支时该张力
     记为遗留，不抹平。
   * cell 排布规则是**穷举**所得，非原文；[2-3] 的收敛值因此是「该替换族下」
     的结果，不是从原文推出的唯一值。
==============================================================================
EXIT=0  用时 1.1 s  ->  符合登记预期  [全机 CPU 忙 63.4%, 8 核]

==============================================================================
[t6_l4bridge]  _v16_smoke_t6_l4bridge.py
  note: v16.8·T6 阶段 3 接 L4 的桥 1 —— **预登记的「判据不成立」路径, EXIT=3 是设计如此**（DP-31 允许落空）。与 `cmera2` / `b2_boson_control` 同类: **「单列」不等于「不检查」** —— 若某天桥 1 成立（EXIT 变 0）, 那是**已登记结果翻正**, runner 会红。桥 1 两前提**结构上不可同时满足**（稠密态向量接口 vs `L=1393 != 16`）。⚠️ import torch + quimb ⇒ 约 36.8 s 是 **import 代价**, 总实测 37.1 s。⚠️ **本条目会截断重写 `_t6_l4bridge.log`**（原始捕获见 frozen 存档）。
------------------------------------------------------------------------------
========================================================================
v16-smoke-t6-l4bridge-1  阶段 3 桥 1 可行性判据   stamp=2026-10-04
L_MERA = 16（与 MERA 侧同一个 L）；THETA = (0.37, 0.52, 0.61, 0.29, 0.44)
import 用时 9.5 s
========================================================================
--- [3-1a] 同函数：fit_central_charge 接受的向量长度 ---
  长度 2^16, L=16  ->  通过, c=-0.000000  rms=1.001e-14  (n=8)
  hyMERA 腿局域维 chi=16, 4 条腿 => 向量长度 65536（与 2^16 同长度）
  长度 65536, L=4   ->  被拒: ValueError: cannot reshape array of size 65536 into shape (2,8)
  => `entanglement_curve` 把态 reshape 成 (2^n, 2^(L-n))，**局域维 2 硬编码**。
--- [3-1b] 同 L=16：hyMERA 的腿局域维与边界 ---
  A_tensor 输出形状 = (16, 16, 16)  => chi = 16  (hyper.py:170-183)
  阶段 1 补丁（§0.1.5 登记值，**引用不重算**）：V=2240 E=2856 F=617
  => hyMERA 的边界是**环**，每条边界腿一个位点，局域维 = chi = 16
  => 造出的边界态 = 「N 个 16 维位点」，**永远不会**是「16 个 2 维位点」。
  => chi=16 != 2：桥 1 的「同 L=16」前提**结构上不可满足**。
--- [3-2] 桥 2（备）：由 Delta_k 反推 c ---
  需要「hyMERA 的谱 = 某 CFT 的谱」这一**假设**；该假设的唯一性无法在本仓内判定。
  按 v16.8_plan.md:414-426「若假设不唯一则不做」=> **不做**，不登记为缺口。
------------------------------------------------------------------------
桥 1 前提**不能同时满足** => 结构上不可搭；DP-31：落空即登记，**不追加投入**。
落支 = T6-L4桥落空
失败项 = ['3-1b']
用时 9.86 s   RSS 344.4 MB
========================================================================
EXIT=3  用时 11.0 s  ->  符合登记预期  [全机 CPU 忙 39.1%, 8 核]

==============================================================================
=== 汇总 ===
  该通过的: 3/3  (100.0%)
    ✓ t6_admission                   1.0s  符合登记预期
    ✓ t6_tiling                      0.4s  符合登记预期
    ✓ t6_layer                       1.1s  符合登记预期
  预期失败(单列, 不进分母): 1 条, 其中未按预期失败 0 条
    ✓(如预期) t6_l4bridge                   11.0s  符合登记预期

总用时 13.7 s
