=== v16 runner  2026-09-27 08:49:23  fast, 16 条 ===
    (上一份日志已归档: _runall_20260927-084923.log)

--- 运行环境（只登记, 不参与任何判定）---
    本机时间 2026-09-27 08:49:23   (UTC 2026-09-27 00:49:23)
    platform Windows-10-10.0.19045-SP0
    CPU 逻辑核 8   Python 3.13.9
    全机 CPU 忙占比 = (Δ(内核+用户) − Δ空闲) / Δ(内核+用户), 源为
      kernel32!GetSystemTimes 的**整机**累计计数 —— 含**其它进程**的活动,
      记的是「这台机器当时在忙什么」, 不是子进程自身占用。逐条见其 EXIT 行。

==============================================================================
[cmera]  _v16_smoke_cmera.py
  note: 离散化 cMERA 可行性（torch）。**只断言退出码**: 它的四条判定逐行打印, 没有汇总句。⚠️ 其中 **Q4 是「资源可接受 (<600 s)」** —— 一个**墙钟依赖**的判据, 机器负载高时可能因非物理原因退 3。它红了先看 Q4 那一行, 别急着当物理回归。
------------------------------------------------------------------------------
=== v16 冒烟 · 离散化 cMERA 可行性  [v16-smoke-cmera-1] ===
torch 2.9.0+cpu / numpy 2.3.4

[1] torch 能量函数 与 v15 精确对角化 交叉校验
    L=8, h/J=1.0: ED(E0)          = -10.251661790966
    v15 Jordan-Wigner 独立路径 = -10.251661790966   (|ED-JW| = 1.78e-15)
    本脚本 torch 复算 ED 基态  = -10.251661790966   偏差 = 3.55e-15
    -> 一致

[2] L=8 原型 (快速)
  L=8 h/J=1.0 层数=4 步数=300
    E_init = -5.763240   E_final = -10.169534
    <psi|psi> = 1.000000000   (应为 1)
    g_uu 剖面 = [1.401e-01, 1.391e-01, 1.346e-01, 5.195e-01]
    首帧 0.16s, 合计 40.6s

[3] L=16 原型 (目标规模)
  L=16 h/J=1.0 层数=5 步数=200
    E_init = -10.697213   E_final = -20.336489
    <psi|psi> = 1.000000000   (应为 1)
    g_uu 剖面 = [2.566e-01, 4.162e-01, 2.785e-01, 5.963e-01, 9.346e-01]
    首帧 0.31s, 合计 138.4s

[4] 资源
    python 侧峰值内存(tracemalloc) = 60.0 MB
    L=16 单点用时 = 138.4s

=== 可行性判定 (只回答通路, 不产出物理结论) ===
    Q1 构造得出 (归一)      : 通过
    Q2 优化压得下去         : 通过  (E -10.6972 -> -20.3365)
    Q3 g_uu 可算且非平凡    : 通过
    Q4 资源可接受 (<600s)   : 通过  (138.4s)

    边界: Q2 '压得下去' 只说明优化在动, **不等于**收敛到基态。
          g_uu 的态依赖是构造使然(同义反复), 不构成物理结论。
          真检验(复现 AdS 型 / IR-capped)不在本冒烟范围。
EXIT=0  用时 222.5 s  ->  符合登记预期  [全机 CPU 忙 67.7%, 8 核]

==============================================================================
[cmera2]  _v16_smoke_cmera2.py
  note: **探针 2 尺度不变性 —— 在 v16 口径 A 下不适用, 故 EXIT=3 是设计如此**（v16_plan.md:1005 要求独立条目）。**根因是「观测量不存在」, 不是"未修好"**: 口径 A 没有「层」/逐层生成元 ⇒ 探针 2 要算的余弦相似度**无对象**。⚠️ **2026-09-26 撤回一处旧表述**（旧文写「离散 L 厄米, 而 cMERA 的标度算符必须反厄米 ⇒ 离散格上不存在 k∂_k」）: 原文 `cMERA_Entropy_rev.tex:75`/`:87` 把 L 放在 `e^{-i∫(K+L)du}` / `e^{-iûL}` 里 ⇒ 酉性要求 L **厄米** ⇒ 实测的厄米性（diagnostic_B：‖L−L†‖=2.482534e-16）**正是应有性质, 不是矛盾**。那次检验**平凡**的真原因是**态**：测的是 `uv_vacuum`, 被所有 c_q 湮灭 ⇒ 任何**对角数算符**都给 0。有内容版见 `_v16_smoke_cmera_d.py`。预期失败, 不进分母。⚠️ 「单列」不等于「不检查」: 若它某天变成 EXIT=0, 那是**已知负结果翻正**, runner 会红 —— 那是该被看见的事, 不是误报。
------------------------------------------------------------------------------
=== v16 已知答案探针 · cMERA 尺度不变性  [v16-smoke-cmera2-1] ===

[h/J = 1.0]  L=8 层数=8
    E -5.299303 -> -10.241560   (158.2s, 1200 步)
    精确(JW) = -10.251662   收敛差距 = 0.0985%
    层间相似度 = [-0.012, +0.221, +0.159, +0.138, +0.237, +0.436]
    平均相似度 = 0.1965

[h/J = 0.5]  L=8 层数=8
    E -4.779923 -> -8.481785   (167.9s, 1200 步)
    精确(JW) = -8.509082   收敛差距 = 0.3208%
    层间相似度 = [+0.180, +0.538, +0.181, +0.383, +0.186, +0.104]
    平均相似度 = 0.2621

=== 已知答案判定 ===
    收敛充分 (<0.1%)            : 不通过  (最大差距 0.3208%)
    临界尺度不变 > 有质量        : 不通过
      sim(h/J=1.0) = 0.1965   sim(h/J=0.5) = 0.2621

    若'不通过': 本构造不含 cMERA 的尺度结构, 应重写构造(entangler 需约束为真正的标度变换算符), 而不是继续加层/加步数。
EXIT=3  用时 336.2 s  ->  符合登记预期  [全机 CPU 忙 21.1%, 8 核]

==============================================================================
[cmera3]  _v16_smoke_cmera3.py
  note: 自由费米子高斯表述自检（9 条 checks）。判定句逐字来自其 L316。
------------------------------------------------------------------------------
=== v16 探针 · 自由费米子高斯表述自检  [v16-smoke-cmera3-2] ===
L=8, J=1.0, h=1.0, dim=256

[T0] 稠密周期 H 的基态能量 vs v15 Jordan-Wigner 解析值
    dense(周期) = -10.251661790966   JW 解析 = -10.251661790966   偏差 = 3.38e-14
    -> 一致 (位序/符号自洽)

[T1] Majorana 代数 {γ_a, γ_b} = 2 δ_ab
    最大偏差 = 0.00e+00   -> 通过

--- A 部分: 开链 (L-1 条键, 无边界项) ---

[T2] 自由费米子判据: [H_open, γ_c] 落在 span{γ} 内的相对残差
    最差相对残差 = 0.00e+00   -> 通过 (H 纯二次)

[T3] 由 h 重建 H_rec, 检验 H_open - H_rec 是否为常数
    非对角残差 = 0.00e+00   -> 通过 (只差常数)

[T4] 开链基态协方差矩阵 Γ 是否纯高斯 (Γ² = -I)
    |Γ² + I| 最大元 = 1.55e-15   -> 通过

[T5] 由 Γ 算出的能量 vs 开链 ED 能量
    开链 ED 能量    = -9.837951447459
    由 Γ 算出的能量 = -9.837951447459   偏差 = 2.84e-14
    -> 一致 (定量闭环)

--- B 部分: 周期链 (报告性) ---

[T6] 边界项假设: σz_{L-1}σz_0 =? c · i γ_{2L-1} γ_0 · P,  P = Π_i σx_i
    最佳 c = -1.000000   残差 = 0.00e+00   -> 成立 (边界项 = 双线性 × 宇称)

[T7] 周期链 [H_per, γ_c] 相对残差 (对比开链)
    周期链 最差相对残差 = 5.77e-01
    开链   最差相对残差 = 0.00e+00
    -> 周期链**不**纯二次 (与开链形成对照)

[T8] 偶宇称扇区: H_til = H_open + J·i γ_{2L-1} γ_0 是否恢复纯二次
    [T8a] 周期基态的宇称 <P> = +1.000000000000   -> 偶宇称扇区 (P=+1, 前提成立)
    [T8b] H_til 最差相对残差 = 0.00e+00   -> 通过 (纯二次)
    [T8c] H_til 基态能量 = -10.251661790966
          周期 JW 解析值 = -10.251661790966   偏差 = 1.42e-14
          -> 一致 (周期链已接回高斯表述)

--- C 部分: 纯 Γ 表示 (2L×2L) 与规模 ---

[T9] 纯 h 构造 (2L×2L) 与稠密路径的一致性
    [T9a] 与稠密路径 hmat_til 的最大元差 = 0.00e+00   -> 一致
    [T9b] L=8: 由 h 的谱算得 E_gs = -10.251661790966
          稠密 H_til 基态能量   = -10.251661790966   偏差 = 1.42e-14
          -> 一致 (BdG 谱闭合)

[T9c] 规模: 只有 2L×2L, 无 2^L 希尔伯特空间
    L=  32: E_gs = -40.7600324942  JW = -40.7600324942  相对偏差 = 6.97e-16  用时 = 1.3 ms  OK
    L= 128: E_gs = -162.9787524134  JW = -162.9787524134  相对偏差 = 1.40e-15  用时 = 93.4 ms  OK
    L= 512: E_gs = -651.8996695594  JW = -651.8996695594  相对偏差 = 3.14e-15  用时 = 1412.2 ms  OK
    内存: h 为 1024×1024 float64 = 8.4 MB (对比 L=32 稠密矢量 2^32 不可行)

=== 判定 ===
    T0 位序/符号              : 通过
    T1 Majorana 代数        : 通过
    T2 纯二次(开链)            : 通过
    T3 完整重建(开链)           : 通过
    T4 纯高斯(开链)            : 通过
    T5 能量闭环(开链)           : 通过
    T6 边界项=双线性×宇称         : 通过
    T8 周期接回高斯表述           : 通过
    T9 纯 h 表示(可上大 L)      : 通过

    高斯表述: 可用 —— 开链严格成立, 周期链经宇称扇区亦成立
    周期链 T7(不设扇区) 残差 = 5.77e-01 ⇒ 原始 H_per **不**纯二次;
        T8 用 H_til=H_open+J·iγ_{2L-1}γ_0 在偶扇区恢复, 能量与周期 JW 一致。
    => 周期 TFI 的自由费米子性**依赖宇称扇区**; 这是数学事实, 不是数值误差。
       B2 实施时必须显式声明用的是 H_til(偶扇区) 还是开链, 不能含糊过去。
    边界: 本探针不产出物理结论; 它是后续任何 cMERA 构造的**前提**。
EXIT=0  用时 13.2 s  ->  符合登记预期  [全机 CPU 忙 33.0%, 8 核]

==============================================================================
[cmera4]  _v16_smoke_cmera4.py
  note: 探针 4 · cMERA 玻色子基准复现（K−1）。实测 65.4 s。其自身边界: 「这是**机器校准**, 不是物理结论」。
------------------------------------------------------------------------------
=== v16 探针 4 · cMERA 玻色子基准复现 (K-1)  [v16-smoke-cmera4-3] ===
文献: arXiv:2104.01551v2   (纯玻色子 free scalar)
Lambda = 100.0, m = 1.0000, M = sqrt(L^2+m^2) = 100.005000
本探针不产出任何关于 TFI 的物理结论 —— 它只回答"机器能否复现已发表解析结果"。

--- A 部分: S6 <-> S7 解析一致性 ---

[A1] S6 的 f(k,u_IR) 与 S7 的 g(u) 是否互为积分/微分关系
     S6: f(k,u_IR) = (1/4) log( (k^2+m^2) / M^2 )
     S7: g(u) = (1/2) L^2 e^{2u} / (L^2 e^{2u} + m^2),  k = L e^u

     k/Lambda   S6 解析          数值积分 -I(k)     相对偏差        
     0.050      -1.48808596    -1.48808596    4.64e-13    
     0.200      -0.80411973    -0.80411973    1.60e-14    
     0.500      -0.34649861    -0.34649861    8.01e-16    
     0.900      -0.05267439    -0.05267439    2.63e-16    
     最差相对偏差 = 4.64e-13  -> 一致
     note: 文献 f 取 int^0_{u_IR}, 被积函数受 Theta 截断后等价于
           -int^0_{log(k/L)} g du。此符号关系是本探针**数值确认**的, 不是假定的。

--- B 部分: 2x2 协方差流 vs 精确基态两点函数 ---

[B1] 用 S7 的 g(u) 走流, 末态两点函数是否等于精确基态 1/(2w), w/2

     k/Lambda   <phi phi>_流    1/(2w)_精确      相对偏差        
     0.050      0.09805807     0.09805807     1.72e-09    
     0.200      0.02496881     0.02496881     3.22e-11    
     0.500      0.00999800     0.00999800     7.52e-13    
     0.900      0.00555521     0.00555521     1.87e-15    

     <pi pi> 最差相对偏差        = 1.72e-09
     纯高斯 A*B - C^2 - 1/4 最大偏离 = 4.44e-15  -> 保持
     -> 通过

--- C 部分: 稠密 Fock 独立实现 (k = 0.50 Lambda) ---

[C1] 约定自检 (不依赖任何记忆公式)
     ||[phi_k,pi_-k] - i*I||_F = 74.605630   截断解析预测 74.605630   相对差 0.00e+00
     ||( sqrt(M)phi_k + i pi_k/sqrt(M) )|Omega>|| = 1.11e-16   (应 ~0)   
     [c,c^dag] 对角元 min/max = -42.000000 / 2.000000   (截断, 应 ~[2, 2-2n])
     ||W - W^dag|| / ||W||          = 0.9818   (W = {phi_k,pi_-k} 单支, 非厄米)
     ||K - K^dag|| / ||K||          = 0.00e+00   (K = (1/2)g(W+W^dag), 厄米)
     <Omega|[phi_k,pi_-k]|Omega> = 0.0000000000 + 1.00e+00i   应 = i
     <Omega|phi_k phi_-k|Omega> = 0.0049997500  vs 1/(2M) = 0.0049997500  相对偏差 0.00e+00
     <Omega|pi_k  pi_-k |Omega> = 50.0024999375  vs   M/2 = 50.0024999375  相对偏差 0.00e+00
     |Omega> 在 Fock 截断边界的权重(截断误差指示) = 0.00e+00
     -> 通过

[C2] 稠密流: <phi phi> 是否走到精确基态 1/(2w)
     <phi_k phi_-k> = 0.0099980006  vs 1/(2w) = 0.0099980006   相对偏差 3.33e-09
     <pi_k  pi_-k > = 25.0049994168  vs   w/2  = 25.0049995001   相对偏差 3.33e-09
     -> 通过

[C3] g_uu 三路对照 (S5 内积 / S5b 方差 / S5c g^2)

     u          S5 内积          S5b 方差         S5c g^2       
     -0.6917    2.498003e-01   2.498007e-01   2.498007e-01  
     -0.5531    2.498486e-01   2.498489e-01   2.498489e-01  
     -0.4144    2.498852e-01   2.498855e-01   2.498855e-01  
     -0.2758    2.499129e-01   2.499132e-01   2.499132e-01  
     -0.1372    2.499339e-01   2.499342e-01   2.499342e-01  
     -0.0014    2.499495e-01   2.499499e-01   2.499499e-01    <- 末步

     S5b 方差 / g^2 : 均值 1.000000  相对标准差 1.17e-15
     S5  内积 / g^2 : 均值 0.999999  相对标准差 1.10e-09
     note: 比值若为常数, 说明三条定义只差一个与 u 无关的归一化因子;
           该因子由 K 的归一化约定决定, 是**实测**得到的, 不是假定的。
     -> 三路 g_uu 互成比例 (比值 u-无关)

=== 判定 ===
    A  S6 <-> S7 解析一致性         : 通过
    B  2x2 协方差流 vs 精确两点函数   : 通过
    C  稠密 Fock 独立实现 + g_uu 三路 : 通过

用时: 58.1 s
K-1 玻色子基准: 复现成功 —— 机器可用, 可以进入费米子版。
边界: 这是**机器校准**, 不是物理结论; 玻色子基准不上我们的格点。
EXIT=0  用时 58.9 s  ->  符合登记预期  [全机 CPU 忙 73.2%, 8 核]

==============================================================================
[cmera5]  _v16_smoke_cmera5.py
  note: 费米子 cMERA 生成元转录验证（9 条 checks）。实测 4.5 s。
------------------------------------------------------------------------------
=== v16 探针 · 费米子 cMERA 生成元转录验证  [v16-smoke-cmera5-1] ===
口径: H_til = H_open + J·iγ_{2L-1}γ_0 (偶宇称扇区, v16_plan.md §3.2 口径 A)
生成元来源: JHEP09(2015)002 eq1.8 (v16/cMERA_Entropy_rev.tex 行 114/116)
识别声明: d_k ≡ c†_{-q_k}  —— 逻辑推断, 非原文陈述, 见模块头

L=8, J=1.0, h=1.0, dim=256

--- A 部分: 动量模式 (全部当场稠密核验) ---

[A1] c_j = (γ_{2j} + i γ_{2j+1})/2 的正则反对易关系
    max |{c_i,c_j†} - δ_ij| 与 |{c_i,c_j}| = 0.00e+00   -> 通过

[A2] c_q = L^(-1/2) Σ_j e^(-i q j) c_j 的反对易关系 (NS 动量集合)
    max |{c_q,c_q'†} - δ_qq'| = 1.75e-15   -> 通过
    q→-q 封闭性: max_k |q_k + q_(L-1-k)| = 6.28e+00

[A3] 色散: H_til 在 NS 动量上是否对角化 (让代码判定口径, 不假设)
    -Σ_k ω(q_k) = -10.251661790966   E_gs(h) = -10.251661790966   偏差 = 0.00e+00
    v15 JW 解析值 = -10.251661790966
    -> 一致 (NS 色散正确)

--- B 部分: 生成元 eq1.8 的结构核验 ---

[B1] 厄米性: 原文符号(-) 应厄米; 误写符号(+) 应反厄米
    |K - K†|          (sign=-1) = 0.00e+00   <- 应 ~0
    |K + K†|          (sign=+1) = 0.00e+00   <- 应 ~0 (反厄米)
    -> 通过 (符号被钉死)

[B2] 保高斯性: [K, γ_c] 是否落在 span{γ} 内 (探针 3 的 fermion_test)
    K(sign=-1) 最差相对残差 = 3.74e-16  -> 通过 (纯二次)
    K(sign=+1) 最差相对残差 = 3.44e-16  (也是二次的, 故 B1 才是判据)

[B3] 2L×2L 费米子高斯表示: reconstruct(hmat_k) 是否重建 K
    |reconstruct(K) - K| / |K| = 3.94e-16   -> 通过
    hmat_k 反对称性 |h + hᵀ| = 6.94e-18  (so(2L) 生成元应反对称)

--- C 部分: 三角 vs 双曲 (费米子的判别性特征) ---

[C1] U(t)|Ω⟩ 的占据数: 费米子应 sin²(gt); 玻色子才会 sinh²(gt)
    |Ω⟩=|−⟩^⊗L 上的 ⟨c†_q c_q⟩ = 1.93e-34  (eq1.9 的 c-真空, 应 ~0)
    t= 0.0: <n_q> = 0.000000000   sin²(gt) = 0.000000000  |Δ|=1.93e-34    sinh²(gt) = 0.000000000  |Δ|=1.93e-34
    t= 0.3: <n_q> = 0.012270481   sin²(gt) = 0.012270481  |Δ|=1.21e-17    sinh²(gt) = 0.012371686  |Δ|=1.01e-04
    t= 0.7: <n_q> = 0.065594398   sin²(gt) = 0.065594398  |Δ|=2.78e-17    sinh²(gt) = 0.068594434  |Δ|=3.00e-03
    t= 1.1: <n_q> = 0.156702112   sin²(gt) = 0.156702112  |Δ|=2.78e-17    sinh²(gt) = 0.174999953  |Δ|=1.83e-02
    t= 1.5: <n_q> = 0.277669242   sin²(gt) = 0.277669242  |Δ|=0.00e+00    sinh²(gt) = 0.340979339  |Δ|=6.33e-02
    -> 最差: 对 sin² 2.78e-17 / 对 sinh² 6.33e-02   => 三角关系成立 (费米子)

[C2] eq2.10 的两态结构 + eq2.12 熵
    t=0.9: γ = tan²(gt) = 0.119633179   γ/(1+γ) = 0.106850334
    实测 <n_q0> = 0.106850334   <n_-q0> = 0.106850334   (两模相等 ⇒ 配对结构)
    |A|²+|B|² = cos²+sin² = 1.000000000000   -> 三角归一 (eq1.15/1.16)
    eq2.12 S_k = 0.339879104035   稠密 2x2 熵 = 0.339879104035   偏差 = 5.55e-17

--- D 部分: K0 流步 —— 稠密 U vs 2L×2L 的 RΓRᵀ ---

[D1] |Ω⟩ 的 Γ 纯高斯性 |Γ²+I| = 0.00e+00  (应 ~0)

[D2a] |[K,γ_0] - iΣ_a hmat[a,0]γ_a| / |[K,γ_0]| = 2.30e-16
      hmat_k 虚部 max = 6.94e-18 (应 ~0);  max|hmat_k| = 0.241714
[D2b] |dΓ_dense - θ(hΓ-Γh)| / |dΓ_dense| = 5.66e-05   (|dΓ_dense| = 4.834e-05)
[D2c] max|Γ_dense - R Γ0 Rᵀ| = 5.55e-16   (|Γ| ~ 1.000)  相对 = 5.55e-16
      -> 一致 (高斯路径可用)

--- E 部分: eq2.16 相对熵 vs 4 g² du² (如实报告, 不调) ---
    参考: 文献 eq2.16/2.15 预测值 4g²du² = 5.476000e-11
    t= 0.2: 费米子 S = 2.738022e-11 (比值 0.500004)   玻色子 S = 2.738047e-11 (比值 0.500009)
    t= 0.8: 费米子 S = 2.738025e-11 (比值 0.500005)   玻色子 S = 2.738018e-11 (比值 0.500003)
    t= 1.4: 费米子 S = 2.738004e-11 (比值 0.500001)   玻色子 S = 2.737998e-11 (比值 0.500000)

=== 判定 ===
    A1 c_j 反对易            : 通过
    A2 c_q 反对易            : 通过
    A3 NS 色散              : 通过
    B1 厄米性(钉符号)           : 通过
    B2 保高斯性               : 通过
    B3 2L×2L 重建           : 通过
    C1 三角 sin²(gt)        : 通过
    C2 eq2.10/2.12        : 通过
    D  K0 流步              : 通过

    生成元转录: 可用 —— eq1.8 已在我们格点上钉死

=== 诚实边界 ===
  1. d_k ≡ c†_{-q_k} 是**逻辑推断**(原文是狄拉克反粒子, TFI 无此物), 非原文陈述。
  2. 本探针**不建 L 算符**。有限格点上尺度算符无良定义(v16_plan.md §3.0, 探针 2 死因)。
     u 依赖只通过 g_k(u) 的 cutoff 与 (k e^u/Λ) 前因子进入; L 的处置是独立口径问题。
  3. E 部分的比值**只报数**, 不做判据 —— eq2.16 的 g 是否含 (k e^u/Λ) 前因子
     需要原文上下文才能定, 不在本探针的射程内。
  4. 本探针不产出任何 TFI 物理结论。

用时 4.0 s
EXIT=0  用时 10.6 s  ->  符合登记预期  [全机 CPU 忙 34.3%, 8 核]

==============================================================================
[b1_void_limit]  _v16_smoke_b1_void_limit.py
  note: B1 冒烟(一) L1 下游连线。`check()` 22 次（plan 记的 22/22 指这个, 非输出字符串）。**猴补 `G.exact_ground_state`（记忆化）⇒ 必须独立进程**（其 memo 靠 `_ForwardingFacade.__setattr__` 写回 `_model.*` 才生效）。
------------------------------------------------------------------------------
=== v16 · B1 冒烟测试 (L1 下游连线) ===
[阶段一] 空无基底: 局部维度 d=2, 酉条件数=1.00

  (1)(2) 真调 derive_L1_void_to_chain(equal_state, L=16)
  [L1] 空无 -> 链: d_local=2 张成 65536 维, dim_full=65536, 与 2^16 匹配=True
  [L1] |<void|gs(h/J)>|^2 = 2:0.763404, 4:0.938351, 8:0.984428, 16:0.996097, 32:0.999024  (对 h/J 单调上升=True)
    [PASS] dim_full == 2**L  —— 65536 vs 65536
    [PASS] dim_match 为真
    [PASS] overlap_curve 有 5 个点  —— ['2', '4', '8', '16', '32']
    [PASS] 单调上升 (判据 1/2)  —— 2:0.763404  4:0.938351  8:0.984428  16:0.996097  32:0.999024
    [PASS] overlap_inf > 0.99 (判据 2/2)  —— 0.99902365
    [PASS] **有限 h 的诚实标注**: overlap_inf 严格小于 1  —— 1 - overlap_inf = 9.764e-04

  (2) 可证伪 —— 维数不对时 dim_match 必须失败
  [L1] 空无 -> 链: d_local=3 张成 81 维, dim_full=81, 与 2^4 匹配=False
  [L1] 张成维数 81 != 2^4: 该态不在链的 Hilbert 空间里, **跳过重叠计算**, overlap_inf 如实为 nan
    [PASS] d_local=3, L=4: dim_match 翻成 False  —— dim_full=81, 张成=81
    [PASS] 维数不符时**跳过**重叠 (不崩) 且 overlap_inf 如实为 nan  —— curve=[] inf=nan

  (3) **纯增量** —— 传/不传 void_state, 阶段二读数逐位相同
      · 基准噪声: 同一个 exact_ground_state 连调两次, |dE0| = 3.553e-15, 相对 1.7e-16
[阶段二] 临界点对称性破缺: L=16, h/J=1.0
  E0/L=-1.275287, S(L/2)=0.7501, Schmidt 极化=250.673, gap=p1/p0=0.366151
[阶段二] 临界点对称性破缺: L=16, h/J=1.0
  E0/L=-1.275287, S(L/2)=0.7501, Schmidt 极化=250.673, gap=p1/p0=0.366151
    [PASS] E0 逐位相同  —— -20.40459447475666 vs -20.40459447475666
    [PASS] entropy 逐位相同  —— 0.7500553972738769 vs 0.7500553972738769
    [PASS] polarization 逐位相同  —— 250.67260731067583 vs 250.67260731067583
    [PASS] gap 逐位相同  —— 0.36615140348007835 vs 0.36615140348007835
    [PASS] gs 逐位相同
    [PASS] probabilities 逐位相同
    [PASS] 返回字典的键集未变 (无新增字段)  —— []

  (4) 断言是活的 —— 维数不符必须抛 AssertionError
[阶段二] 临界点对称性破缺: L=16, h/J=1.0
    [PASS] 维数不符抛出 AssertionError  —— L1 域态维数 4 != 2**16 = 65536

  (5) 推离负对照 —— 真调 l1_void_pushaway
  [L1] 推离 (h/J=32): theta=0.1:0.960446, theta=0.3:0.700098, theta=0.6:0.237204  → theta*=0.3 (overlap=0.7000981430032137)
    [PASS] 有 theta 使重叠跌破 0.9 (theta_star 非 None)  —— theta*=0.3, overlap=0.7000981430032137
    [PASS] theta* 处重叠确实 < 0.9  —— 0.700098
    [PASS] 推离越多重叠越低 (曲线随 theta 单调下降)  —— 0.1:0.960446  0.3:0.700098  0.6:0.237204
  [L1] 推离 (h/J=32): theta=0:0.999024  → theta*=None (overlap=None)
    [PASS] theta=0 与 derive_L1_void_to_chain 的 overlap_inf 一致  —— 0.9990236461 vs 0.9990236461
    [PASS] **口径限制**如实标注: 推离的 overlap 由被转动的态直接算出  —— 标定灵敏度尺度, 不是独立的物理证伪 (见守卫 note)

  (附) W11 源码扫描判据的**复现** (非守卫本身)
    [PASS] 复现: 扫描到 equal_state 且被下游取用  —— 11 处出现, consumed=True

=== 结果: 全部通过 ===
EXIT=0  用时 14.9 s  ->  符合登记预期  [全机 CPU 忙 23.8%, 8 核]

==============================================================================
[b1_ledger_row]  _v16_smoke_b1_ledger_row.py
  note: B1 冒烟(二) 台账 L1 格运行时耦合。`check()` 16 次。docstring 自陈须**孤立**运行: 「只有 B1 的三条守卫在册…这是孤立运行的性质, 不是缺陷」⇒ 独立进程是硬要求。
------------------------------------------------------------------------------
=== v16 · B1 冒烟测试(二): 台账 L1 格的运行时耦合 ===
[阶段一] 空无基底: 局部维度 d=2, 酉条件数=1.00
  [L1] 空无 -> 链: d_local=2 张成 65536 维, dim_full=65536, 与 2^16 匹配=True
  [L1] |<void|gs(h/J)>|^2 = 2:0.763404, 8:0.984428, 32:0.999024  (对 h/J 单调上升=True)
  [L1] 推离 (h/J=32): theta=0.1:0.960446, theta=0.3:0.700098, theta=0.6:0.237204  → theta*=0.3 (overlap=0.7000981430032144)

  (1) 真调 metric_l1_void_link() 注册守卫/指标
    [PASS] 注册了 1 条指标  —— 14 L1 空无到链的下游连线 (重叠曲线)
    [PASS] 注册了 3 条守卫  —— B1 主判据: L1 域态重叠对 h/J 单调上升且 h/J=32 时 > 0.99 | B1 维数: dim_full 与 2**L 相符 (首次被真消费) | B1 推离: 转动 L1 局部态后重叠跌破 0.9
    [PASS] 三条都是**计分**守卫 (expect_pass=True)
    [PASS] 三条都通过 (ok=True)  —— []

  (2) 台账 L1 行指名的守卫**确实在 GUARDS 里** (phantom 检查的实质)
    [PASS] _NEG_CTRL_TABLE 恰有一行 L1
    [PASS] L1 行不再是"缺"  —— 状态 = '已补'
    [PASS] L1 行的类型是"推离"  —— '推离'
    [PASS] L1 行引用的守卫名**逐字**存在 (否则全流程末尾判失败)  —— 引用=['B1 推离: 转动 L1 局部态后重叠跌破 0.9'], 缺失=[]

  (3) 真调 metric_negative_control_ledger(), 看 L1 那格

  ── v15·W6 负对照台账 (逐层) ──
      层   阶段                      对照数    类型                        守卫
      L1  空无基底等权叠加蕴潜能             1      推离                        1
      L2  量子涨落扰动对称性破缺             3      推离,二路径,二路径                0
      L3  自指的动力学涌现                3      推离,二路径,推离                 0
      L4  自指画定边界投影出全息             1      推离                        0
      L5  全息自然展开生成了时空             2      零模型,二路径                   0
      L6  时空提供梯度孕育显生命             2      二路径,推离                    0
      L7  生命涌现意识自照见空无             1      上界                        0
      覆盖 7/7 层; 缺口 []
      台账完整性: 幻影引用 ['F1 twist 保持实矩阵 (可喂 float MERA)', 'F1 同族: 跨边界条件已运行 (PBC vs θ=π twist)', 'F1 跨边界条件相对差 <= 5%', 'F1 边界条件确实换了态 (E0 与 S(L/2) 都变)', 'F2a 主判据: c_fit 峰在临界点', 'F2a 区分力: 非临界点正确失败', 'F2a 次判据: S(L/2) 峰位在窗口内', 'F2a 诊断: gap 单调 (不作判据)', 'F5 诊断: Gray-Scott 的 u+v 不是守恒量', 'F5-L2 基态能量与 JW 闭合式一致', 'F5-L3 幂迭代残差达阈', 'F5-L5 Forman 在环 C_n (n>=4) 上为 0', 'F5-L6a 离散拉普拉斯零和', 'F5-L6b Gray-Scott 精确离散平衡恒等式', 'F5-L7 熵比与等权度满足上界', 'F6a 对照几何族已建立', 'F6b MERA 体几何处于对照分布内 (非统计异常)', 'F6c 诊断: MERA 并非比全部对照更负', 'F7 _char_scale 输入校验生效', 'L4 键维向下对照: 压到面积律下界以下下游退化', 'V6 权重自由变体秩1化', 'V7 权重归一变体秩1化', 'W1 可达 N 上变体 A 不秩1化', 'W1 诊断: 冻结对照并非"永不收敛"'], 缺失层 无
      判据: 只有能**在结论不成立时失败**的检查才算负对照 —— 正性/有限性检查已排除
    [PASS] L1 已被计为"有对照" (n_controls == 1)  —— {'L1': 1, 'L2': 3, 'L3': 3, 'L4': 1, 'L5': 2, 'L6': 2, 'L7': 1}
    [PASS] L1 已**不在**缺口名单里  —— 缺口 = []
    [PASS] L1 那格数到 1 条存活守卫  —— {'L1': 1, 'L2': 0, 'L3': 0, 'L4': 0, 'L5': 0, 'L6': 0, 'L7': 0}
    [PASS] 覆盖层数 (孤立运行下口径自洽: 覆盖 + 缺口 = 7)  —— 覆盖 7/7, 缺口 []
    [PASS] B1 的守卫名**没有**出现在 phantom 名单里  —— phantom 共 24 条 (孤立运行, 其它层的守卫未注册 —— 属正常)
    [PASS] L1 那格的类型是"推离"  —— ['推离']

  (4) claim 列指向的指标名与真实注册名一致
    [PASS] 台账 L1 行在 _NEG_CTRL_CLAIM 里有登记  —— 键 = ('L1', 'B1 · 局部等权态转动推离')
    [PASS] claim 列指向的指标名 == 真实注册的指标名  —— '14 L1 空无到链的下游连线 (重叠曲线)' vs '14 L1 空无到链的下游连线 (重叠曲线)'

=== 结果: 全部通过 ===
EXIT=0  用时 9.7 s  ->  符合登记预期  [全机 CPU 忙 20.0%, 8 核]

==============================================================================
[b3_ledger]  _v16_smoke_b3_ledger.py
  note: B3 台账。`check()` 24 次（plan 记的 26/26 指注册规模, 非输出字符串）。只读 `v15/_v15_run.log`（冻结的外部参照, plan :87）—— 不写盘。
------------------------------------------------------------------------------
=== v16 · B3 冒烟测试 ===

[第一部分] 负向测试 —— 每条检查都必须能被坏输入触发
  · 基线 (健康输入):
    [PASS] 基线 (b) 无幻影  —— []
    [PASS] 基线 (c) 无伪独立  —— []
    [PASS] 基线 (d) 无未归层  —— []
    [PASS] 基线 (e) claim 列完备  —— 未登记=[] 幻影=[] 主张不存在=[]
    [PASS] 基线 (a) **只报不判** —— 有孤儿但 ok 仍为真  —— n_orphans=8 ok=True
  · (a) 孤儿主张: 有判定但无守卫指认 —— 必须出现在名单里
    [PASS] (a) 无守卫指认的被列出  —— ['中心荷误差', '14 L1 空无到链的下游连线 (重叠曲线)', '6 跨边界条件中心荷交叉检验 (同族)', '7 一致性检查束 (数值路径 <-> 解析路径)', '8 涌现几何的对照鲁棒性', '9 自指变体秩1化的 N 依赖 (相图)', 'III-A1 描述子距离', '10 谱学中心荷 (能谱族)']
    [PASS] (a) 被 where 指认的不在名单里
  · (b) 幻影引用: tests_claims 指向不存在的主张
    [PASS] (b) 幻影被报出且 ok=False  —— ['99.9']
  · (b) 真实引用: claim_id 存在时按 id 指认, 孤儿消失
    [PASS] (b) 无幻影且该条孤儿清零  —— phantom=[]
  · (c) 伪独立 —— 三种失败都要报
    [PASS] (c) 未登记同源被报出  —— [('SX', '未登记同源', ['中心荷误差'])]
    [PASS] (c) 登记成员不符被报出  —— [('W3b_spectrum', '登记成员不符', ['10 谱学中心荷 (能谱族)'])]
    [PASS] (c) 与登记表逐成员一致时通过  —— []
    [PASS] (c) 登记表指向不存在的数据源被报出  —— [('W3b_spectrum', '登记表指向不存在的数据源', ['10 谱学中心荷 (能谱族)', 'W3b v 无关比值单调趋 8', 'W3b 谱学 c 与 0.5 相容到 1%'])]
  · (d) 未归层项 —— 名字与 where 都命中不了规则
    [PASS] (d) 两条未归层都被列名报出且 ok=False  —— [('metric', 'ZZ 无规则指标'), ('guard', 'ZZ 无规则守卫')]
  · (e) 台账 claim 列的四种情况
    [PASS] (e) 未登记的对照条目被报出且 ok=False  —— ['L9/ZZ · 未登记对照']
    [PASS] (e) 登记表里的幻影条目被报出且 ok=False  —— ['L7/F5-L7 · 熵比与等权度上界']
    [PASS] (e) 登记表指向不存在的主张被报出且 ok=False  —— ['5 临界性负对照 (h/J 扫描)']
    [PASS] (e) 实际登记表已无留缺 (B1 补上了 L1)  —— []
    [PASS] (e) 值为 None 的条目进 nc_gap 且**不算失败**  —— ['L1/ZZ 注入留缺']

[第二部分] (d) 对**真实清单**的覆盖率 (源: v15/_v15_run.log; 该转储早于 B3-1 字段增补 ⇒ 无 claim_id/source_id)
  · 重建: 指标 26 条, 守卫 74 条
    [PASS] 重建条数与 v15 全流程日志一致 (26 / 74)  —— 实测 26 / 74
    [PASS] (d) 真实清单**零未归层**  —— []
    [PASS] (b) 真实清单无幻影引用 (日志转储不含 tests_claims)
    [PASS] (e) v15 时代的主张在真实清单里全部解析得到  —— []
    [PASS] (e) 未解析的**只有** B1 新增的那一条 (v15 转储不可能有它)  —— 未解析=['14 L1 空无到链的下游连线 (重叠曲线)'], B1 新增=['14 L1 空无到链的下游连线 (重叠曲线)']

  · 口径匹配率实测 (分母 = 有 pass/fail 判定的 tier-1/2 指标 = 18)
        L1: **无计分指标**  (同层守卫 1 条)
        L2: 2/3   (同层守卫 13 条)
        L3: 1/3   (同层守卫 5 条)
        L4: 0/5   (同层守卫 2 条)
        L5: 5/5   (同层守卫 23 条)
        L6: **无计分指标**  (同层守卫 7 条)
        L7: **无计分指标**  (同层守卫 2 条)
        EXT: **无计分指标**  (同层守卫 17 条)
        X: 1/2   (同层守卫 4 条)
    => 有守卫指认 9/18; 其余 9 条**没有任何既有守卫指认**:
        · 中心荷误差
        · 共形不变性
        · MERA 一致性
        · 全程稳健性
        · 因果链拟合 RMSE
        · 纠缠熵 KL 散度
        · 关联衰减指数
        · Jordan 块收敛率
        · 13 负对照台账 (逐层)
    注 1: 本段用**日志转储**, 故 C5b 的 claim_id 指认 (真实运行时才有) 不在此体现 —— 此处匹配率是**下界**。
    注 2: 匹配口径是「某守卫的 where 出现在该指标的 method 里」。对不上**不等于缺陷** —— v15 里指标的 pass/fail 本就是它与自己目标的比较, 守卫是**另一个**注册表; 这条数字量的是「有多少条主张另有独立守卫», 不是「有多少条主张被检验过」。

=== 结果: 全部通过 ===
EXIT=0  用时 0.2 s  ->  符合登记预期  [全机 CPU 忙 17.0%, 8 核]

==============================================================================
[gaussian.stage1]  _v16_cmera_gaussian.py stage1
  note: **冻结判据** 9/9。实测 3.4 s。任何改动都不得扰动它。
------------------------------------------------------------------------------
=== v16 · 高斯 cMERA 阶段 1 自检  [v16-cmera-gaussian-1] ===
口径 A: H_til = H_open + J·iγ_{2L-1}γ_0 (偶宇称扇区)
u 约定: IR→UV, u_UV=0（2104.01551 的 S7 方向; 与 JHEP 反向, û=−u）
L=8, J=1.0, h=1.0, dim=256

--- S1 升格保真（重跑 K−2 的已钉死数字） ---
    [S1a] max|{c_i,c_j†}−δ| = 0.00e+00   (K−2 记录 0.00e+00)   -> 通过
    [S1b] max|{c_q,c_q'†}−δ| = 1.75e-15   (K−2 记录 1.75e-15)   -> 通过
    [S1c] |K−K†|(sign=−1) = 0.00e+00  |K+K†|(sign=+1) = 0.00e+00   -> 通过
    [S1d] K 最差相对残差 = 3.74e-16   (K−2 记录 3.74e-16)   -> 通过
    [S1e] |Ω⟩=|−⟩^⊗L 上 ⟨c†_q c_q⟩ = 1.93e-34   (应 ~0; |+⟩^⊗L 会给出 1.0)   -> 通过
    [S1f] max|Γ_dense − RᵀΓ₀R| / |Γ| = 5.55e-16   (K−2 记录 5.55e-16)   -> 通过

--- S2 纯 2L×2L 路径 ≡ 稠密路径（**阶段 1 的唯一目的**） ---
    [S2a] |hmat_pure − hmat_dense| / |hmat_dense| = 4.22e-15   (|hmat_dense| = 0.241714)
          -> 一致 (纯 2L 路径可用)
    [S2b] |hmat_pure + hmat_pureᵀ| = 0.00e+00   -> 通过 (so(2L) 生成元)
    [S2c] L=32: 纯路径 64×64 = 0.03 MB, 用时 56 ms
          对照: 稠密算符需 2^32×2^32 = 2.951e+11 GB —— 红线禁止, 故纯路径是必需的

=== 阶段 1 判定 ===
    S1a A1 c_j 反对易            : 通过
    S1b A2 c_q 反对易            : 通过
    S1c B1 厄米性(钉符号)           : 通过
    S1d B2 保高斯性               : 通过
    S1e C1 |Ω⟩ 是 c-真空         : 通过
    S1f D 流步 RᵀΓR             : 通过
    S2a pairing_hmat ≡ 稠密     : 通过
    S2b pairing_hmat 反对称      : 通过
    S2c 纯路径可上 L=32            : 通过

    阶段 1: 通过 —— 纯 2L×2L 路径已钉死, 可进阶段 2 (K1–K6)

=== 诚实边界 ===
  1. 本文件不建 L 算符(§3.4.0 主线 A)。**L|Ω⟩=0 在本口径下未被检验** ——
     不得写成「满足 cMERA 全部定义」。诊断 B(离散 L, L=8) 属阶段 2。
  2. d_k ≡ c†_{-q_k} 是逻辑推断(原文 d 是狄拉克反粒子), 非原文陈述。
  3. K1/K2 的靶 g(u) 来自 2104.01551(**玻色子**)。费米子版闭式原文没有
     (JHEP §3 整节无费米子内容, eq3.5i 是玻色子的) ⇒ 用玻色子靶检验费米子实现是**继承的假设**。
  4. 阶段 1 不产出任何 TFI 物理结论。**本自检不含** `g_uu` / 熵 / 变分优化;
     变分优化与 K1–K6 已在阶段 2 实现（见文件头）, 走 `stage2` 分支。
     注: `g_uu = g(u)²` 由 eq3.4x + K−1 在文献侧关闭, 本文件不需实现它。

用时 2.4 s
EXIT=0  用时 9.2 s  ->  符合登记预期  [全机 CPU 忙 27.2%, 8 核]

==============================================================================
[gaussian.stage2check]  _v16_cmera_gaussian.py stage2check
  note: 阶段 2 自检 4/4。`4.203e-15` 是 S2a2 的已登记读数（2026-09-25 修 √2 后）—— 钉住它是为了「修完之后没再漂」。实测 76.2 s。
------------------------------------------------------------------------------
=== v16 · 高斯 cMERA 阶段 2 自检  [v16-cmera-gaussian-1] ===
口径 A: H_til = H_open + J·iγ_{2L-1}γ_0 (偶宇称扇区)
    [S2a2] |hmat_pure(+1) − hmat_dense(−i·K_gen)| / |·| = 4.203e-15   -> 通过
    [S3] max|Γ_解析 − Γ_稠密| = 0.000e+00   -> 通过
    [S4a] max|⟨n_q⟩_稠密 − sin²φ*| = 1.443e-15   -> 通过
    [S4b] |⟨H⟩ − E0|/|E0| = 4.565e-04   (⟨H⟩=-10.246981400690, E0=-10.251661790966)   -> 通过

=== 阶段 2 自检判定 ===
    S2a2 sign=+1 ≡ 稠密         : 通过
    S3 Γ(|Ω⟩) 解析 ≡ 稠密         : 通过
    S4 ⟨n_q⟩ = sin²φ*         : 通过
    S4b ⟨H⟩ 闭合到 E0            : 通过

    阶段 2 自检: 通过

用时 55.5 s
EXIT=0  用时 62.6 s  ->  符合登记预期  [全机 CPU 忙 57.9%, 8 核]

==============================================================================
[gaussian.run_K4]  _v16_cmera_gaussian.py run_K4
  note: K4 负对照: 把 χ 换成**常数**, K1/K2 必须变差。断言两条 —— (i) 口径 A 横幅(audit §三 硬边界: 口径须出现在每处输出的第一行; run_K4 走 _stage2_preamble); (ii) `判定: 通过` 这个汇总句。⚠️ 判据语义边界(已写进 run_K4 的 docstring): 它只在生成元**非尺度不变**时才构成负对照; 本文件走变分原理, 故适用。⚠️ **用时存疑**: 2026-09-25 单独实测 **58.3 s**, 而先前登记的 run_K4 用时是 **173.4 s**(差 3.0×), 二者各自的 L 上下文**未核对** ⇒ 按审计 §七·7 纪律: **只登记, 不解释、不复测**。本条目是**用户 2026-09-25 点名加入**的(此前 audit §七·11 登记为「支持的动词、但未擅自加入注册表」)。
------------------------------------------------------------------------------
=== v16 · 高斯 cMERA 阶段 2  [v16-cmera-gaussian-1] ===
口径 A: H_til = H_open + J·iγ_{2L-1}γ_0 (偶宇称扇区)
变分原理（**选择, 非原文操作化定义**）: 极小化末态 ⟨H_til⟩ over 分段常数 χ(u)
K1/K2 的靶是**裸量 χ**（与原文行 104 玻色子 `g_k^B=Γ·g^B` 无前因子对应）; 口径选择, 见文件头

--- K4 负对照 (h=1.0) ---
    变分 χ(u)   : ⟨H⟩ = -20.394733564994  (相对 E0 4.833e-04)
    最优常 χ=2.1385: ⟨H⟩ = -1.395675307313  (相对 E0 9.316e-01)
    [扫描] χ ∈ [-6.0, 6.0] 粗扫 121 + 细化 40; 最优点在**区间内部** ✓
    -> u 方向**有**信息 (变分胜出)

    判定: 通过

总用时 57.4 s
EXIT=0  用时 63.8 s  ->  符合登记预期  [全机 CPU 忙 22.7%, 8 核]

==============================================================================
[presets]  _v16_smoke_presets.py
  note: 预设层审计 (§5.4 的三条"给定"预设)。把「给定」细分成「承重 / 不承重」: #1 d_local=2 **承重**(换掉则链在两处断: dim_match 里硬编码的 ==2**L 闸, 与 l1_void_pushaway 的 2x2 R_y 显式 ValueError); #2 复数域 / #3 随机测度 **不承重**(唯一载体 Q 在链上无消费者, equal_state 与 seed 无关)。每条检验都配一个**活的反事实构造**。⚠️ 本条目"只细分、**不导出**任何预设"的读法**已被 `derive_presets` 取代** —— 保留它是因为它仍是一条独立可跑的检查, 不是因为它还是现行口径。
------------------------------------------------------------------------------
=== v16 · 预设层审计冒烟 (§5.4 三条给定预设) ===
    承重性判据: 换掉该预设, 链条某一步会不会断?

  P1 · 预设 #1 局部维度 d_local=2 —— 给定**且承重**
[阶段一] 空无基底: 局部维度 d=2, 酉条件数=1.00
[阶段一] 空无基底: 局部维度 d=3, 酉条件数=1.00
  [L1] 空无 -> 链: d_local=2 张成 16 维, dim_full=16, 与 2^4 匹配=True
  [L1] |<void|gs(h/J)>|^2 = 2:0.923442, 4:0.983370, 8:0.996029, 16:0.999019, 32:0.999756  (对 h/J 单调上升=True)
  [L1] 空无 -> 链: d_local=3 张成 81 维, dim_full=81, 与 2^4 匹配=False
  [L1] 张成维数 81 != 2^4: 该态不在链的 Hilbert 空间里, **跳过重叠计算**, overlap_inf 如实为 nan
    [PASS] d_local=2: dim_match 为真 (链条走过)
    [PASS] d_local=3: 张成维数 == dim_full == 3**4 == 81  —— 81 == 81 == 81
    [PASS] d_local=3: dim_match 仍翻成 False  —— 维数两边**自洽**, 翻 False 的唯一原因是 dim_match 里那道硬编码 `== 2**L` 的闸 (2**4 = 16)
    [PASS] d_local=3: 重叠被跳过, overlap_inf 如实为 nan  —— curve=[]
    [PASS] d_local=3: 推离拒绝执行 (ValueError, 显式说明理由)  —— 推离只在单比特局部态上有定义, 收到 size=3
    [PASS] **检验是活的**: d_local=2 与 3 的 dim_match 确实不同  —— True vs False —— 不是恒真/恒假的检查

  P2 · 预设 #2 复数域 + 内积 + 归一化 —— 给定**且不承重**
    [PASS] 初态是实值的 (复数结构不在初态里)  —— equal_state = ones(2)/sqrt(2), |imag|max = 0.0e+00
    [PASS] derive_L1_void_to_chain 的签名里没有 Q/unitary  —— equal_state, L, h_wide, J
    [PASS] l1_void_pushaway 的签名里没有 Q/unitary  —— equal_state, L, thetas, h_ratio, J
    [PASS] stage2_critical_break 的签名里没有 Q/unitary  —— L, J, h, void_state
    [PASS] **检验是活的**: 若签名里加上 unitary, 同一条检验会翻红  —— 反事实构造的签名 = ['unitary', 'equal_state', 'L'] ⇒ 该检验能分辨

  P3 · 预设 #3 随机测度 (复高斯 -> QR) —— 给定**且不承重**
[阶段一] 空无基底: 局部维度 d=2, 酉条件数=1.00
[阶段一] 空无基底: 局部维度 d=2, 酉条件数=1.00
[阶段一] 空无基底: 局部维度 d=2, 酉条件数=1.00
[阶段一] 空无基底: 局部维度 d=2, 酉条件数=1.00
[阶段一] 空无基底: 局部维度 d=2, 酉条件数=1.00
    [PASS] equal_state 逐位不随 seed 变  —— 5 个 seed 全等
    [PASS] cond(Q) == 1 对所有 seed 成立 (构造性为真)  —— QR 的输出按构造就是酉的 ⇒ 这个上报量对任何输入恒为 1
    [PASS] Q 本身确实随 seed 变 (随机测度没被关掉)  —— ||Q(seed=0) - Q(seed=1)|| = 2.489573
    [PASS] **检验是活的**: 若初态由 Q 派生, 同一条检验会翻红  —— 反事实构造: equal_state := Q[:,0] ⇒ seed 会影响它
[阶段一] 空无基底: 局部维度 d=2, 酉条件数=1.00
[阶段一] 空无基底: 局部维度 d=2, 酉条件数=1.00
    [PASS] 默认 seed=0 ⇒ 连调两次逐位相同 (可复现性不受随机测度影响)

  === 三条预设的承重性判定 ===
    #1 d_local=2          : 给定 **且承重**   —— 换掉则链在两处断
    #2 复数域+内积+归一化 : 给定 **且不承重** —— Q 在链上无消费者
    #3 随机测度           : 给定 **且不承重** —— equal_state 与 seed 无关
    ⇒ 三条都**仍是给定的**(§5.4 的缺口不因本文件而消失); 本文件只把
      '给定' 细分成 '承重' / '不承重' 两态, 供审计表登记。

=== 结果: 全部通过 ===
EXIT=0  用时 7.3 s  ->  符合登记预期  [全机 CPU 忙 27.7%, 8 核]

==============================================================================
[l5_l6_bridge]  _v16_smoke_l5_l6_bridge.py
  note: L5->L6 空桥 (§5.4)。**结论是「打不通」, 且这是本项目自身边界的必然结论**, 不是技术不足 —— 唯一的「打通」语义是把 MERA 图几何当作物理空间, 而 B2 硬边界禁止「宣称涌现时空」。实测同时抓出一处 claim<->代码不符: KNOBS 里 n_lambda 的注释自称依据 xi/L 的尺度不变性, 而 xi/L 扫描对该函数**零影响**。
------------------------------------------------------------------------------
=== v16 · L5->L6 空桥尝试 (§5.4) ===
    判据: 改动 L5 的读数, L6 的输出必须跟着变 —— 否则桥不存在

  (a) 扫描 xi_over_L, 真调 derive_L6_grid
    [PASS] xi_over_L 扫描下 L6 输出逐位相同  —— 7 个取值 -> 1 种输出
    [PASS] 真实读数 xi/L=1.2071 也在其中 (不是只扫了玩具值)  —— xi/L=1.2071 -> N=36, bound_by=分辨要求 (N_req)
    [PASS] **结论**: xi/L 对 L6 的算法**零影响**  —— ⇒ KNOBS 注释里那句「来自 xi/L 的尺度不变性」在本函数的算术里不存在

  (b) 检验是活的 —— 反事实构造下同一条扫描必须翻红
    [PASS] 反事实(真用了 xi/L)下, 同一族取值给出不同结果  —— 反事实 N: [1, 4, 18, 44, 72, 360, 3600] ⇒ 该扫描有分辨力

  (c) 对照组 —— 这些旋钮**确实**改变输出 (函数不是整个死的)
    [PASS] n_lambda 加倍 ⇒ N_req 变 (它只有这一条通路)  —— N_req 36 -> 72
    [PASS] L_domain 加倍 ⇒ N_cap / h 变  —— N_cap 55 -> 111, h 0.013889 -> 0.027778

  (d) 结构性检验 —— L5 的几何在签名上就进不了 L6
    [PASS] derive_L6_grid 的签名里没有图/几何/Forman  —— 参数 = ['xi_over_L', 'knobs', 'xi']
    [PASS] L5 的派生量确实是几何 (Forman), 与 L6 的入参不同域  —— derive_L5_forman_from_degree 产出 Forman 均值; derive_L6_grid 只收标量旋钮

  === 结论: L5->L6 **打不通**, 且不是技术不足 ===
    · 直接桥: 由范畴论证关闭 (量纲 + 物理双重错误), 理由已在
      derive_L6_grid 的 docstring 里 —— 这条论证比任何实测都强。
    · 间接'依据': KNOBS['n_lambda'] 的注释声称依据 xi/L 的尺度不变性,
      实测零影响 ⇒ **注释与事实不符**, 属 B3 该抓的 claim↔代码不符。
    · 唯一的'打通'语义是把 MERA 图几何当作物理空间 —— 那正是 B2 硬边界
      禁止的「不宣称涌现时空」⇒ 打不通是**本项目边界的必然结论**。
    · 按用户的停止规则: **停在这里**, 不改判据、不硬接。

=== 结果: 全部通过 ===
EXIT=0  用时 8.2 s  ->  符合登记预期  [全机 CPU 忙 35.5%, 8 核]

==============================================================================
[derive_presets]  _v16_smoke_derive_presets.py
  note: 预设层的**真导出**尝试（用户 2026-09-25 点名: 「去真的导出 d_local=2 或复数域」）。**它取代了此前「只把给定细分成承重/不承重」的读法** —— 那一读法被用户否掉。结论两条: (A) `d_local` 的**奇偶**被**初等**导出 —— γ₀,γ₁ 是反对易的对合 ⇒ `n₊=n₋` ⇒ dim 必为偶 ⇒ **d_local 必为偶**, 故 `d_local=3` 不是"代码没支持"而是**数学上不可能**; **但偶数中取 2 仍是选择**(v16.4·D5 订正 2026-09-27: 原文写「A5 实测 γ⊗I 不被排除」—— 该载体可约(dim comm=256) ⇒ **已被这条定理排除**)。(B) 复数域 **L1 处不承重**(L1 链上态与 TFI 基态实测都是实的, 相位不变判据 |Σψ²| = 1), 那个 `i` 是在**下游**由 `H_til` 的**厄米性**强制(γ_aγ_b 实测反厄米, 全部 56 对) —— 但其前提(**费米子表述**)本身是选择 ⇒ **与 (A) 同一个根**。⇒ 三条"给定"收敛为**一个**选择 + 它的两个推论(那条「最小性」已由 v16.4·D5 证明与同一表述选择是一回事, 不另计); 缺口比 §5.5 记的小, **但不是零** —— 本条目**不宣称缺口已修复**。**不加守卫/指标**(不动 27/78)。
------------------------------------------------------------------------------
=== v16 · 预设层「真导出」尝试 (d_local=2 / 复数域) ===
    与 _v16_smoke_presets.py 的分工: 那一份**不导出**, 本文件**去导出**。
    口径: 不新增守卫/指标(不动 27/78 分母), 不改阈值, 不重跑全流程。

  A · 导出 d_local=2 —— 能导到哪一步, 如实划界
      载体: cg.majorana(a, L) 给出的 2L=8 个算符, 作用在 dim=2^4=16 上
    [PASS] A0 载体结构(实测): γ_2i 为实、γ_2i+1 为纯虚 (JW 的 σy 约定)  —— max|Im γ_2i| = 0.0e+00, max|Re γ_2i+1| = 0.0e+00 ⇒ 此为基底选取, 与 B2 要导的那个 i 分开记账
    [PASS] A1 载体合法: γ_a²=I 且 {γ_a,γ_b}=2δ_ab (2L 个, 两两)  —— L=4, dim=16, 最差残差 0.00e+00
    [PASS] A2 引理(实测): n₊ = n₋ ⇒ dim 必为偶数  —— n₊=8, n₋=8, dim=16=16; tr γ₀ = +0.00e+00 (=0 是同一件事)
    [PASS] A3 d_local=3 ⇒ dim = 3^4 = 81 为**奇数** ⇒ 引理直接矛盾  —— 3^4 = 81 (奇); 而 A2 要求 dim 为偶 ⇒ 该空间上不存在 γ₀, γ₁
    [PASS] A4 模算术佐证: 2^L ∤ d^L 对一切奇数 d  —— {3: 1, 5: 1, 7: 1, 9: 1}
    [PASS] A4' **活的反事实**: 同一条算术对一切偶数 d 都整除 ⇒ 无分辨力  —— {2: 0, 4: 0, 6: 0, 8: 0} ⇒ 排除的是**奇数**; 若不加 A5, A3 会被误读成"排除了 d≠2"
    [PASS] A5 **活的反事实**: d_local=4 上 γ⊗I 仍是合法载体  —— dim=4^4=256, 最差残差 0.00e+00 ⇒ 引理**不排除** d_local=4, 故"取 2"靠最小性, 不靠这条定理

      A 的判定:
        · **已导出**: d_local 必为偶数 (3, 5, 7, … 数学上不可能)
        · **仍是选择**: 偶数中取 2 —— 靠「每格点恰好一对 Majorana」的最小性;
          A5 实测 d_local=4 不被排除。
        · 前提: L2 选用 Majorana 表述(自旋表述本身不需要它, 见 B)。

  B · 导出复数域 —— 导出点不在 L1, 而在下游的厄米性
      B1 先证「L1 处不承重」, B2 再定位「那个 i 从哪来」
[阶段一] 空无基底: 局部维度 d=2, 酉条件数=1.00
  [L1] 空无 -> 链: d_local=2 张成 16 维, dim_full=16, 与 2^4 匹配=True
  [L1] |<void|gs(h/J)>|^2 = 2:0.923442, 4:0.983370, 8:0.996029, 16:0.999019, 32:0.999756  (对 h/J 单调上升=True)
    [PASS] B1a L1 链上态 void_full 是**实的**(相位不变判据 |Σψ²| = 1)  —— |Σψ²| = 1.0000000000000004, dim=16
    [PASS] B1b L2 的 TFI 基态(h/J=32)也是**实的**(同一判据)  —— |Σψ²| = 0.9999999999999998 ⇒ L1→L2 的全部重叠读数在**实** Hilbert 空间里即可复现
    [PASS] B1c **检验是活的**: 加相对相位后判据立刻 < 1  —— |Σ(ψ·e^(iφ_j))²| = 0.764842 < 1 ⇒ 该判据对"复"有分辨力, B1a/b 不是空判
    [PASS] B2a Majorana 双线性 γ_aγ_b (a≠b) 一律**反厄米**  —— max‖γ_aγ_b + (γ_aγ_b)†‖ = 0.00e+00 (全部 56 对)
    [PASS] B2b 乘上 i 之后才**厄米** ⇒ 那个 `i` 是厄米性逼出来的  —— ‖iγ₀γ₁ − (iγ₀γ₁)†‖ = 0.00e+00; 而 γ₀γ₁ 反厄米 ⇒ 不乘 i 就不是哈密顿量
    [PASS] B2c 口径 A 的边界项在代码里真实存在 (build_h 的 (2L−1, 0) 元 = +2J)  —— h[7,0] = +2.0, h[0,7] = -2.0 (J=h=1) —— 口径 A 的横幅不是空话
    [PASS] B2d build_h 返回的矩阵**是实的且反对称** ⇒ `i` 不在矩阵里  —— dtype=float64, ‖h + hᵀ‖ = 0 ⇒ i 住在双线性形式的前因子里
    [PASS] B2e 用实矩阵 h 重建出的 H_til **厄米** (走代码自己的 reconstruct)  —— ‖H_til − H_til†‖ = 0.00e+00
    [PASS] B2f **活的反事实**: 抽掉那个 i 立刻**反厄米**  —— ‖H_til/i + (H_til/i)†‖ = 0.00e+00 ⇒ 抽掉 i 就不是哈密顿量
    [PASS] B2g 湮灭算符要那个 i: c_j ≠ c_j† (缺了 i 就退化成自伴的 Majorana)  —— ‖c_0 − c_0†‖ = 1.000 > 0 (而 |Im c_0|max = 0.0e+00 —— 矩阵本身是**实**的); 抽掉 i: ‖c′ − c′†‖ = 0.0e+00 = 0 ⇒ c′ 自伴, 是 Majorana 而非湮灭算符
    [PASS] B2h 且该构造满足正则反对易 {c_i,c_i†}=I ⇒ 这个 i 用对了  —— 最差残差 0.00e+00

      B 的判定:
        · **L1 处不承重**: B1a/B1b 实测两个态都是实的, 判据有分辨力(B1c)。
        · **下游由厄米性强制**: B2a/B2b 是那个 i, B2c~f 把它定位到口径 A 的
          H_til 与代码实现, B2g/h 是第二处(湮灭算符不自伴, 缺 i 即退化)。
        · **边界**: 自旋表述(σzσz / σx, 实系数)根本不需要 i ⇒ 导出的是
          「**一旦选费米子表述, i 被强制**」, 不是「宇宙必须是复的」。

  === 两条预设的最终地位 (取代 §5.4 的「给定且承重 / 给定且不承重」) ===
    #1 d_local=2 : 奇数值**已被导出排除**; 偶数中取 2 **仍是选择**
    #2 复数域    : L1 处**不承重**; 下游由 H_til 的**厄米性强制** ——
                   但其前提(费米子表述)本身是选择 ⇒ 与 #1 **同一个根**
    ⇒ 三条'给定'收敛为 **一个**选择(表述选择) + 它的两个推论 + 一条最小性。
      缺口比 §5.5 记的小, 但**不是零**; 本文件不宣称缺口已修复。

=== 结果: 全部通过 ===
EXIT=0  用时 6.7 s  ->  符合登记预期  [全机 CPU 忙 18.3%, 8 核]

==============================================================================
[presets_v164]  _v16_smoke_presets_v164.py
  note: v16.4·α（D5/D6/D7）的收口冒烟。**它订正的是上一条 `derive_presets` 的结论 (A)** —— 那里自陈「**偶数中取 2 仍是选择**」, 本条把那个"选择"换成一条**定理**: `Cl(2L) ≅ M_{2^L}(C)` 不可约表示唯一 ⇒ 2L 个 Majorana 在 `4^L = 2^{2L}` 上的**任何**载体都是 `2^L` 份不可约表示的直和 ⇒ 必可约（实测 L=4: dim comm = 256, 随机酉共轭给同一读数; 同一批 γ 在 `2^L=16` 维上 dim comm = 1 ⇒ 不可约）。要不可约的 `d=4` 载体得 `4L` 个 Majorana = **每格点两对**。**⇒ 落支 S-部分: 排除理由从「一条最小性(选择)」换成「一条定理 + 那个表述选择」, 选择的个数仍为 1, 天花板不变**（那条表述选择 = JW 的 site↔mode 对应 = 费米子表述, 与「复数域」共用, 即 `derive_presets` 已登记的同一个根）。D6 落 **S-负**(`d_local=4` 不迫使 L1 变复), D7 落 **S-重言**(均匀极大化 Shannon 熵 与 Haar 唯一酉不变都是现成定理的并列)。⚠️ 三条都**不给 d_local=2 的升级条件 ① 补任何东西** ⇒ **本条目不宣称预设层缺口已修复, L1 仍记 B**。中心化子维数用**三种独立算法**对账（迹公式 / 直接零空间 / 算子迹）。**不加守卫/指标**(不动 27/78)。
------------------------------------------------------------------------------
=== v16.4 · 预设层攻坚冒烟 (α: D5 / D6 / D7) ===
    口径: 不新增守卫/指标, 不改任何既有读数 ⇒ 规模三数 78/27/13 逐字不变。

  A · D5 (α1) —— 把「偶数中取 2」的排除理由换成**不可约性**
      L=4: 物理载体 2^L=16 维, d_local=4 的载体 4^L=256 维

    A1 · 测法对账 (小维数, 两套测法都跑得动)
    [PASS] 2 个 Majorana, 2 维: 迹公式 == 零空间 == mult² = 1  —— 迹公式 1, 零空间 1, 载体残差 0.0e+00
    [PASS] 2 个 Majorana, 4 维: 迹公式 == 零空间 == mult² = 4  —— 迹公式 4, 零空间 4, 载体残差 0.0e+00
    [PASS] 4 个 Majorana, 8 维: 迹公式 == 零空间 == mult² = 4  —— 迹公式 4, 零空间 4, 载体残差 0.0e+00
    [PASS] A1 **活的反事实**: 重复一条 γ ⇒ Clifford 残差立刻 O(1)  —— 残差 = 2.00 ⇒ A1 的合法性闸有分辨力

    A2 · 投影子结构核验 (2 个格点 × 重数 2 ⇒ 8 维, 共 16 项)
    [PASS] P(X) 落在中心化子里 (与全部 4 个 γ **对易**)  —— 最差 ‖[P(X), γ_a]‖ = 2.48e-16 (用对易子, 不是反对易子)
    [PASS] P 是投影 (P² = P)  —— max|P(P(X)) − P(X)| = 3.72e-16
    [PASS] P 的**算子迹** == 迹公式 == 零空间 == 4 (三种算法对账)  —— tr P = 4.000000; 迹公式 = 4; 零空间 = 4

    A3 · 物理载体 (d_local=2): 8 个 Majorana 作用在 2^L=16 维上
    [PASS] 物理载体的中心化子维数 = 1 ⇒ **不可约**  —— dim comm = 1, dim = 16, 载体残差 0.0e+00

    A4 · D5-a: 2L=8 个 Majorana 作用在 4^L=256 维上的**一切**载体
    [PASS] 标准载体 γ_a ⊗ I₁₆: dim comm = 256 = (2^L)² > 1 ⇒ 可约  —— dim comm = 256, 重数 = 16 = 2^L
    [PASS] 随机酉共轭后的载体: 同一个读数 ⇒ 与载体取法无关  —— dim comm = 256.000000, 载体残差 1.6e-15

    A5 · D5-b 维数账 (对账, 零机时)
    [PASS] Cl(2L) 不可约表示维数 = 2^L; 4^L = 2^L · 2^L ⇒ 重数 = 2^L = 16  —— 4^4 = 256 = 16 · 16; dim comm = (2^L)² = 256 = 4^L
    [PASS] 实测 dim comm 与维数账逐位对上  —— 实测 256 == 账 256

    A6 · D5-c: **不可约**的 d=4 载体 (每格点两对 ⇒ 4L=16 个 Majorana)
    [PASS] 16 个 Majorana 在 256 维载体上的中心化子维数 = 1 ⇒ 不可约  —— dim comm = 1, dim = 256; 载体残差 0.0e+00
    [PASS] ⇒ 「每格点恰好一对 Majorana」是那个**必需的**给定  —— 每格点一对 ⇒ 只能到 2^L 维 (不可约); 要 4^L 维且不可约 ⇒ 每格点**两对**

    A7 · D5-c′ (pre2 思路 A) —— Clifford 真空与 L1 空无的重叠
      口径: 该比较只能在 **d_local=2 载体**上做 —— L1 的空无态是 2^L 维,
            而 A6 的不可约 d=4 载体是 256 维, 两者不在同一个空间里。
    [PASS] c_j 确实湮灭 uv_vacuum ⇒ 它就是 JW 费米子真空 (实测, 非假设)  —— max_j |c_j|Ω⟩| = 0.00e+00
    [PASS] 且 {c_i, c_j†} = δ_ij  —— 最差残差 0.00e+00
[阶段一] 空无基底: 局部维度 d=2, 酉条件数=1.00
  [L1] 空无 -> 链: d_local=2 张成 16 维, dim_full=16, 与 2^4 匹配=True
  [L1] |<void|gs(h/J)>|^2 = 2:0.923442, 4:0.983370, 8:0.996029, 16:0.999019, 32:0.999756  (对 h/J 单调上升=True)
    [PASS] **诊断打印** (DP-6 未定前不登记守卫): 重叠 = 0  —— |⟨Ω|void_full⟩|² = 0.000e+00。pre2 (v16.4_pre2.md:103) 预期 ≈ 1; 计划 §1.6 订正丙预期 ≪ 1 —— 实测**恰为 0**: |Ω⟩ = |−⟩^{⊗L} 与 L1 的 |+⟩^{⊗L} 逐位正交。**订正丙成立, 且比预期更硬**

    A8 · D5-d: 复核既有 A5 反事实的构造 (读码 + 实测)
    [PASS] A5 里的 I2 = np.eye(DIM) 是 16×16, **不是** 2×2  —— shape = (16, 16) (L=4 ⇒ DIM = 2^4 = 16) ⇒ G4 = γ_a ⊗ I₁₆
    [PASS] 该载体实测 dim comm = 256 ⇒ 它**本身就是可约载体**  —— dim comm = 256 ⇒ 它不是「定理不排除 d=4」的证据: 对**奇偶引理**成立, 对**不可约性定理**恰是被排除的那一类

      A 的判定 (D5 · α1 · 不可约性口径):
        · **实测**: L=4 上 2L=8 个 Majorana 在 4^L=256 维上的**任何**载体,
          中心化子维数 = 256 (> 1) ⇒ **必可约** (随机酉共轭给出同一读数)。
        · **实测**: 同一批 8 个 Majorana 在 2^L=16 维上, 中心化子维数 = 1 ⇒ 不可约。
        · **实测**: 不可约的 d=4 载体要 4L=16 个 Majorana = 每格点**两对**。
        · **维数账** (D5-b): 重数 = 16 = 2^L, dim comm = (2^L)² = 4^L = 256 ✓
        · **落支 = S-部分** ⭐: `d_local=2` 由「奇偶 + 不可约 + 每格点一对」导出。
          「每格点恰好一对 Majorana」**等价于 JW 的 site↔mode 对应 = 费米子表述选择**
          ⇒ 选择的**个数仍为 1**, 天花板不变。变的只是排除理由:
          从「一条最小性(选择)」换成「一条定理 + 那个表述选择」。
        · 顺带: 审计 §5.5 那句「排除它靠…的最小性」须按 v16.3 纪律**并存订正**。
    (A 段用时 10.3 s)

  B · D6 (α2) —— `d_local=4` 是否迫使 L1 的态变复
      代码预判: 否。本段只做**取证**, 不去「再找一条路」。
[阶段一] 空无基底: 局部维度 d=4, 酉条件数=1.00
    [PASS] B1 `stage1_void(4)` 的 equal_state 是实的 (相位不变判据 |Σψ²| = 1)  —— |Σψ²| = 1.0000000000000000, d = 4, equal_state = ones(4)/2, |Im|max = 0.0e+00
    [PASS] B1 **活的反事实**: 加相对相位后判据立刻 < 1  —— |Σ(ψ·e^(iφ_j))²| = 0.764842 ⇒ 该判据对"复"有分辨力
    [PASS] B2 链上三个函数的签名里都没有 Q/unitary (该检验与维度无关)  —— derive_L1_void_to_chain、l1_void_pushaway、stage2_critical_break
    [PASS] B2 **活的反事实**: 签名里加上 unitary, 同一条检验会翻红  —— 反事实签名 = ['unitary', 'equal_state', 'L']

      B 的判定 (D6):
        · **落支 = S-负**: `d_local=4` 不迫使 L1 态变复 —— equal_state 在
          d=4 档仍是 `ones(4)/2` (数值上是实的); 唯一真复的对象 Q 仍无消费者,
          且那条承重性检验是**按签名**做的、与维度无关。
        · ⇒ α2 **给不出** `d_local=2` 的独立支撑。这是**确定性负结论**,
          本段的产出就是把它登记下来, **不是**去另找一条路。

  C · D7 (α3) —— 导出「随机测度」是否缩小缺口
    [PASS] C d=2: ones(2)/√2 是**纯态** ⇒ S(ρ) = 0, 不是 von Neumann 熵的极大点  —— S(纯态) = 2.2e-16; 而 S(I/d) = 0.693147 = ln 2; 概率矢量的 Shannon 熵 = 0.693147 = ln 2 (这才是「均匀 ⇒ 最大」)
    [PASS] C d=3: ones(3)/√3 是**纯态** ⇒ S(ρ) = 0, 不是 von Neumann 熵的极大点  —— S(纯态) = -2.2e-16; 而 S(I/d) = 1.098612 = ln 3; 概率矢量的 Shannon 熵 = 1.098612 = ln 3 (这才是「均匀 ⇒ 最大」)
    [PASS] C d=4: ones(4)/√4 是**纯态** ⇒ S(ρ) = 0, 不是 von Neumann 熵的极大点  —— S(纯态) = 2.2e-16; 而 S(I/d) = 1.386294 = ln 4; 概率矢量的 Shannon 熵 = 1.386294 = ln 4 (这才是「均匀 ⇒ 最大」)
    [PASS] C **活的反事实**: 推离均匀 ⇒ Shannon 熵严格下降 (该判据有分辨力)  —— 0.940448 < 1.386294

      C 的判定 (D7):
        · **一个口径事实**: 本仓库的「最大熵」指**概率矢量的 Shannon 熵** ——
          `negctrl.py:290` 逐字「熵 <= ln N (均匀分布最大熵)」;
          `stage67.py:481` 逐字「probs = 1/N 与 entropy = ln N 是同一件事的换写…」
          「它们是「空无」这个名字的**定义**, 不是关于系统的观测」。
        · **实测**: `ones(d)/√d` 是**纯态**, S(ρ) ≡ 0 —— 它是 von Neumann 熵的
          **极小**点, 不是极大点 (极大的那一个是 I/d, 实测 = ln d)。
        · **落支 = S-重言**: 「均匀分布极大化 Shannon 熵」与「Haar 是唯一酉不变
          测度」都是**现成定理的并列**, 没有导出任何新东西。
        · 且审计 §5.5 已判 #2 与 #3「都只活在 stage1_void 的 QR 块里, 且**都不承重**」
          ⇒ 导出一条**不承重**的给定**不缩小缺口**。**本条不动缺口。**

  === α 三条的最终地位 (取代 §5.5 的「偶数中取 2 仍是选择」) ===
    #1 d_local=2  : 落 **S-部分** —— 由「奇偶 + 不可约 + 每格点一对」导出;
                    最后那条 == 费米子表述选择 ⇒ **选择个数仍为 1**。
    #2 复数域     : 落 **S-负** —— d=4 不迫使 L1 变复, α2 无独立支撑。
    #3 随机测度   : 落 **S-重言** —— 导出的是**不承重**的给定, 缺口不缩小。
    ⇒ α 命中 L1 升级**条件 ②**、不碰 ① ⇒ **即便 α 全成功, L1 仍记 B**。
      **本文件不宣称预设层缺口已修复。**
    (总用时 10.3 s)

=== 结果: 全部通过 ===
EXIT=0  用时 17.6 s  ->  符合登记预期  [全机 CPU 忙 39.3%, 8 核]

==============================================================================
[claim_ledger.standalone]  _v16_claim_ledger.py
  note: **已知必退 3, 且这是对的。** `METRICS`/`GUARDS` 是进程内全局, 独立进程里为空 ⇒ 四条检查必然报「无孤儿主张」以外的空判。其 docstring 自陈需与全流程**同进程**。真正有效的调用在 `--full` 的 `full_pipeline+claim_ledger` 条目里。登记于此是为了让「孤立跑 claim_ledger 得到红」不再是困惑, 而是**已登记的事实**。
------------------------------------------------------------------------------

=== v16 · B3 claim↔test 口径账本  [v16-claim-ledger-1] ===
    注册规模: 指标 0 条, 守卫 0 条, 负对照 13 条
    [(a) 孤儿主张] 0 条 / 分母 0 条 (**只报不判**）
    [(b) 幻影引用] 无 -> 通过
    [(c) 伪独立]   1 条 -> **失败**
        · [W3b_spectrum] 登记表指向不存在的数据源: ['10 谱学中心荷 (能谱族)', 'W3b v 无关比值单调趋 8', 'W3b 谱学 c 与 0.5 相容到 1%']
    [(d) 未归层项] 0 条 -> 通过
    [(e) 台账 claim 列] 未登记 0 / 幻影 0 / 指向不存在的主张 8 -> **失败**
        · 主张不存在: 14 L1 空无到链的下游连线 (重叠曲线)
        · 主张不存在: 5 临界性负对照 (h/J 扫描)
        · 主张不存在: 6 跨边界条件中心荷交叉检验 (同族)
        · 主张不存在: 7 一致性检查束 (数值路径 <-> 解析路径)
        · 主张不存在: 8 涌现几何的对照鲁棒性
        · 主张不存在: 9 自指变体秩1化的 N 依赖 (相图)
        · 主张不存在: III-A1 描述子距离
        · 主张不存在: 中心荷误差
    口径匹配率（分子 = 被既有守卫指认到的, 分母 = 有 pass/fail 判定的 tier-1/2 指标）:
        L1: **无计分指标** (同层守卫 0 条)
        L2: **无计分指标** (同层守卫 0 条)
        L3: **无计分指标** (同层守卫 0 条)
        L4: **无计分指标** (同层守卫 0 条)
        L5: **无计分指标** (同层守卫 0 条)
        L6: **无计分指标** (同层守卫 0 条)
        L7: **无计分指标** (同层守卫 0 条)
        EXT: **无计分指标** (同层守卫 0 条)
        X: **无计分指标** (同层守卫 0 条)
    同源登记: 1 组
        [W3b_spectrum] 3 条读数 **同源** ⇒ 不得写成「互相印证/独立佐证」
    => (b)(c)(d)(e) 合计: **失败**
EXIT=3  用时 6.5 s  ->  符合登记预期  [全机 CPU 忙 18.1%, 8 核]

==============================================================================
=== 汇总 ===
  该通过的: 14/14  (100.0%)
    ✓ cmera                        222.5s  符合登记预期
    ✓ cmera3                        13.2s  符合登记预期
    ✓ cmera4                        58.9s  符合登记预期
    ✓ cmera5                        10.6s  符合登记预期
    ✓ b1_void_limit                 14.9s  符合登记预期
    ✓ b1_ledger_row                  9.7s  符合登记预期
    ✓ b3_ledger                      0.2s  符合登记预期
    ✓ gaussian.stage1                9.2s  符合登记预期
    ✓ gaussian.stage2check          62.6s  符合登记预期
    ✓ gaussian.run_K4               63.8s  符合登记预期
    ✓ presets                        7.3s  符合登记预期
    ✓ l5_l6_bridge                   8.2s  符合登记预期
    ✓ derive_presets                 6.7s  符合登记预期
    ✓ presets_v164                  17.6s  符合登记预期
  预期失败(单列, 不进分母): 2 条, 其中未按预期失败 0 条
    ✓(如预期) cmera2                       336.2s  符合登记预期
    ✓(如预期) claim_ledger.standalone        6.5s  符合登记预期

总用时 848.2 s
