=== v16 runner  2026-09-25 18:29:04  fast, 4 条 ===

==============================================================================
[gaussian.stage1]  _v16_cmera_gaussian.py stage1
  note: **冻结判据** 9/9。实测 3.4 s。任何改动都不得扰动它。
------------------------------------------------------------------------------
=== v16 · 高斯 cMERA 阶段 1 自检  [v16-cmera-gaussian-1] ===
口径 A: H_til = H_open + J·iγ_{2L-1}γ_0 (偶宇称扇区)
u 约定: IR→UV, u_UV=0（2104.01551 的 S7 方向; 与 JHEP 反向, û=−u）
L=8, J=1.0, h=1.0, dim=256

--- S1 升格保真（重跑 K−2 的已钉死数字） ---
    [S1a] max|{c_i,c_j†}−δ| = 0.00e+00   (K−2 记录 0.00e+00)   -> 通过
    [S1b] max|{c_q,c_q'†}−δ| = 1.75e-15   (K−2 记录 1.75e-15)   -> 通过
    [S1c] |K−K†|(sign=−1) = 0.00e+00  |K+K†|(sign=+1) = 0.00e+00   -> 通过
    [S1d] K 最差相对残差 = 3.74e-16   (K−2 记录 3.74e-16)   -> 通过
    [S1e] |Ω⟩=|−⟩^⊗L 上 ⟨c†_q c_q⟩ = 1.93e-34   (应 ~0; |+⟩^⊗L 会给出 1.0)   -> 通过
    [S1f] max|Γ_dense − RᵀΓ₀R| / |Γ| = 5.55e-16   (K−2 记录 5.55e-16)   -> 通过

--- S2 纯 2L×2L 路径 ≡ 稠密路径（**阶段 1 的唯一目的**） ---
    [S2a] |hmat_pure − hmat_dense| / |hmat_dense| = 4.22e-15   (|hmat_dense| = 0.241714)
          -> 一致 (纯 2L 路径可用)
    [S2b] |hmat_pure + hmat_pureᵀ| = 0.00e+00   -> 通过 (so(2L) 生成元)
    [S2c] L=32: 纯路径 64×64 = 0.03 MB, 用时 58 ms
          对照: 稠密算符需 2^32×2^32 = 2.951e+11 GB —— 红线禁止, 故纯路径是必需的

=== 阶段 1 判定 ===
    S1a A1 c_j 反对易            : 通过
    S1b A2 c_q 反对易            : 通过
    S1c B1 厄米性(钉符号)           : 通过
    S1d B2 保高斯性               : 通过
    S1e C1 |Ω⟩ 是 c-真空         : 通过
    S1f D 流步 RᵀΓR             : 通过
    S2a pairing_hmat ≡ 稠密     : 通过
    S2b pairing_hmat 反对称      : 通过
    S2c 纯路径可上 L=32            : 通过

    阶段 1: 通过 —— 纯 2L×2L 路径已钉死, 可进阶段 2 (K1–K6)

=== 诚实边界 ===
  1. 本文件不建 L 算符(§3.4.0 主线 A)。**L|Ω⟩=0 在本口径下未被检验** ——
     不得写成「满足 cMERA 全部定义」。诊断 B(离散 L, L=8) 属阶段 2。
  2. d_k ≡ c†_{-q_k} 是逻辑推断(原文 d 是狄拉克反粒子), 非原文陈述。
  3. K1/K2 的靶 g(u) 来自 2104.01551(**玻色子**)。费米子版闭式原文没有
     (JHEP §3 整节无费米子内容, eq3.5i 是玻色子的) ⇒ 用玻色子靶检验费米子实现是**继承的假设**。
  4. 阶段 1 不产出任何 TFI 物理结论。**本自检不含** `g_uu` / 熵 / 变分优化;
     变分优化与 K1–K6 已在阶段 2 实现（见文件头）, 走 `stage2` 分支。
     注: `g_uu = g(u)²` 由 eq3.4x + K−1 在文献侧关闭, 本文件不需实现它。

用时 2.2 s
EXIT=0  用时 8.5 s  ->  符合登记预期

==============================================================================
[gaussian.stage2check]  _v16_cmera_gaussian.py stage2check
  note: 阶段 2 自检 4/4。`4.203e-15` 是 S2a2 的已登记读数（2026-09-25 修 √2 后）—— 钉住它是为了「修完之后没再漂」。实测 76.2 s。
------------------------------------------------------------------------------
=== v16 · 高斯 cMERA 阶段 2 自检  [v16-cmera-gaussian-1] ===
口径 A: H_til = H_open + J·iγ_{2L-1}γ_0 (偶宇称扇区)
    [S2a2] |hmat_pure(+1) − hmat_dense(−i·K_gen)| / |·| = 4.203e-15   -> 通过
    [S3] max|Γ_解析 − Γ_稠密| = 0.000e+00   -> 通过
    [S4a] max|⟨n_q⟩_稠密 − sin²φ*| = 1.443e-15   -> 通过
    [S4b] |⟨H⟩ − E0|/|E0| = 4.565e-04   (⟨H⟩=-10.246981400690, E0=-10.251661790966)   -> 通过

=== 阶段 2 自检判定 ===
    S2a2 sign=+1 ≡ 稠密         : 通过
    S3 Γ(|Ω⟩) 解析 ≡ 稠密         : 通过
    S4 ⟨n_q⟩ = sin²φ*         : 通过
    S4b ⟨H⟩ 闭合到 E0            : 通过

    阶段 2 自检: 通过

用时 52.0 s
EXIT=0  用时 58.1 s  ->  符合登记预期

==============================================================================
[presets]  _v16_smoke_presets.py
  note: 预设层审计 (§5.4 的三条"给定"预设)。把「给定」细分成「承重 / 不承重」: #1 d_local=2 **承重**(换掉则链在两处断: dim_match 里硬编码的 ==2**L 闸, 与 l1_void_pushaway 的 2x2 R_y 显式 ValueError); #2 复数域 / #3 随机测度 **不承重**(唯一载体 Q 在链上无消费者, equal_state 与 seed 无关)。每条检验都配一个**活的反事实构造**。
------------------------------------------------------------------------------
=== v16 · 预设层审计冒烟 (§5.4 三条给定预设) ===
    承重性判据: 换掉该预设, 链条某一步会不会断?

  P1 · 预设 #1 局部维度 d_local=2 —— 给定**且承重**
[阶段一] 空无基底: 局部维度 d=2, 酉条件数=1.00
[阶段一] 空无基底: 局部维度 d=3, 酉条件数=1.00
  [L1] 空无 -> 链: d_local=2 张成 16 维, dim_full=16, 与 2^4 匹配=True
  [L1] |<void|gs(h/J)>|^2 = 2:0.923442, 4:0.983370, 8:0.996029, 16:0.999019, 32:0.999756  (对 h/J 单调上升=True)
  [L1] 空无 -> 链: d_local=3 张成 81 维, dim_full=81, 与 2^4 匹配=False
  [L1] 张成维数 81 != 2^4: 该态不在链的 Hilbert 空间里, **跳过重叠计算**, overlap_inf 如实为 nan
    [PASS] d_local=2: dim_match 为真 (链条走过)
    [PASS] d_local=3: 张成维数 == dim_full == 3**4 == 81  —— 81 == 81 == 81
    [PASS] d_local=3: dim_match 仍翻成 False  —— 维数两边**自洽**, 翻 False 的唯一原因是 dim_match 里那道硬编码 `== 2**L` 的闸 (2**4 = 16)
    [PASS] d_local=3: 重叠被跳过, overlap_inf 如实为 nan  —— curve=[]
    [PASS] d_local=3: 推离拒绝执行 (ValueError, 显式说明理由)  —— 推离只在单比特局部态上有定义, 收到 size=3
    [PASS] **检验是活的**: d_local=2 与 3 的 dim_match 确实不同  —— True vs False —— 不是恒真/恒假的检查

  P2 · 预设 #2 复数域 + 内积 + 归一化 —— 给定**且不承重**
    [PASS] 初态是实值的 (复数结构不在初态里)  —— equal_state = ones(2)/sqrt(2), |imag|max = 0.0e+00
    [PASS] derive_L1_void_to_chain 的签名里没有 Q/unitary  —— equal_state, L, h_wide, J
    [PASS] l1_void_pushaway 的签名里没有 Q/unitary  —— equal_state, L, thetas, h_ratio, J
    [PASS] stage2_critical_break 的签名里没有 Q/unitary  —— L, J, h, void_state
    [PASS] **检验是活的**: 若签名里加上 unitary, 同一条检验会翻红  —— 反事实构造的签名 = ['unitary', 'equal_state', 'L'] ⇒ 该检验能分辨

  P3 · 预设 #3 随机测度 (复高斯 -> QR) —— 给定**且不承重**
[阶段一] 空无基底: 局部维度 d=2, 酉条件数=1.00
[阶段一] 空无基底: 局部维度 d=2, 酉条件数=1.00
[阶段一] 空无基底: 局部维度 d=2, 酉条件数=1.00
[阶段一] 空无基底: 局部维度 d=2, 酉条件数=1.00
[阶段一] 空无基底: 局部维度 d=2, 酉条件数=1.00
    [PASS] equal_state 逐位不随 seed 变  —— 5 个 seed 全等
    [PASS] cond(Q) == 1 对所有 seed 成立 (构造性为真)  —— QR 的输出按构造就是酉的 ⇒ 这个上报量对任何输入恒为 1
    [PASS] Q 本身确实随 seed 变 (随机测度没被关掉)  —— ||Q(seed=0) - Q(seed=1)|| = 2.489573
    [PASS] **检验是活的**: 若初态由 Q 派生, 同一条检验会翻红  —— 反事实构造: equal_state := Q[:,0] ⇒ seed 会影响它
[阶段一] 空无基底: 局部维度 d=2, 酉条件数=1.00
[阶段一] 空无基底: 局部维度 d=2, 酉条件数=1.00
    [PASS] 默认 seed=0 ⇒ 连调两次逐位相同 (可复现性不受随机测度影响)

  === 三条预设的承重性判定 ===
    #1 d_local=2          : 给定 **且承重**   —— 换掉则链在两处断
    #2 复数域+内积+归一化 : 给定 **且不承重** —— Q 在链上无消费者
    #3 随机测度           : 给定 **且不承重** —— equal_state 与 seed 无关
    ⇒ 三条都**仍是给定的**(§5.4 的缺口不因本文件而消失); 本文件只把
      '给定' 细分成 '承重' / '不承重' 两态, 供审计表登记。

=== 结果: 全部通过 ===
EXIT=0  用时 6.9 s  ->  符合登记预期

==============================================================================
[l5_l6_bridge]  _v16_smoke_l5_l6_bridge.py
  note: L5->L6 空桥 (§5.4)。**结论是「打不通」, 且这是本项目自身边界的必然结论**, 不是技术不足 —— 唯一的「打通」语义是把 MERA 图几何当作物理空间, 而 B2 硬边界禁止「宣称涌现时空」。实测同时抓出一处 claim<->代码不符: KNOBS 里 n_lambda 的注释自称依据 xi/L 的尺度不变性, 而 xi/L 扫描对该函数**零影响**。
------------------------------------------------------------------------------
=== v16 · L5->L6 空桥尝试 (§5.4) ===
    判据: 改动 L5 的读数, L6 的输出必须跟着变 —— 否则桥不存在

  (a) 扫描 xi_over_L, 真调 derive_L6_grid
    [PASS] xi_over_L 扫描下 L6 输出逐位相同  —— 7 个取值 -> 1 种输出
    [PASS] 真实读数 xi/L=1.2071 也在其中 (不是只扫了玩具值)  —— xi/L=1.2071 -> N=36, bound_by=分辨要求 (N_req)
    [PASS] **结论**: xi/L 对 L6 的算法**零影响**  —— ⇒ KNOBS 注释里那句「来自 xi/L 的尺度不变性」在本函数的算术里不存在

  (b) 检验是活的 —— 反事实构造下同一条扫描必须翻红
    [PASS] 反事实(真用了 xi/L)下, 同一族取值给出不同结果  —— 反事实 N: [1, 4, 18, 44, 72, 360, 3600] ⇒ 该扫描有分辨力

  (c) 对照组 —— 这些旋钮**确实**改变输出 (函数不是整个死的)
    [PASS] n_lambda 加倍 ⇒ N_req 变 (它只有这一条通路)  —— N_req 36 -> 72
    [PASS] L_domain 加倍 ⇒ N_cap / h 变  —— N_cap 55 -> 111, h 0.013889 -> 0.027778

  (d) 结构性检验 —— L5 的几何在签名上就进不了 L6
    [PASS] derive_L6_grid 的签名里没有图/几何/Forman  —— 参数 = ['xi_over_L', 'knobs', 'xi']
    [PASS] L5 的派生量确实是几何 (Forman), 与 L6 的入参不同域  —— derive_L5_forman_from_degree 产出 Forman 均值; derive_L6_grid 只收标量旋钮

  === 结论: L5->L6 **打不通**, 且不是技术不足 ===
    · 直接桥: 由范畴论证关闭 (量纲 + 物理双重错误), 理由已在
      derive_L6_grid 的 docstring 里 —— 这条论证比任何实测都强。
    · 间接'依据': KNOBS['n_lambda'] 的注释声称依据 xi/L 的尺度不变性,
      实测零影响 ⇒ **注释与事实不符**, 属 B3 该抓的 claim↔代码不符。
    · 唯一的'打通'语义是把 MERA 图几何当作物理空间 —— 那正是 B2 硬边界
      禁止的「不宣称涌现时空」⇒ 打不通是**本项目边界的必然结论**。
    · 按用户的停止规则: **停在这里**, 不改判据、不硬接。

=== 结果: 全部通过 ===
EXIT=0  用时 7.1 s  ->  符合登记预期

==============================================================================
=== 汇总 ===
  该通过的: 4/4  (100.0%)
    ✓ gaussian.stage1                8.5s  符合登记预期
    ✓ gaussian.stage2check          58.1s  符合登记预期
    ✓ presets                        6.9s  符合登记预期
    ✓ l5_l6_bridge                   7.1s  符合登记预期
  预期失败(单列, 不进分母): 0 条, 其中未按预期失败 0 条

总用时 80.5 s
