=== v16 runner  2026-09-25 05:42:13  fast, 11 条 ===

==============================================================================
[cmera]  _v16_smoke_cmera.py
  note: 离散化 cMERA 可行性（torch）。**只断言退出码**: 它的四条判定逐行打印, 没有汇总句。⚠️ 其中 **Q4 是「资源可接受 (<600 s)」** —— 一个**墙钟依赖**的判据, 机器负载高时可能因非物理原因退 3。它红了先看 Q4 那一行, 别急着当物理回归。
------------------------------------------------------------------------------
=== v16 冒烟 · 离散化 cMERA 可行性  [v16-smoke-cmera-1] ===
torch 2.9.0+cpu / numpy 2.3.4

[1] torch 能量函数 与 v15 精确对角化 交叉校验
    L=8, h/J=1.0: ED(E0)          = -10.251661790966
    v15 Jordan-Wigner 独立路径 = -10.251661790966   (|ED-JW| = 1.78e-15)
    本脚本 torch 复算 ED 基态  = -10.251661790966   偏差 = 3.55e-15
    -> 一致

[2] L=8 原型 (快速)
  L=8 h/J=1.0 层数=4 步数=300
    E_init = -5.763240   E_final = -10.169534
    <psi|psi> = 1.000000000   (应为 1)
    g_uu 剖面 = [1.401e-01, 1.391e-01, 1.346e-01, 5.195e-01]
    首帧 0.14s, 合计 33.7s

[3] L=16 原型 (目标规模)
  L=16 h/J=1.0 层数=5 步数=200
    E_init = -10.697213   E_final = -20.336489
    <psi|psi> = 1.000000000   (应为 1)
    g_uu 剖面 = [2.566e-01, 4.162e-01, 2.785e-01, 5.963e-01, 9.346e-01]
    首帧 0.59s, 合计 170.4s

[4] 资源
    python 侧峰值内存(tracemalloc) = 60.0 MB
    L=16 单点用时 = 170.4s

=== 可行性判定 (只回答通路, 不产出物理结论) ===
    Q1 构造得出 (归一)      : 通过
    Q2 优化压得下去         : 通过  (E -10.6972 -> -20.3365)
    Q3 g_uu 可算且非平凡    : 通过
    Q4 资源可接受 (<600s)   : 通过  (170.4s)

    边界: Q2 '压得下去' 只说明优化在动, **不等于**收敛到基态。
          g_uu 的态依赖是构造使然(同义反复), 不构成物理结论。
          真检验(复现 AdS 型 / IR-capped)不在本冒烟范围。
EXIT=0  用时 242.9 s  ->  符合登记预期

==============================================================================
[cmera2]  _v16_smoke_cmera2.py
  note: **探针 2 尺度不变性 —— 已知故意的 EXIT=3**（v16_plan.md:1005 要求独立条目）。预期失败, 不进分母。⚠️ 「单列」不等于「不检查」: 若它某天变成 EXIT=0, 那是**已知负结果翻正**, runner 会红 —— 那是该被看见的事, 不是误报。
------------------------------------------------------------------------------
=== v16 已知答案探针 · cMERA 尺度不变性  [v16-smoke-cmera2-1] ===

[h/J = 1.0]  L=8 层数=8
    E -5.299303 -> -10.241560   (171.2s, 1200 步)
    精确(JW) = -10.251662   收敛差距 = 0.0985%
    层间相似度 = [-0.012, +0.221, +0.159, +0.138, +0.237, +0.436]
    平均相似度 = 0.1965

[h/J = 0.5]  L=8 层数=8
    E -4.779923 -> -8.481785   (149.4s, 1200 步)
    精确(JW) = -8.509082   收敛差距 = 0.3208%
    层间相似度 = [+0.180, +0.538, +0.181, +0.383, +0.186, +0.104]
    平均相似度 = 0.2621

=== 已知答案判定 ===
    收敛充分 (<0.1%)            : 不通过  (最大差距 0.3208%)
    临界尺度不变 > 有质量        : 不通过
      sim(h/J=1.0) = 0.1965   sim(h/J=0.5) = 0.2621

    若'不通过': 本构造不含 cMERA 的尺度结构, 应重写构造(entangler 需约束为真正的标度变换算符), 而不是继续加层/加步数。
EXIT=3  用时 336.5 s  ->  符合登记预期

==============================================================================
[cmera3]  _v16_smoke_cmera3.py
  note: 自由费米子高斯表述自检（9 条 checks）。判定句逐字来自其 L316。
------------------------------------------------------------------------------
=== v16 探针 · 自由费米子高斯表述自检  [v16-smoke-cmera3-2] ===
L=8, J=1.0, h=1.0, dim=256

[T0] 稠密周期 H 的基态能量 vs v15 Jordan-Wigner 解析值
    dense(周期) = -10.251661790966   JW 解析 = -10.251661790966   偏差 = 3.38e-14
    -> 一致 (位序/符号自洽)

[T1] Majorana 代数 {γ_a, γ_b} = 2 δ_ab
    最大偏差 = 0.00e+00   -> 通过

--- A 部分: 开链 (L-1 条键, 无边界项) ---

[T2] 自由费米子判据: [H_open, γ_c] 落在 span{γ} 内的相对残差
    最差相对残差 = 0.00e+00   -> 通过 (H 纯二次)

[T3] 由 h 重建 H_rec, 检验 H_open - H_rec 是否为常数
    非对角残差 = 0.00e+00   -> 通过 (只差常数)

[T4] 开链基态协方差矩阵 Γ 是否纯高斯 (Γ² = -I)
    |Γ² + I| 最大元 = 1.55e-15   -> 通过

[T5] 由 Γ 算出的能量 vs 开链 ED 能量
    开链 ED 能量    = -9.837951447459
    由 Γ 算出的能量 = -9.837951447459   偏差 = 2.84e-14
    -> 一致 (定量闭环)

--- B 部分: 周期链 (报告性) ---

[T6] 边界项假设: σz_{L-1}σz_0 =? c · i γ_{2L-1} γ_0 · P,  P = Π_i σx_i
    最佳 c = -1.000000   残差 = 0.00e+00   -> 成立 (边界项 = 双线性 × 宇称)

[T7] 周期链 [H_per, γ_c] 相对残差 (对比开链)
    周期链 最差相对残差 = 5.77e-01
    开链   最差相对残差 = 0.00e+00
    -> 周期链**不**纯二次 (与开链形成对照)

[T8] 偶宇称扇区: H_til = H_open + J·i γ_{2L-1} γ_0 是否恢复纯二次
    [T8a] 周期基态的宇称 <P> = +1.000000000000   -> 偶宇称扇区 (P=+1, 前提成立)
    [T8b] H_til 最差相对残差 = 0.00e+00   -> 通过 (纯二次)
    [T8c] H_til 基态能量 = -10.251661790966
          周期 JW 解析值 = -10.251661790966   偏差 = 1.42e-14
          -> 一致 (周期链已接回高斯表述)

--- C 部分: 纯 Γ 表示 (2L×2L) 与规模 ---

[T9] 纯 h 构造 (2L×2L) 与稠密路径的一致性
    [T9a] 与稠密路径 hmat_til 的最大元差 = 0.00e+00   -> 一致
    [T9b] L=8: 由 h 的谱算得 E_gs = -10.251661790966
          稠密 H_til 基态能量   = -10.251661790966   偏差 = 1.42e-14
          -> 一致 (BdG 谱闭合)

[T9c] 规模: 只有 2L×2L, 无 2^L 希尔伯特空间
    L=  32: E_gs = -40.7600324942  JW = -40.7600324942  相对偏差 = 6.97e-16  用时 = 2.2 ms  OK
    L= 128: E_gs = -162.9787524134  JW = -162.9787524134  相对偏差 = 1.40e-15  用时 = 107.0 ms  OK
    L= 512: E_gs = -651.8996695594  JW = -651.8996695594  相对偏差 = 3.14e-15  用时 = 1898.2 ms  OK
    内存: h 为 1024×1024 float64 = 8.4 MB (对比 L=32 稠密矢量 2^32 不可行)

=== 判定 ===
    T0 位序/符号              : 通过
    T1 Majorana 代数        : 通过
    T2 纯二次(开链)            : 通过
    T3 完整重建(开链)           : 通过
    T4 纯高斯(开链)            : 通过
    T5 能量闭环(开链)           : 通过
    T6 边界项=双线性×宇称         : 通过
    T8 周期接回高斯表述           : 通过
    T9 纯 h 表示(可上大 L)      : 通过

    高斯表述: 可用 —— 开链严格成立, 周期链经宇称扇区亦成立
    周期链 T7(不设扇区) 残差 = 5.77e-01 ⇒ 原始 H_per **不**纯二次;
        T8 用 H_til=H_open+J·iγ_{2L-1}γ_0 在偶扇区恢复, 能量与周期 JW 一致。
    => 周期 TFI 的自由费米子性**依赖宇称扇区**; 这是数学事实, 不是数值误差。
       B2 实施时必须显式声明用的是 H_til(偶扇区) 还是开链, 不能含糊过去。
    边界: 本探针不产出物理结论; 它是后续任何 cMERA 构造的**前提**。
EXIT=0  用时 15.2 s  ->  符合登记预期

==============================================================================
[cmera4]  _v16_smoke_cmera4.py
  note: 探针 4 · cMERA 玻色子基准复现（K−1）。实测 65.4 s。其自身边界: 「这是**机器校准**, 不是物理结论」。
------------------------------------------------------------------------------
=== v16 探针 4 · cMERA 玻色子基准复现 (K-1)  [v16-smoke-cmera4-3] ===
文献: arXiv:2104.01551v2   (纯玻色子 free scalar)
Lambda = 100.0, m = 1.0000, M = sqrt(L^2+m^2) = 100.005000
本探针不产出任何关于 TFI 的物理结论 —— 它只回答"机器能否复现已发表解析结果"。

--- A 部分: S6 <-> S7 解析一致性 ---

[A1] S6 的 f(k,u_IR) 与 S7 的 g(u) 是否互为积分/微分关系
     S6: f(k,u_IR) = (1/4) log( (k^2+m^2) / M^2 )
     S7: g(u) = (1/2) L^2 e^{2u} / (L^2 e^{2u} + m^2),  k = L e^u

     k/Lambda   S6 解析          数值积分 -I(k)     相对偏差        
     0.050      -1.48808596    -1.48808596    4.64e-13    
     0.200      -0.80411973    -0.80411973    1.60e-14    
     0.500      -0.34649861    -0.34649861    8.01e-16    
     0.900      -0.05267439    -0.05267439    2.63e-16    
     最差相对偏差 = 4.64e-13  -> 一致
     note: 文献 f 取 int^0_{u_IR}, 被积函数受 Theta 截断后等价于
           -int^0_{log(k/L)} g du。此符号关系是本探针**数值确认**的, 不是假定的。

--- B 部分: 2x2 协方差流 vs 精确基态两点函数 ---

[B1] 用 S7 的 g(u) 走流, 末态两点函数是否等于精确基态 1/(2w), w/2

     k/Lambda   <phi phi>_流    1/(2w)_精确      相对偏差        
     0.050      0.09805807     0.09805807     1.72e-09    
     0.200      0.02496881     0.02496881     3.22e-11    
     0.500      0.00999800     0.00999800     7.52e-13    
     0.900      0.00555521     0.00555521     1.87e-15    

     <pi pi> 最差相对偏差        = 1.72e-09
     纯高斯 A*B - C^2 - 1/4 最大偏离 = 4.44e-15  -> 保持
     -> 通过

--- C 部分: 稠密 Fock 独立实现 (k = 0.50 Lambda) ---

[C1] 约定自检 (不依赖任何记忆公式)
     ||[phi_k,pi_-k] - i*I||_F = 74.605630   截断解析预测 74.605630   相对差 0.00e+00
     ||( sqrt(M)phi_k + i pi_k/sqrt(M) )|Omega>|| = 1.11e-16   (应 ~0)   
     [c,c^dag] 对角元 min/max = -42.000000 / 2.000000   (截断, 应 ~[2, 2-2n])
     ||W - W^dag|| / ||W||          = 0.9818   (W = {phi_k,pi_-k} 单支, 非厄米)
     ||K - K^dag|| / ||K||          = 0.00e+00   (K = (1/2)g(W+W^dag), 厄米)
     <Omega|[phi_k,pi_-k]|Omega> = 0.0000000000 + 1.00e+00i   应 = i
     <Omega|phi_k phi_-k|Omega> = 0.0049997500  vs 1/(2M) = 0.0049997500  相对偏差 0.00e+00
     <Omega|pi_k  pi_-k |Omega> = 50.0024999375  vs   M/2 = 50.0024999375  相对偏差 0.00e+00
     |Omega> 在 Fock 截断边界的权重(截断误差指示) = 0.00e+00
     -> 通过

[C2] 稠密流: <phi phi> 是否走到精确基态 1/(2w)
     <phi_k phi_-k> = 0.0099980006  vs 1/(2w) = 0.0099980006   相对偏差 3.33e-09
     <pi_k  pi_-k > = 25.0049994168  vs   w/2  = 25.0049995001   相对偏差 3.33e-09
     -> 通过

[C3] g_uu 三路对照 (S5 内积 / S5b 方差 / S5c g^2)

     u          S5 内积          S5b 方差         S5c g^2       
     -0.6917    2.498003e-01   2.498007e-01   2.498007e-01  
     -0.5531    2.498486e-01   2.498489e-01   2.498489e-01  
     -0.4144    2.498852e-01   2.498855e-01   2.498855e-01  
     -0.2758    2.499129e-01   2.499132e-01   2.499132e-01  
     -0.1372    2.499339e-01   2.499342e-01   2.499342e-01  
     -0.0014    2.499495e-01   2.499499e-01   2.499499e-01    <- 末步

     S5b 方差 / g^2 : 均值 1.000000  相对标准差 1.17e-15
     S5  内积 / g^2 : 均值 0.999999  相对标准差 1.10e-09
     note: 比值若为常数, 说明三条定义只差一个与 u 无关的归一化因子;
           该因子由 K 的归一化约定决定, 是**实测**得到的, 不是假定的。
     -> 三路 g_uu 互成比例 (比值 u-无关)

=== 判定 ===
    A  S6 <-> S7 解析一致性         : 通过
    B  2x2 协方差流 vs 精确两点函数   : 通过
    C  稠密 Fock 独立实现 + g_uu 三路 : 通过

用时: 66.6 s
K-1 玻色子基准: 复现成功 —— 机器可用, 可以进入费米子版。
边界: 这是**机器校准**, 不是物理结论; 玻色子基准不上我们的格点。
EXIT=0  用时 67.4 s  ->  符合登记预期

==============================================================================
[cmera5]  _v16_smoke_cmera5.py
  note: 费米子 cMERA 生成元转录验证（9 条 checks）。实测 4.5 s。
------------------------------------------------------------------------------
=== v16 探针 · 费米子 cMERA 生成元转录验证  [v16-smoke-cmera5-1] ===
口径: H_til = H_open + J·iγ_{2L-1}γ_0 (偶宇称扇区, v16_plan.md §3.2 口径 A)
生成元来源: JHEP09(2015)002 eq1.8 (v16/cMERA_Entropy_rev.tex 行 114/116)
识别声明: d_k ≡ c†_{-q_k}  —— 逻辑推断, 非原文陈述, 见模块头

L=8, J=1.0, h=1.0, dim=256

--- A 部分: 动量模式 (全部当场稠密核验) ---

[A1] c_j = (γ_{2j} + i γ_{2j+1})/2 的正则反对易关系
    max |{c_i,c_j†} - δ_ij| 与 |{c_i,c_j}| = 0.00e+00   -> 通过

[A2] c_q = L^(-1/2) Σ_j e^(-i q j) c_j 的反对易关系 (NS 动量集合)
    max |{c_q,c_q'†} - δ_qq'| = 1.75e-15   -> 通过
    q→-q 封闭性: max_k |q_k + q_(L-1-k)| = 6.28e+00

[A3] 色散: H_til 在 NS 动量上是否对角化 (让代码判定口径, 不假设)
    -Σ_k ω(q_k) = -10.251661790966   E_gs(h) = -10.251661790966   偏差 = 0.00e+00
    v15 JW 解析值 = -10.251661790966
    -> 一致 (NS 色散正确)

--- B 部分: 生成元 eq1.8 的结构核验 ---

[B1] 厄米性: 原文符号(-) 应厄米; 误写符号(+) 应反厄米
    |K - K†|          (sign=-1) = 0.00e+00   <- 应 ~0
    |K + K†|          (sign=+1) = 0.00e+00   <- 应 ~0 (反厄米)
    -> 通过 (符号被钉死)

[B2] 保高斯性: [K, γ_c] 是否落在 span{γ} 内 (探针 3 的 fermion_test)
    K(sign=-1) 最差相对残差 = 3.74e-16  -> 通过 (纯二次)
    K(sign=+1) 最差相对残差 = 3.44e-16  (也是二次的, 故 B1 才是判据)

[B3] 2L×2L 费米子高斯表示: reconstruct(hmat_k) 是否重建 K
    |reconstruct(K) - K| / |K| = 3.94e-16   -> 通过
    hmat_k 反对称性 |h + hᵀ| = 6.94e-18  (so(2L) 生成元应反对称)

--- C 部分: 三角 vs 双曲 (费米子的判别性特征) ---

[C1] U(t)|Ω⟩ 的占据数: 费米子应 sin²(gt); 玻色子才会 sinh²(gt)
    |Ω⟩=|−⟩^⊗L 上的 ⟨c†_q c_q⟩ = 1.93e-34  (eq1.9 的 c-真空, 应 ~0)
    t= 0.0: <n_q> = 0.000000000   sin²(gt) = 0.000000000  |Δ|=1.93e-34    sinh²(gt) = 0.000000000  |Δ|=1.93e-34
    t= 0.3: <n_q> = 0.012270481   sin²(gt) = 0.012270481  |Δ|=1.21e-17    sinh²(gt) = 0.012371686  |Δ|=1.01e-04
    t= 0.7: <n_q> = 0.065594398   sin²(gt) = 0.065594398  |Δ|=2.78e-17    sinh²(gt) = 0.068594434  |Δ|=3.00e-03
    t= 1.1: <n_q> = 0.156702112   sin²(gt) = 0.156702112  |Δ|=2.78e-17    sinh²(gt) = 0.174999953  |Δ|=1.83e-02
    t= 1.5: <n_q> = 0.277669242   sin²(gt) = 0.277669242  |Δ|=0.00e+00    sinh²(gt) = 0.340979339  |Δ|=6.33e-02
    -> 最差: 对 sin² 2.78e-17 / 对 sinh² 6.33e-02   => 三角关系成立 (费米子)

[C2] eq2.10 的两态结构 + eq2.12 熵
    t=0.9: γ = tan²(gt) = 0.119633179   γ/(1+γ) = 0.106850334
    实测 <n_q0> = 0.106850334   <n_-q0> = 0.106850334   (两模相等 ⇒ 配对结构)
    |A|²+|B|² = cos²+sin² = 1.000000000000   -> 三角归一 (eq1.15/1.16)
    eq2.12 S_k = 0.339879104035   稠密 2x2 熵 = 0.339879104035   偏差 = 5.55e-17

--- D 部分: K0 流步 —— 稠密 U vs 2L×2L 的 RΓRᵀ ---

[D1] |Ω⟩ 的 Γ 纯高斯性 |Γ²+I| = 0.00e+00  (应 ~0)

[D2a] |[K,γ_0] - iΣ_a hmat[a,0]γ_a| / |[K,γ_0]| = 2.30e-16
      hmat_k 虚部 max = 6.94e-18 (应 ~0);  max|hmat_k| = 0.241714
[D2b] |dΓ_dense - θ(hΓ-Γh)| / |dΓ_dense| = 5.66e-05   (|dΓ_dense| = 4.834e-05)
[D2c] max|Γ_dense - R Γ0 Rᵀ| = 5.55e-16   (|Γ| ~ 1.000)  相对 = 5.55e-16
      -> 一致 (高斯路径可用)

--- E 部分: eq2.16 相对熵 vs 4 g² du² (如实报告, 不调) ---
    参考: 文献 eq2.16/2.15 预测值 4g²du² = 5.476000e-11
    t= 0.2: 费米子 S = 2.738022e-11 (比值 0.500004)   玻色子 S = 2.738047e-11 (比值 0.500009)
    t= 0.8: 费米子 S = 2.738025e-11 (比值 0.500005)   玻色子 S = 2.738018e-11 (比值 0.500003)
    t= 1.4: 费米子 S = 2.738004e-11 (比值 0.500001)   玻色子 S = 2.737998e-11 (比值 0.500000)

=== 判定 ===
    A1 c_j 反对易            : 通过
    A2 c_q 反对易            : 通过
    A3 NS 色散              : 通过
    B1 厄米性(钉符号)           : 通过
    B2 保高斯性               : 通过
    B3 2L×2L 重建           : 通过
    C1 三角 sin²(gt)        : 通过
    C2 eq2.10/2.12        : 通过
    D  K0 流步              : 通过

    生成元转录: 可用 —— eq1.8 已在我们格点上钉死

=== 诚实边界 ===
  1. d_k ≡ c†_{-q_k} 是**逻辑推断**(原文是狄拉克反粒子, TFI 无此物), 非原文陈述。
  2. 本探针**不建 L 算符**。有限格点上尺度算符无良定义(v16_plan.md §3.0, 探针 2 死因)。
     u 依赖只通过 g_k(u) 的 cutoff 与 (k e^u/Λ) 前因子进入; L 的处置是独立口径问题。
  3. E 部分的比值**只报数**, 不做判据 —— eq2.16 的 g 是否含 (k e^u/Λ) 前因子
     需要原文上下文才能定, 不在本探针的射程内。
  4. 本探针不产出任何 TFI 物理结论。

用时 4.3 s
EXIT=0  用时 11.9 s  ->  符合登记预期

==============================================================================
[b1_void_limit]  _v16_smoke_b1_void_limit.py
  note: B1 冒烟(一) L1 下游连线。`check()` 22 次（plan 记的 22/22 指这个, 非输出字符串）。**猴补 `G.exact_ground_state`（记忆化）⇒ 必须独立进程**（其 memo 靠 `_ForwardingFacade.__setattr__` 写回 `_model.*` 才生效）。
------------------------------------------------------------------------------
=== v16 · B1 冒烟测试 (L1 下游连线) ===
[阶段一] 空无基底: 局部维度 d=2, 酉条件数=1.00

  (1)(2) 真调 derive_L1_void_to_chain(equal_state, L=16)
  [L1] 空无 -> 链: d_local=2 张成 65536 维, dim_full=65536, 与 2^16 匹配=True
  [L1] |<void|gs(h/J)>|^2 = 2:0.763404, 4:0.938351, 8:0.984428, 16:0.996097, 32:0.999024  (对 h/J 单调上升=True)
    [PASS] dim_full == 2**L  —— 65536 vs 65536
    [PASS] dim_match 为真
    [PASS] overlap_curve 有 5 个点  —— ['2', '4', '8', '16', '32']
    [PASS] 单调上升 (判据 1/2)  —— 2:0.763404  4:0.938351  8:0.984428  16:0.996097  32:0.999024
    [PASS] overlap_inf > 0.99 (判据 2/2)  —— 0.99902365
    [PASS] **有限 h 的诚实标注**: overlap_inf 严格小于 1  —— 1 - overlap_inf = 9.764e-04

  (2) 可证伪 —— 维数不对时 dim_match 必须失败
  [L1] 空无 -> 链: d_local=3 张成 81 维, dim_full=81, 与 2^4 匹配=False
  [L1] 张成维数 81 != 2^4: 该态不在链的 Hilbert 空间里, **跳过重叠计算**, overlap_inf 如实为 nan
    [PASS] d_local=3, L=4: dim_match 翻成 False  —— dim_full=81, 张成=81
    [PASS] 维数不符时**跳过**重叠 (不崩) 且 overlap_inf 如实为 nan  —— curve=[] inf=nan

  (3) **纯增量** —— 传/不传 void_state, 阶段二读数逐位相同
      · 基准噪声: 同一个 exact_ground_state 连调两次, |dE0| = 3.553e-15, 相对 1.7e-16
[阶段二] 临界点对称性破缺: L=16, h/J=1.0
  E0/L=-1.275287, S(L/2)=0.7501, Schmidt 极化=250.673, gap=p1/p0=0.366151
[阶段二] 临界点对称性破缺: L=16, h/J=1.0
  E0/L=-1.275287, S(L/2)=0.7501, Schmidt 极化=250.673, gap=p1/p0=0.366151
    [PASS] E0 逐位相同  —— -20.40459447475666 vs -20.40459447475666
    [PASS] entropy 逐位相同  —— 0.7500553972738769 vs 0.7500553972738769
    [PASS] polarization 逐位相同  —— 250.67260731067583 vs 250.67260731067583
    [PASS] gap 逐位相同  —— 0.36615140348007835 vs 0.36615140348007835
    [PASS] gs 逐位相同
    [PASS] probabilities 逐位相同
    [PASS] 返回字典的键集未变 (无新增字段)  —— []

  (4) 断言是活的 —— 维数不符必须抛 AssertionError
[阶段二] 临界点对称性破缺: L=16, h/J=1.0
    [PASS] 维数不符抛出 AssertionError  —— L1 域态维数 4 != 2**16 = 65536

  (5) 推离负对照 —— 真调 l1_void_pushaway
  [L1] 推离 (h/J=32): theta=0.1:0.960446, theta=0.3:0.700098, theta=0.6:0.237204  → theta*=0.3 (overlap=0.7000981430032137)
    [PASS] 有 theta 使重叠跌破 0.9 (theta_star 非 None)  —— theta*=0.3, overlap=0.7000981430032137
    [PASS] theta* 处重叠确实 < 0.9  —— 0.700098
    [PASS] 推离越多重叠越低 (曲线随 theta 单调下降)  —— 0.1:0.960446  0.3:0.700098  0.6:0.237204
  [L1] 推离 (h/J=32): theta=0:0.999024  → theta*=None (overlap=None)
    [PASS] theta=0 与 derive_L1_void_to_chain 的 overlap_inf 一致  —— 0.9990236461 vs 0.9990236461
    [PASS] **口径限制**如实标注: 推离的 overlap 由被转动的态直接算出  —— 标定灵敏度尺度, 不是独立的物理证伪 (见守卫 note)

  (附) W11 源码扫描判据的**复现** (非守卫本身)
    [PASS] 复现: 扫描到 equal_state 且被下游取用  —— 11 处出现, consumed=True

=== 结果: 全部通过 ===
EXIT=0  用时 17.5 s  ->  符合登记预期

==============================================================================
[b1_ledger_row]  _v16_smoke_b1_ledger_row.py
  note: B1 冒烟(二) 台账 L1 格运行时耦合。`check()` 16 次。docstring 自陈须**孤立**运行: 「只有 B1 的三条守卫在册…这是孤立运行的性质, 不是缺陷」⇒ 独立进程是硬要求。
------------------------------------------------------------------------------
=== v16 · B1 冒烟测试(二): 台账 L1 格的运行时耦合 ===
[阶段一] 空无基底: 局部维度 d=2, 酉条件数=1.00
  [L1] 空无 -> 链: d_local=2 张成 65536 维, dim_full=65536, 与 2^16 匹配=True
  [L1] |<void|gs(h/J)>|^2 = 2:0.763404, 8:0.984428, 32:0.999024  (对 h/J 单调上升=True)
  [L1] 推离 (h/J=32): theta=0.1:0.960446, theta=0.3:0.700098, theta=0.6:0.237204  → theta*=0.3 (overlap=0.7000981430032144)

  (1) 真调 metric_l1_void_link() 注册守卫/指标
    [PASS] 注册了 1 条指标  —— 14 L1 空无到链的下游连线 (重叠曲线)
    [PASS] 注册了 3 条守卫  —— B1 主判据: L1 域态重叠对 h/J 单调上升且 h/J=32 时 > 0.99 | B1 维数: dim_full 与 2**L 相符 (首次被真消费) | B1 推离: 转动 L1 局部态后重叠跌破 0.9
    [PASS] 三条都是**计分**守卫 (expect_pass=True)
    [PASS] 三条都通过 (ok=True)  —— []

  (2) 台账 L1 行指名的守卫**确实在 GUARDS 里** (phantom 检查的实质)
    [PASS] _NEG_CTRL_TABLE 恰有一行 L1
    [PASS] L1 行不再是"缺"  —— 状态 = '已补'
    [PASS] L1 行的类型是"推离"  —— '推离'
    [PASS] L1 行引用的守卫名**逐字**存在 (否则全流程末尾判失败)  —— 引用=['B1 推离: 转动 L1 局部态后重叠跌破 0.9'], 缺失=[]

  (3) 真调 metric_negative_control_ledger(), 看 L1 那格

  ── v15·W6 负对照台账 (逐层) ──
      层   阶段                      对照数    类型                        守卫
      L1  空无基底等权叠加蕴潜能             1      推离                        1
      L2  量子涨落扰动对称性破缺             3      推离,二路径,二路径                0
      L3  自指的动力学涌现                3      推离,二路径,推离                 0
      L4  自指画定边界投影出全息             1      推离                        0
      L5  全息自然展开生成了时空             2      零模型,二路径                   0
      L6  时空提供梯度孕育显生命             2      二路径,推离                    0
      L7  生命涌现意识自照见空无             1      上界                        0
      覆盖 7/7 层; 缺口 []
      台账完整性: 幻影引用 ['F1 twist 保持实矩阵 (可喂 float MERA)', 'F1 同族: 跨边界条件已运行 (PBC vs θ=π twist)', 'F1 跨边界条件相对差 <= 5%', 'F1 边界条件确实换了态 (E0 与 S(L/2) 都变)', 'F2a 主判据: c_fit 峰在临界点', 'F2a 区分力: 非临界点正确失败', 'F2a 次判据: S(L/2) 峰位在窗口内', 'F2a 诊断: gap 单调 (不作判据)', 'F5 诊断: Gray-Scott 的 u+v 不是守恒量', 'F5-L2 基态能量与 JW 闭合式一致', 'F5-L3 幂迭代残差达阈', 'F5-L5 Forman 在环 C_n (n>=4) 上为 0', 'F5-L6a 离散拉普拉斯零和', 'F5-L6b Gray-Scott 精确离散平衡恒等式', 'F5-L7 熵比与等权度满足上界', 'F6a 对照几何族已建立', 'F6b MERA 体几何处于对照分布内 (非统计异常)', 'F6c 诊断: MERA 并非比全部对照更负', 'F7 _char_scale 输入校验生效', 'L4 键维向下对照: 压到面积律下界以下下游退化', 'V6 权重自由变体秩1化', 'V7 权重归一变体秩1化', 'W1 可达 N 上变体 A 不秩1化', 'W1 诊断: 冻结对照并非"永不收敛"'], 缺失层 无
      判据: 只有能**在结论不成立时失败**的检查才算负对照 —— 正性/有限性检查已排除
    [PASS] L1 已被计为"有对照" (n_controls == 1)  —— {'L1': 1, 'L2': 3, 'L3': 3, 'L4': 1, 'L5': 2, 'L6': 2, 'L7': 1}
    [PASS] L1 已**不在**缺口名单里  —— 缺口 = []
    [PASS] L1 那格数到 1 条存活守卫  —— {'L1': 1, 'L2': 0, 'L3': 0, 'L4': 0, 'L5': 0, 'L6': 0, 'L7': 0}
    [PASS] 覆盖层数 (孤立运行下口径自洽: 覆盖 + 缺口 = 7)  —— 覆盖 7/7, 缺口 []
    [PASS] B1 的守卫名**没有**出现在 phantom 名单里  —— phantom 共 24 条 (孤立运行, 其它层的守卫未注册 —— 属正常)
    [PASS] L1 那格的类型是"推离"  —— ['推离']

  (4) claim 列指向的指标名与真实注册名一致
    [PASS] 台账 L1 行在 _NEG_CTRL_CLAIM 里有登记  —— 键 = ('L1', 'B1 · 局部等权态转动推离')
    [PASS] claim 列指向的指标名 == 真实注册的指标名  —— '14 L1 空无到链的下游连线 (重叠曲线)' vs '14 L1 空无到链的下游连线 (重叠曲线)'

=== 结果: 全部通过 ===
EXIT=0  用时 10.4 s  ->  符合登记预期

==============================================================================
[b3_ledger]  _v16_smoke_b3_ledger.py
  note: B3 台账。`check()` 24 次（plan 记的 26/26 指注册规模, 非输出字符串）。只读 `v15/_v15_run.log`（冻结的外部参照, plan :87）—— 不写盘。
------------------------------------------------------------------------------
=== v16 · B3 冒烟测试 ===

[第一部分] 负向测试 —— 每条检查都必须能被坏输入触发
  · 基线 (健康输入):
    [PASS] 基线 (b) 无幻影  —— []
    [PASS] 基线 (c) 无伪独立  —— []
    [PASS] 基线 (d) 无未归层  —— []
    [PASS] 基线 (e) claim 列完备  —— 未登记=[] 幻影=[] 主张不存在=[]
    [PASS] 基线 (a) **只报不判** —— 有孤儿但 ok 仍为真  —— n_orphans=8 ok=True
  · (a) 孤儿主张: 有判定但无守卫指认 —— 必须出现在名单里
    [PASS] (a) 无守卫指认的被列出  —— ['中心荷误差', '14 L1 空无到链的下游连线 (重叠曲线)', '6 跨边界条件中心荷交叉检验 (同族)', '7 一致性检查束 (数值路径 <-> 解析路径)', '8 涌现几何的对照鲁棒性', '9 自指变体秩1化的 N 依赖 (相图)', 'III-A1 描述子距离', '10 谱学中心荷 (能谱族)']
    [PASS] (a) 被 where 指认的不在名单里
  · (b) 幻影引用: tests_claims 指向不存在的主张
    [PASS] (b) 幻影被报出且 ok=False  —— ['99.9']
  · (b) 真实引用: claim_id 存在时按 id 指认, 孤儿消失
    [PASS] (b) 无幻影且该条孤儿清零  —— phantom=[]
  · (c) 伪独立 —— 三种失败都要报
    [PASS] (c) 未登记同源被报出  —— [('SX', '未登记同源', ['中心荷误差'])]
    [PASS] (c) 登记成员不符被报出  —— [('W3b_spectrum', '登记成员不符', ['10 谱学中心荷 (能谱族)'])]
    [PASS] (c) 与登记表逐成员一致时通过  —— []
    [PASS] (c) 登记表指向不存在的数据源被报出  —— [('W3b_spectrum', '登记表指向不存在的数据源', ['10 谱学中心荷 (能谱族)', 'W3b v 无关比值单调趋 8', 'W3b 谱学 c 与 0.5 相容到 1%'])]
  · (d) 未归层项 —— 名字与 where 都命中不了规则
    [PASS] (d) 两条未归层都被列名报出且 ok=False  —— [('metric', 'ZZ 无规则指标'), ('guard', 'ZZ 无规则守卫')]
  · (e) 台账 claim 列的四种情况
    [PASS] (e) 未登记的对照条目被报出且 ok=False  —— ['L9/ZZ · 未登记对照']
    [PASS] (e) 登记表里的幻影条目被报出且 ok=False  —— ['L7/F5-L7 · 熵比与等权度上界']
    [PASS] (e) 登记表指向不存在的主张被报出且 ok=False  —— ['5 临界性负对照 (h/J 扫描)']
    [PASS] (e) 实际登记表已无留缺 (B1 补上了 L1)  —— []
    [PASS] (e) 值为 None 的条目进 nc_gap 且**不算失败**  —— ['L1/ZZ 注入留缺']

[第二部分] (d) 对**真实清单**的覆盖率 (源: v15/_v15_run.log; 该转储早于 B3-1 字段增补 ⇒ 无 claim_id/source_id)
  · 重建: 指标 26 条, 守卫 74 条
    [PASS] 重建条数与 v15 全流程日志一致 (26 / 74)  —— 实测 26 / 74
    [PASS] (d) 真实清单**零未归层**  —— []
    [PASS] (b) 真实清单无幻影引用 (日志转储不含 tests_claims)
    [PASS] (e) v15 时代的主张在真实清单里全部解析得到  —— []
    [PASS] (e) 未解析的**只有** B1 新增的那一条 (v15 转储不可能有它)  —— 未解析=['14 L1 空无到链的下游连线 (重叠曲线)'], B1 新增=['14 L1 空无到链的下游连线 (重叠曲线)']

  · 口径匹配率实测 (分母 = 有 pass/fail 判定的 tier-1/2 指标 = 18)
        L1: **无计分指标**  (同层守卫 1 条)
        L2: 2/3   (同层守卫 13 条)
        L3: 1/3   (同层守卫 5 条)
        L4: 0/5   (同层守卫 2 条)
        L5: 5/5   (同层守卫 23 条)
        L6: **无计分指标**  (同层守卫 7 条)
        L7: **无计分指标**  (同层守卫 2 条)
        EXT: **无计分指标**  (同层守卫 17 条)
        X: 1/2   (同层守卫 4 条)
    => 有守卫指认 9/18; 其余 9 条**没有任何既有守卫指认**:
        · 中心荷误差
        · 共形不变性
        · MERA 一致性
        · 全程稳健性
        · 因果链拟合 RMSE
        · 纠缠熵 KL 散度
        · 关联衰减指数
        · Jordan 块收敛率
        · 13 负对照台账 (逐层)
    注 1: 本段用**日志转储**, 故 C5b 的 claim_id 指认 (真实运行时才有) 不在此体现 —— 此处匹配率是**下界**。
    注 2: 匹配口径是「某守卫的 where 出现在该指标的 method 里」。对不上**不等于缺陷** —— v15 里指标的 pass/fail 本就是它与自己目标的比较, 守卫是**另一个**注册表; 这条数字量的是「有多少条主张另有独立守卫», 不是「有多少条主张被检验过」。

=== 结果: 全部通过 ===
EXIT=0  用时 0.2 s  ->  符合登记预期

==============================================================================
[gaussian.stage1]  _v16_cmera_gaussian.py stage1
  note: **冻结判据** 9/9。实测 3.4 s。任何改动都不得扰动它。
------------------------------------------------------------------------------
=== v16 · 高斯 cMERA 阶段 1 自检  [v16-cmera-gaussian-1] ===
口径 A: H_til = H_open + J·iγ_{2L-1}γ_0 (偶宇称扇区)
u 约定: IR→UV, u_UV=0（2104.01551 的 S7 方向; 与 JHEP 反向, û=−u）
L=8, J=1.0, h=1.0, dim=256

--- S1 升格保真（重跑 K−2 的已钉死数字） ---
    [S1a] max|{c_i,c_j†}−δ| = 0.00e+00   (K−2 记录 0.00e+00)   -> 通过
    [S1b] max|{c_q,c_q'†}−δ| = 1.75e-15   (K−2 记录 1.75e-15)   -> 通过
    [S1c] |K−K†|(sign=−1) = 0.00e+00  |K+K†|(sign=+1) = 0.00e+00   -> 通过
    [S1d] K 最差相对残差 = 3.74e-16   (K−2 记录 3.74e-16)   -> 通过
    [S1e] |Ω⟩=|−⟩^⊗L 上 ⟨c†_q c_q⟩ = 1.93e-34   (应 ~0; |+⟩^⊗L 会给出 1.0)   -> 通过
    [S1f] max|Γ_dense − RᵀΓ₀R| / |Γ| = 5.55e-16   (K−2 记录 5.55e-16)   -> 通过

--- S2 纯 2L×2L 路径 ≡ 稠密路径（**阶段 1 的唯一目的**） ---
    [S2a] |hmat_pure − hmat_dense| / |hmat_dense| = 4.22e-15   (|hmat_dense| = 0.241714)
          -> 一致 (纯 2L 路径可用)
    [S2b] |hmat_pure + hmat_pureᵀ| = 0.00e+00   -> 通过 (so(2L) 生成元)
    [S2c] L=32: 纯路径 64×64 = 0.03 MB, 用时 64 ms
          对照: 稠密算符需 2^32×2^32 = 2.951e+11 GB —— 红线禁止, 故纯路径是必需的

=== 阶段 1 判定 ===
    S1a A1 c_j 反对易            : 通过
    S1b A2 c_q 反对易            : 通过
    S1c B1 厄米性(钉符号)           : 通过
    S1d B2 保高斯性               : 通过
    S1e C1 |Ω⟩ 是 c-真空         : 通过
    S1f D 流步 RᵀΓR             : 通过
    S2a pairing_hmat ≡ 稠密     : 通过
    S2b pairing_hmat 反对称      : 通过
    S2c 纯路径可上 L=32            : 通过

    阶段 1: 通过 —— 纯 2L×2L 路径已钉死, 可进阶段 2 (K1–K6)

=== 诚实边界 ===
  1. 本文件不建 L 算符(§3.4.0 主线 A)。**L|Ω⟩=0 在本口径下未被检验** ——
     不得写成「满足 cMERA 全部定义」。诊断 B(离散 L, L=8) 属阶段 2。
  2. d_k ≡ c†_{-q_k} 是逻辑推断(原文 d 是狄拉克反粒子), 非原文陈述。
  3. K1/K2 的靶 g(u) 来自 2104.01551(**玻色子**)。费米子版闭式原文没有
     (JHEP §3 整节无费米子内容, eq3.5i 是玻色子的) ⇒ 用玻色子靶检验费米子实现是**继承的假设**。
  4. 阶段 1 不产出任何 TFI 物理结论。**本自检不含** `g_uu` / 熵 / 变分优化;
     变分优化与 K1–K6 已在阶段 2 实现（见文件头）, 走 `stage2` 分支。
     注: `g_uu = g(u)²` 由 eq3.4x + K−1 在文献侧关闭, 本文件不需实现它。

用时 3.0 s
EXIT=0  用时 10.3 s  ->  符合登记预期

==============================================================================
[gaussian.stage2check]  _v16_cmera_gaussian.py stage2check
  note: 阶段 2 自检 4/4。`4.203e-15` 是 S2a2 的已登记读数（2026-09-25 修 √2 后）—— 钉住它是为了「修完之后没再漂」。实测 76.2 s。
------------------------------------------------------------------------------
=== v16 · 高斯 cMERA 阶段 2 自检  [v16-cmera-gaussian-1] ===
    [S2a2] |hmat_pure(+1) − hmat_dense(−i·K_gen)| / |·| = 4.203e-15   -> 通过
    [S3] max|Γ_解析 − Γ_稠密| = 0.000e+00   -> 通过
    [S4a] max|⟨n_q⟩_稠密 − sin²φ*| = 1.443e-15   -> 通过
    [S4b] |⟨H⟩ − E0|/|E0| = 4.565e-04   (⟨H⟩=-10.246981400690, E0=-10.251661790966)   -> 通过

=== 阶段 2 自检判定 ===
    S2a2 sign=+1 ≡ 稠密         : 通过
    S3 Γ(|Ω⟩) 解析 ≡ 稠密         : 通过
    S4 ⟨n_q⟩ = sin²φ*         : 通过
    S4b ⟨H⟩ 闭合到 E0            : 通过

    阶段 2 自检: 通过

用时 58.7 s
EXIT=0  用时 65.9 s  ->  符合登记预期

==============================================================================
[claim_ledger.standalone]  _v16_claim_ledger.py
  note: **已知必退 3, 且这是对的。** `METRICS`/`GUARDS` 是进程内全局, 独立进程里为空 ⇒ 四条检查必然报「无孤儿主张」以外的空判。其 docstring 自陈需与全流程**同进程**。真正有效的调用在 `--full` 的 `full_pipeline+claim_ledger` 条目里。登记于此是为了让「孤立跑 claim_ledger 得到红」不再是困惑, 而是**已登记的事实**。
------------------------------------------------------------------------------

=== v16 · B3 claim↔test 口径账本  [v16-claim-ledger-1] ===
    注册规模: 指标 0 条, 守卫 0 条, 负对照 13 条
    [(a) 孤儿主张] 0 条 / 分母 0 条 (**只报不判**）
    [(b) 幻影引用] 无 -> 通过
    [(c) 伪独立]   1 条 -> **失败**
        · [W3b_spectrum] 登记表指向不存在的数据源: ['10 谱学中心荷 (能谱族)', 'W3b v 无关比值单调趋 8', 'W3b 谱学 c 与 0.5 相容到 1%']
    [(d) 未归层项] 0 条 -> 通过
    [(e) 台账 claim 列] 未登记 0 / 幻影 0 / 指向不存在的主张 8 -> **失败**
        · 主张不存在: 14 L1 空无到链的下游连线 (重叠曲线)
        · 主张不存在: 5 临界性负对照 (h/J 扫描)
        · 主张不存在: 6 跨边界条件中心荷交叉检验 (同族)
        · 主张不存在: 7 一致性检查束 (数值路径 <-> 解析路径)
        · 主张不存在: 8 涌现几何的对照鲁棒性
        · 主张不存在: 9 自指变体秩1化的 N 依赖 (相图)
        · 主张不存在: III-A1 描述子距离
        · 主张不存在: 中心荷误差
    口径匹配率（分子 = 被既有守卫指认到的, 分母 = 有 pass/fail 判定的 tier-1/2 指标）:
        L1: **无计分指标** (同层守卫 0 条)
        L2: **无计分指标** (同层守卫 0 条)
        L3: **无计分指标** (同层守卫 0 条)
        L4: **无计分指标** (同层守卫 0 条)
        L5: **无计分指标** (同层守卫 0 条)
        L6: **无计分指标** (同层守卫 0 条)
        L7: **无计分指标** (同层守卫 0 条)
        EXT: **无计分指标** (同层守卫 0 条)
        X: **无计分指标** (同层守卫 0 条)
    同源登记: 1 组
        [W3b_spectrum] 3 条读数 **同源** ⇒ 不得写成「互相印证/独立佐证」
    => (b)(c)(d)(e) 合计: **失败**
EXIT=3  用时 6.5 s  ->  符合登记预期

==============================================================================
=== 汇总 ===
  该通过的: 9/9  (100.0%)
    ✓ cmera                        242.9s  符合登记预期
    ✓ cmera3                        15.2s  符合登记预期
    ✓ cmera4                        67.4s  符合登记预期
    ✓ cmera5                        11.9s  符合登记预期
    ✓ b1_void_limit                 17.5s  符合登记预期
    ✓ b1_ledger_row                 10.4s  符合登记预期
    ✓ b3_ledger                      0.2s  符合登记预期
    ✓ gaussian.stage1               10.3s  符合登记预期
    ✓ gaussian.stage2check          65.9s  符合登记预期
  预期失败(单列, 不进分母): 2 条, 其中未按预期失败 0 条
    ✓(如预期) cmera2                       336.5s  符合登记预期
    ✓(如预期) claim_ledger.standalone        6.5s  符合登记预期

总用时 784.7 s
