=== v16 runner  2026-09-26 19:26:39  fast, 1 条 ===
    (上一份日志已归档: _runall_20260926-192639.log)

--- 运行环境（只登记, 不参与任何判定）---
    本机时间 2026-09-26 19:26:39   (UTC 2026-09-26 11:26:39)
    platform Windows-10-10.0.19045-SP0
    CPU 逻辑核 8   Python 3.13.9
    全机 CPU 忙占比 = (Δ(内核+用户) − Δ空闲) / Δ(内核+用户), 源为
      kernel32!GetSystemTimes 的**整机**累计计数 —— 含**其它进程**的活动,
      记的是「这台机器当时在忙什么」, 不是子进程自身占用。逐条见其 EXIT 行。

==============================================================================
[full_pipeline+claim_ledger]  -c 
import sys, os
sys.path.insert(0, sys.argv[1])
import spiral_model_v16 as M
try:
    M.main()
except SystemExit as exc:
    if exc.code not in (0, None):
        print(f"!! 全流程 sys.exit({exc.code}) —— 不继续做同进程审计")
        sys.exit(exc.code)
from _v16_claim_ledger import claim_test_ledger
res = claim_test_ledger()
sys.exit(0 if res['ok'] else 3)
 D:\dev\product\python\spiral-emergence\v16
  note: --full 专有: `spiral_model_v16.main()` 全流程 **与** `claim_test_ledger()` 在**同一个子进程**内先后执行（同进程是硬要求, 见 claim_ledger docstring）。放在一个子进程里而非 runner 自己进程里, 是为了不污染 runner、且崩溃不带走 runner。
------------------------------------------------------------------------------
============================================================================
  空无到照见 · v16
  量化指标评估层 (三层体检报告) —— 不加任何新物理阶段
  阶段间因果链 (函数式派生) | 闭环螺旋 spiral_loop()
  负对照与交叉检验: F1 跨边界 c | F2a h/J 扫描 | F5 双路径对表 | F6 零模型对照族
============================================================================

  旋钮 (不可约外部输入, 不是派生量):
    L_chain              = 16
    d_local              = 2
    L_domain             = 0.5
    n_lambda             = 3.0
    pts_per_wavelength   = 12.0
    F                    = 0.035
    k                    = 0.06
    dt                   = 1.0
    Du                   = 2e-05
    Dv                   = 1e-05
    其余所有下游参数由上游实测物理量派生, 见下方因果链台账。
[阶段一] 空无基底: 局部维度 d=2, 酉条件数=1.00
  [L1] 空无 -> 链: d_local=2 张成 65536 维, dim_full=65536, 与 2^16 匹配=True
  [L1] |<void|gs(h/J)>|^2 = 2:0.763404, 4:0.938351, 8:0.984428, 16:0.996097, 32:0.999024  (对 h/J 单调上升=True)
  [L1] 空无的局部维度 2 张成 16 个自旋的全空间: dim_full = 65536 (= 2^16), 实际维数匹配 = True
  [L1] 推离 (h/J=32): theta=0.1:0.960446, theta=0.3:0.700098, theta=0.6:0.237204  → theta*=0.3 (overlap=0.7000981430032155)
[阶段二] 临界点对称性破缺: L=16, h/J=1.0
  E0/L=-1.275287, S(L/2)=0.7501, Schmidt 极化=250.673, gap=p1/p0=0.366151

  --- 因果链: 从阶段二的约化密度矩阵谱派生下游参数 ---

============================================================================
  阶段三 · 自指的动力学涌现
============================================================================
   [L2 物理算例] 由纠缠谱派生的谱隙 = 0.366151
        理论收敛比 = 0.366151, 实测收敛比 = 0.358751, 步数 = 35
[阶段三-a] 幂迭代: 一般 (非正规) 矩阵 N=128
   gap=0.90 eps=0.05 (cond(V)=6): 理论比=0.9000, 实测比=0.8955, 步数=260, 残差=8.6e-14, 非正规性=0.0149
   gap=0.50 eps=0.05 (cond(V)=7): 理论比=0.5000, 实测比=0.4878, 步数= 45, 残差=2.8e-14, 非正规性=0.0374
   gap=0.20 eps=0.05 (cond(V)=6): 理论比=0.2000, 实测比=0.1926, 步数= 22, 残差=4.6e-15, 非正规性=0.2426
   gap=0.05 eps=0.05 (cond(V)=6): 理论比=0.0500, 实测比=0.0473, 步数= 12, 残差=9.0e-16, 非正规性=0.9116
   第 2 组 Jordan 块 N=6, 特征值全 = 0.9 (谱半径=0.900 < 1, 非正规性=0.049):
     只有 1 个不同特征值 -> 谱隙 |λ2/λ1| = 1.00, 线性收敛不被预言; 实测方向步长比 = 0.9993 (吻合, 方向不收敛)
     状态范数 ‖A^k x₀‖: 1.000 (k=1: 1.053) -> 峰值 145.51 (k=47) -> 先涨后落, k=149 才最后一次跌破初值并保持, k=300 衰减到 3.82e-06 (ρ^k=1.87e-14)
     ‖A‖₂=1.317 -> 峰值 ‖A^k‖₂=358.416 (k=49), 放大 272.2x, 之后才衰减
     峰值处 ‖A^k‖₂/ρ^k = 62589.9: 谱半径把范数低估了 62590 倍
[阶段三-a'] 模相等反例: |lam1|=1.1359, |lam2|=1.1359
  4000 步后步长仍为 1.3219 (不趋于 0) -> 不收敛 (周期轨道)
  [L3] 自指网络宽度由有效 Schmidt 秩派生: N = 17 (手工取 64)
   g=0.4 (g*rho=0.37): 尾部步长=0.00e+00 Lyapunov=-1.0347 -> 不动点
   g=0.8 (g*rho=0.74): 尾部步长=0.00e+00 Lyapunov=-0.3412 -> 不动点
   g=0.9 (g*rho=0.83): 尾部步长=0.00e+00 Lyapunov=-0.2243 -> 不动点
   g=1.0 (g*rho=0.93): 尾部步长=1.72e-113 Lyapunov=-0.1215 -> 不动点
   g=1.1 (g*rho=1.02): 尾部步长=8.12e-01 Lyapunov=-0.0499 -> 极限环
   g=1.4 (g*rho=1.30): 尾部步长=2.97e+00 Lyapunov=-0.1138 -> 极限环
   g=2.0 (g*rho=1.85): 尾部步长=4.51e+00 Lyapunov=-0.0191 -> 极限环
[阶段三-b] 自指神经网络 N=17, 谱半径 rho(W)=0.9254
[阶段三-c] 权重-状态耦合自指 N=17, eta=0.05, g=1.0
  冻结权重 (对照): 末段|dx|=1.439e+00 (不收敛), 末段||x||=1.000e+00, sigma1/sigma2=1.143e+00
  自指·状态自由 (A): 末段|dx|=0.000e+00 (收敛), 末段||x||=0.000e+00, sigma1/sigma2=1.135e+00
  自指·状态归一 (B): 末段|dx|=2.231e-08 (收敛), 末段||x||=1.000e+00, sigma1/sigma2=3.271e+09
      B 的秩1化轨迹 step     0: sigma1/sigma2=          1.14
      B 的秩1化轨迹 step  2000: sigma1/sigma2=      96758.60
      B 的秩1化轨迹 step  4000: sigma1/sigma2=    2063848.28
      B 的秩1化轨迹 step  6000: sigma1/sigma2= 3271402530.98
      -> 冻结的对照本次末段|dx|=1.439e+00 (不收敛); 它是固定随机映射, 收敛与否取决于抽到的 W 的谱 —— W1 实测 16.0% 的组合会收敛。
         两个自指变体本次: A |dx|=0.000e+00, B |dx|=2.231e-08 (判据 < 1e-4)
         但'权重自发秩 1 化 (W* -> x* x*^T)'只在实测 sigma1/sigma2 > 1000 时才能说:
           变体 A (状态自由): sigma1/sigma2=1.135e+00 -> 未秩 1 化 (它收敛到 x*=0, 权重失去方向)
           变体 B (状态归一): sigma1/sigma2=3.271e+09 -> 秩 1 化
         诚实边界: 上述判定依赖 N —— W1 实测 A 秩1化的种子数: N<=32 为 0/5, N=48 为 1/5, N=64 为 5/5;
                   而 L<=16 能派生的 N 只有 11~17, 一律 0/5。 完整相图见 selfref_N_dependence()。
         状态消退与否: 归一后 ||x|| 保持在 1.000, 自由时衰减到 0.00e+00。
[阶段三-c·W1] 秩1化相图: 7 个 N x 5 种子 x 8000 步, 198.5s
    N     A 秩1化     B 秩1化      冻结收敛     A 的 p   (命中种子数 / 总数)
   11       0/5        5/5        0/5         --
   12       0/5        5/5        1/5         --
   15       0/5        5/5        1/5         --
   16       0/5        5/5        2/5         --
   17       0/5        5/5        0/5         --
   48       1/5        5/5        1/5     0.4791
   64       5/5        5/5        0/5     0.4891
  RANK_TOL 敏感性 (命中率 = 该 N 下 sigma>tol 的种子占比):
    N A>1e+01 A>1e+02 A>1e+03 A>1e+04 A>1e+05 A>1e+06   | B>1e+01 B>1e+02 B>1e+03 B>1e+04 B>1e+05 B>1e+06
   11    0.00    0.00    0.00    0.00    0.00    0.00   |    1.00    1.00    1.00    1.00    1.00    1.00
   12    0.00    0.00    0.00    0.00    0.00    0.00   |    1.00    1.00    1.00    1.00    1.00    1.00
   15    0.00    0.00    0.00    0.00    0.00    0.00   |    1.00    1.00    1.00    1.00    1.00    1.00
   16    0.00    0.00    0.00    0.00    0.00    0.00   |    1.00    1.00    1.00    1.00    1.00    1.00
   17    0.00    0.00    0.00    0.00    0.00    0.00   |    1.00    1.00    1.00    1.00    1.00    1.00
   48    0.20    0.20    0.20    0.20    0.20    0.00   |    1.00    1.00    1.00    1.00    1.00    0.80
   64    1.00    1.00    1.00    1.00    1.00    1.00   |    1.00    1.00    1.00    1.00    1.00    1.00
  -> A 全部种子秩1化的 N: [64]
     完全没有的 N:       [11, 12, 15, 16, 17]
     部分种子才有的 N:   [48]  <- 相变是**随机的**, 不是一条 N 阈值
  -> A 的 ||x|| ~ n^-p, p 中位 = 0.4876 (预测 1/2, 来自 ds/dn = -s^3/3 即 g=1 的边缘稳定)
     p>0 ⇒ 秩1方向是**有限步暂态**, 渐近仍归于 x*=0, 不是不动点。
  -> 冻结对照 (固定随机映射) 收敛到 <1e-4 的有 5/35 = 14.3% —— 收敛与否取决于抽到的 W 的谱, **不是恒定的**。

============================================================================
  阶段四 · 真实张量网络全息 (quimb MERA)
============================================================================
  [L4] 键维由面积律派生: chi = 4 (下界 exp(S) = 2.1171); 手工取 4
  MERA(L=8, chi=2): 14 个张量, 7 个解纠缠器 + 6 个等距 + 1 个顶层边界张量
  酉性 ||U^dag U - I|| = 4.44e-16 (张量性质保证, 非构造凑数)
  等距 ||W^dag W - I|| = 4.44e-16
  因果锥张量数 |cone(n)| (L=32, 共 62 张量):
     n=1..16 -> [19, 19, 21, 21, 25, 25, 27, 27, 33, 33, 35, 35, 39, 39, 41, 41]
     线性拟合 R^2=0.9771 vs 对数拟合 R^2=0.8380
     -> 体是体积律 (线性), 而 S(n) 只随 ln n 增长 (面积律)
  [主拟合] MERA(L=16, chi=4 派生): 5 条轨迹 x 1500 步, 精确对照 c=0.5072
       检查点按 **overlap** (训练目标本身) 选择, 不偷看 eps_c; 另有 chi=8 对照轨迹测『提 chi 有没有用』
      [chi=4 lr=0.03 seed=0] ov=0.998952 @step1500  c=0.522571  eps_c= 3.027%  R_conf=1.765e-03  (93s)
      [chi=4 lr=0.03 seed=1] ov=0.998539 @step1500  c=0.526784  eps_c= 3.858%  R_conf=1.764e-03  (322s)
