=== v16 runner  2026-09-26 08:21:27  fast, 6 条 ===
    (上一份日志已归档: _runall_20260926-082127.log)

==============================================================================
[cmera3]  _v16_smoke_cmera3.py
  note: 自由费米子高斯表述自检（9 条 checks）。判定句逐字来自其 L316。
------------------------------------------------------------------------------
=== v16 探针 · 自由费米子高斯表述自检  [v16-smoke-cmera3-2] ===
L=8, J=1.0, h=1.0, dim=256

[T0] 稠密周期 H 的基态能量 vs v15 Jordan-Wigner 解析值
    dense(周期) = -10.251661790966   JW 解析 = -10.251661790966   偏差 = 3.38e-14
    -> 一致 (位序/符号自洽)

[T1] Majorana 代数 {γ_a, γ_b} = 2 δ_ab
    最大偏差 = 0.00e+00   -> 通过

--- A 部分: 开链 (L-1 条键, 无边界项) ---

[T2] 自由费米子判据: [H_open, γ_c] 落在 span{γ} 内的相对残差
    最差相对残差 = 0.00e+00   -> 通过 (H 纯二次)

[T3] 由 h 重建 H_rec, 检验 H_open - H_rec 是否为常数
    非对角残差 = 0.00e+00   -> 通过 (只差常数)

[T4] 开链基态协方差矩阵 Γ 是否纯高斯 (Γ² = -I)
    |Γ² + I| 最大元 = 1.55e-15   -> 通过

[T5] 由 Γ 算出的能量 vs 开链 ED 能量
    开链 ED 能量    = -9.837951447459
    由 Γ 算出的能量 = -9.837951447459   偏差 = 2.84e-14
    -> 一致 (定量闭环)

--- B 部分: 周期链 (报告性) ---

[T6] 边界项假设: σz_{L-1}σz_0 =? c · i γ_{2L-1} γ_0 · P,  P = Π_i σx_i
    最佳 c = -1.000000   残差 = 0.00e+00   -> 成立 (边界项 = 双线性 × 宇称)

[T7] 周期链 [H_per, γ_c] 相对残差 (对比开链)
    周期链 最差相对残差 = 5.77e-01
    开链   最差相对残差 = 0.00e+00
    -> 周期链**不**纯二次 (与开链形成对照)

[T8] 偶宇称扇区: H_til = H_open + J·i γ_{2L-1} γ_0 是否恢复纯二次
    [T8a] 周期基态的宇称 <P> = +1.000000000000   -> 偶宇称扇区 (P=+1, 前提成立)
    [T8b] H_til 最差相对残差 = 0.00e+00   -> 通过 (纯二次)
    [T8c] H_til 基态能量 = -10.251661790966
          周期 JW 解析值 = -10.251661790966   偏差 = 1.42e-14
          -> 一致 (周期链已接回高斯表述)

--- C 部分: 纯 Γ 表示 (2L×2L) 与规模 ---

[T9] 纯 h 构造 (2L×2L) 与稠密路径的一致性
    [T9a] 与稠密路径 hmat_til 的最大元差 = 0.00e+00   -> 一致
    [T9b] L=8: 由 h 的谱算得 E_gs = -10.251661790966
          稠密 H_til 基态能量   = -10.251661790966   偏差 = 1.42e-14
          -> 一致 (BdG 谱闭合)

[T9c] 规模: 只有 2L×2L, 无 2^L 希尔伯特空间
    L=  32: E_gs = -40.7600324942  JW = -40.7600324942  相对偏差 = 6.97e-16  用时 = 1.2 ms  OK
    L= 128: E_gs = -162.9787524134  JW = -162.9787524134  相对偏差 = 1.40e-15  用时 = 92.0 ms  OK
    L= 512: E_gs = -651.8996695594  JW = -651.8996695594  相对偏差 = 3.14e-15  用时 = 1381.8 ms  OK
    内存: h 为 1024×1024 float64 = 8.4 MB (对比 L=32 稠密矢量 2^32 不可行)

=== 判定 ===
    T0 位序/符号              : 通过
    T1 Majorana 代数        : 通过
    T2 纯二次(开链)            : 通过
    T3 完整重建(开链)           : 通过
    T4 纯高斯(开链)            : 通过
    T5 能量闭环(开链)           : 通过
    T6 边界项=双线性×宇称         : 通过
    T8 周期接回高斯表述           : 通过
    T9 纯 h 表示(可上大 L)      : 通过

    高斯表述: 可用 —— 开链严格成立, 周期链经宇称扇区亦成立
    周期链 T7(不设扇区) 残差 = 5.77e-01 ⇒ 原始 H_per **不**纯二次;
        T8 用 H_til=H_open+J·iγ_{2L-1}γ_0 在偶扇区恢复, 能量与周期 JW 一致。
    => 周期 TFI 的自由费米子性**依赖宇称扇区**; 这是数学事实, 不是数值误差。
       B2 实施时必须显式声明用的是 H_til(偶扇区) 还是开链, 不能含糊过去。
    边界: 本探针不产出物理结论; 它是后续任何 cMERA 构造的**前提**。
EXIT=0  用时 13.3 s  ->  符合登记预期

==============================================================================
[cmera5]  _v16_smoke_cmera5.py
  note: 费米子 cMERA 生成元转录验证（9 条 checks）。实测 4.5 s。
------------------------------------------------------------------------------
=== v16 探针 · 费米子 cMERA 生成元转录验证  [v16-smoke-cmera5-1] ===
口径: H_til = H_open + J·iγ_{2L-1}γ_0 (偶宇称扇区, v16_plan.md §3.2 口径 A)
生成元来源: JHEP09(2015)002 eq1.8 (v16/cMERA_Entropy_rev.tex 行 114/116)
识别声明: d_k ≡ c†_{-q_k}  —— 逻辑推断, 非原文陈述, 见模块头

L=8, J=1.0, h=1.0, dim=256

--- A 部分: 动量模式 (全部当场稠密核验) ---

[A1] c_j = (γ_{2j} + i γ_{2j+1})/2 的正则反对易关系
    max |{c_i,c_j†} - δ_ij| 与 |{c_i,c_j}| = 0.00e+00   -> 通过

[A2] c_q = L^(-1/2) Σ_j e^(-i q j) c_j 的反对易关系 (NS 动量集合)
    max |{c_q,c_q'†} - δ_qq'| = 1.75e-15   -> 通过
    q→-q 封闭性: max_k |q_k + q_(L-1-k)| = 6.28e+00

[A3] 色散: H_til 在 NS 动量上是否对角化 (让代码判定口径, 不假设)
    -Σ_k ω(q_k) = -10.251661790966   E_gs(h) = -10.251661790966   偏差 = 0.00e+00
    v15 JW 解析值 = -10.251661790966
    -> 一致 (NS 色散正确)

--- B 部分: 生成元 eq1.8 的结构核验 ---

[B1] 厄米性: 原文符号(-) 应厄米; 误写符号(+) 应反厄米
    |K - K†|          (sign=-1) = 0.00e+00   <- 应 ~0
    |K + K†|          (sign=+1) = 0.00e+00   <- 应 ~0 (反厄米)
    -> 通过 (符号被钉死)

[B2] 保高斯性: [K, γ_c] 是否落在 span{γ} 内 (探针 3 的 fermion_test)
    K(sign=-1) 最差相对残差 = 3.74e-16  -> 通过 (纯二次)
    K(sign=+1) 最差相对残差 = 3.44e-16  (也是二次的, 故 B1 才是判据)

[B3] 2L×2L 费米子高斯表示: reconstruct(hmat_k) 是否重建 K
    |reconstruct(K) - K| / |K| = 3.94e-16   -> 通过
    hmat_k 反对称性 |h + hᵀ| = 6.94e-18  (so(2L) 生成元应反对称)

--- C 部分: 三角 vs 双曲 (费米子的判别性特征) ---

[C1] U(t)|Ω⟩ 的占据数: 费米子应 sin²(gt); 玻色子才会 sinh²(gt)
    |Ω⟩=|−⟩^⊗L 上的 ⟨c†_q c_q⟩ = 1.93e-34  (eq1.9 的 c-真空, 应 ~0)
    t= 0.0: <n_q> = 0.000000000   sin²(gt) = 0.000000000  |Δ|=1.93e-34    sinh²(gt) = 0.000000000  |Δ|=1.93e-34
    t= 0.3: <n_q> = 0.012270481   sin²(gt) = 0.012270481  |Δ|=1.21e-17    sinh²(gt) = 0.012371686  |Δ|=1.01e-04
    t= 0.7: <n_q> = 0.065594398   sin²(gt) = 0.065594398  |Δ|=2.78e-17    sinh²(gt) = 0.068594434  |Δ|=3.00e-03
    t= 1.1: <n_q> = 0.156702112   sin²(gt) = 0.156702112  |Δ|=2.78e-17    sinh²(gt) = 0.174999953  |Δ|=1.83e-02
    t= 1.5: <n_q> = 0.277669242   sin²(gt) = 0.277669242  |Δ|=0.00e+00    sinh²(gt) = 0.340979339  |Δ|=6.33e-02
    -> 最差: 对 sin² 2.78e-17 / 对 sinh² 6.33e-02   => 三角关系成立 (费米子)

[C2] eq2.10 的两态结构 + eq2.12 熵
    t=0.9: γ = tan²(gt) = 0.119633179   γ/(1+γ) = 0.106850334
    实测 <n_q0> = 0.106850334   <n_-q0> = 0.106850334   (两模相等 ⇒ 配对结构)
    |A|²+|B|² = cos²+sin² = 1.000000000000   -> 三角归一 (eq1.15/1.16)
    eq2.12 S_k = 0.339879104035   稠密 2x2 熵 = 0.339879104035   偏差 = 5.55e-17

--- D 部分: K0 流步 —— 稠密 U vs 2L×2L 的 RΓRᵀ ---

[D1] |Ω⟩ 的 Γ 纯高斯性 |Γ²+I| = 0.00e+00  (应 ~0)

[D2a] |[K,γ_0] - iΣ_a hmat[a,0]γ_a| / |[K,γ_0]| = 2.30e-16
      hmat_k 虚部 max = 6.94e-18 (应 ~0);  max|hmat_k| = 0.241714
[D2b] |dΓ_dense - θ(hΓ-Γh)| / |dΓ_dense| = 5.66e-05   (|dΓ_dense| = 4.834e-05)
[D2c] max|Γ_dense - R Γ0 Rᵀ| = 5.55e-16   (|Γ| ~ 1.000)  相对 = 5.55e-16
      -> 一致 (高斯路径可用)

--- E 部分: eq2.16 相对熵 vs 4 g² du² (如实报告, 不调) ---
    参考: 文献 eq2.16/2.15 预测值 4g²du² = 5.476000e-11
    t= 0.2: 费米子 S = 2.738022e-11 (比值 0.500004)   玻色子 S = 2.738047e-11 (比值 0.500009)
    t= 0.8: 费米子 S = 2.738025e-11 (比值 0.500005)   玻色子 S = 2.738018e-11 (比值 0.500003)
    t= 1.4: 费米子 S = 2.738004e-11 (比值 0.500001)   玻色子 S = 2.737998e-11 (比值 0.500000)

=== 判定 ===
    A1 c_j 反对易            : 通过
    A2 c_q 反对易            : 通过
    A3 NS 色散              : 通过
    B1 厄米性(钉符号)           : 通过
    B2 保高斯性               : 通过
    B3 2L×2L 重建           : 通过
    C1 三角 sin²(gt)        : 通过
    C2 eq2.10/2.12        : 通过
    D  K0 流步              : 通过

    生成元转录: 可用 —— eq1.8 已在我们格点上钉死

=== 诚实边界 ===
  1. d_k ≡ c†_{-q_k} 是**逻辑推断**(原文是狄拉克反粒子, TFI 无此物), 非原文陈述。
  2. 本探针**不建 L 算符**。有限格点上尺度算符无良定义(v16_plan.md §3.0, 探针 2 死因)。
     u 依赖只通过 g_k(u) 的 cutoff 与 (k e^u/Λ) 前因子进入; L 的处置是独立口径问题。
  3. E 部分的比值**只报数**, 不做判据 —— eq2.16 的 g 是否含 (k e^u/Λ) 前因子
     需要原文上下文才能定, 不在本探针的射程内。
  4. 本探针不产出任何 TFI 物理结论。

用时 3.7 s
EXIT=0  用时 9.8 s  ->  符合登记预期

==============================================================================
[b1_ledger_row]  _v16_smoke_b1_ledger_row.py
  note: B1 冒烟(二) 台账 L1 格运行时耦合。`check()` 16 次。docstring 自陈须**孤立**运行: 「只有 B1 的三条守卫在册…这是孤立运行的性质, 不是缺陷」⇒ 独立进程是硬要求。
------------------------------------------------------------------------------
=== v16 · B1 冒烟测试(二): 台账 L1 格的运行时耦合 ===
[阶段一] 空无基底: 局部维度 d=2, 酉条件数=1.00
  [L1] 空无 -> 链: d_local=2 张成 65536 维, dim_full=65536, 与 2^16 匹配=True
  [L1] |<void|gs(h/J)>|^2 = 2:0.763404, 8:0.984428, 32:0.999024  (对 h/J 单调上升=True)
  [L1] 推离 (h/J=32): theta=0.1:0.960446, theta=0.3:0.700098, theta=0.6:0.237204  → theta*=0.3 (overlap=0.7000981430032144)

  (1) 真调 metric_l1_void_link() 注册守卫/指标
    [PASS] 注册了 1 条指标  —— 14 L1 空无到链的下游连线 (重叠曲线)
    [PASS] 注册了 3 条守卫  —— B1 主判据: L1 域态重叠对 h/J 单调上升且 h/J=32 时 > 0.99 | B1 维数: dim_full 与 2**L 相符 (首次被真消费) | B1 推离: 转动 L1 局部态后重叠跌破 0.9
    [PASS] 三条都是**计分**守卫 (expect_pass=True)
    [PASS] 三条都通过 (ok=True)  —— []

  (2) 台账 L1 行指名的守卫**确实在 GUARDS 里** (phantom 检查的实质)
    [PASS] _NEG_CTRL_TABLE 恰有一行 L1
    [PASS] L1 行不再是"缺"  —— 状态 = '已补'
    [PASS] L1 行的类型是"推离"  —— '推离'
    [PASS] L1 行引用的守卫名**逐字**存在 (否则全流程末尾判失败)  —— 引用=['B1 推离: 转动 L1 局部态后重叠跌破 0.9'], 缺失=[]

  (3) 真调 metric_negative_control_ledger(), 看 L1 那格

  ── v15·W6 负对照台账 (逐层) ──
      层   阶段                      对照数    类型                        守卫
      L1  空无基底等权叠加蕴潜能             1      推离                        1
      L2  量子涨落扰动对称性破缺             3      推离,二路径,二路径                0
      L3  自指的动力学涌现                3      推离,二路径,推离                 0
      L4  自指画定边界投影出全息             1      推离                        0
      L5  全息自然展开生成了时空             2      零模型,二路径                   0
      L6  时空提供梯度孕育显生命             2      二路径,推离                    0
      L7  生命涌现意识自照见空无             1      上界                        0
      覆盖 7/7 层; 缺口 []
      台账完整性: 幻影引用 ['F1 twist 保持实矩阵 (可喂 float MERA)', 'F1 同族: 跨边界条件已运行 (PBC vs θ=π twist)', 'F1 跨边界条件相对差 <= 5%', 'F1 边界条件确实换了态 (E0 与 S(L/2) 都变)', 'F2a 主判据: c_fit 峰在临界点', 'F2a 区分力: 非临界点正确失败', 'F2a 次判据: S(L/2) 峰位在窗口内', 'F2a 诊断: gap 单调 (不作判据)', 'F5 诊断: Gray-Scott 的 u+v 不是守恒量', 'F5-L2 基态能量与 JW 闭合式一致', 'F5-L3 幂迭代残差达阈', 'F5-L5 Forman 在环 C_n (n>=4) 上为 0', 'F5-L6a 离散拉普拉斯零和', 'F5-L6b Gray-Scott 精确离散平衡恒等式', 'F5-L7 熵比与等权度满足上界', 'F6a 对照几何族已建立', 'F6b MERA 体几何处于对照分布内 (非统计异常)', 'F6c 诊断: MERA 并非比全部对照更负', 'F7 _char_scale 输入校验生效', 'L4 键维向下对照: 压到面积律下界以下下游退化', 'V6 权重自由变体秩1化', 'V7 权重归一变体秩1化', 'W1 可达 N 上变体 A 不秩1化', 'W1 诊断: 冻结对照并非"永不收敛"'], 缺失层 无
      判据: 只有能**在结论不成立时失败**的检查才算负对照 —— 正性/有限性检查已排除
    [PASS] L1 已被计为"有对照" (n_controls == 1)  —— {'L1': 1, 'L2': 3, 'L3': 3, 'L4': 1, 'L5': 2, 'L6': 2, 'L7': 1}
    [PASS] L1 已**不在**缺口名单里  —— 缺口 = []
    [PASS] L1 那格数到 1 条存活守卫  —— {'L1': 1, 'L2': 0, 'L3': 0, 'L4': 0, 'L5': 0, 'L6': 0, 'L7': 0}
    [PASS] 覆盖层数 (孤立运行下口径自洽: 覆盖 + 缺口 = 7)  —— 覆盖 7/7, 缺口 []
    [PASS] B1 的守卫名**没有**出现在 phantom 名单里  —— phantom 共 24 条 (孤立运行, 其它层的守卫未注册 —— 属正常)
    [PASS] L1 那格的类型是"推离"  —— ['推离']

  (4) claim 列指向的指标名与真实注册名一致
    [PASS] 台账 L1 行在 _NEG_CTRL_CLAIM 里有登记  —— 键 = ('L1', 'B1 · 局部等权态转动推离')
    [PASS] claim 列指向的指标名 == 真实注册的指标名  —— '14 L1 空无到链的下游连线 (重叠曲线)' vs '14 L1 空无到链的下游连线 (重叠曲线)'

=== 结果: 全部通过 ===
EXIT=0  用时 9.0 s  ->  符合登记预期

==============================================================================
[b3_ledger]  _v16_smoke_b3_ledger.py
  note: B3 台账。`check()` 24 次（plan 记的 26/26 指注册规模, 非输出字符串）。只读 `v15/_v15_run.log`（冻结的外部参照, plan :87）—— 不写盘。
------------------------------------------------------------------------------
=== v16 · B3 冒烟测试 ===

[第一部分] 负向测试 —— 每条检查都必须能被坏输入触发
  · 基线 (健康输入):
    [PASS] 基线 (b) 无幻影  —— []
    [PASS] 基线 (c) 无伪独立  —— []
    [PASS] 基线 (d) 无未归层  —— []
    [PASS] 基线 (e) claim 列完备  —— 未登记=[] 幻影=[] 主张不存在=[]
    [PASS] 基线 (a) **只报不判** —— 有孤儿但 ok 仍为真  —— n_orphans=8 ok=True
  · (a) 孤儿主张: 有判定但无守卫指认 —— 必须出现在名单里
    [PASS] (a) 无守卫指认的被列出  —— ['中心荷误差', '14 L1 空无到链的下游连线 (重叠曲线)', '6 跨边界条件中心荷交叉检验 (同族)', '7 一致性检查束 (数值路径 <-> 解析路径)', '8 涌现几何的对照鲁棒性', '9 自指变体秩1化的 N 依赖 (相图)', 'III-A1 描述子距离', '10 谱学中心荷 (能谱族)']
    [PASS] (a) 被 where 指认的不在名单里
  · (b) 幻影引用: tests_claims 指向不存在的主张
    [PASS] (b) 幻影被报出且 ok=False  —— ['99.9']
  · (b) 真实引用: claim_id 存在时按 id 指认, 孤儿消失
    [PASS] (b) 无幻影且该条孤儿清零  —— phantom=[]
  · (c) 伪独立 —— 三种失败都要报
    [PASS] (c) 未登记同源被报出  —— [('SX', '未登记同源', ['中心荷误差'])]
    [PASS] (c) 登记成员不符被报出  —— [('W3b_spectrum', '登记成员不符', ['10 谱学中心荷 (能谱族)'])]
    [PASS] (c) 与登记表逐成员一致时通过  —— []
    [PASS] (c) 登记表指向不存在的数据源被报出  —— [('W3b_spectrum', '登记表指向不存在的数据源', ['10 谱学中心荷 (能谱族)', 'W3b v 无关比值单调趋 8', 'W3b 谱学 c 与 0.5 相容到 1%'])]
  · (d) 未归层项 —— 名字与 where 都命中不了规则
    [PASS] (d) 两条未归层都被列名报出且 ok=False  —— [('metric', 'ZZ 无规则指标'), ('guard', 'ZZ 无规则守卫')]
  · (e) 台账 claim 列的四种情况
    [PASS] (e) 未登记的对照条目被报出且 ok=False  —— ['L9/ZZ · 未登记对照']
    [PASS] (e) 登记表里的幻影条目被报出且 ok=False  —— ['L7/F5-L7 · 熵比与等权度上界']
    [PASS] (e) 登记表指向不存在的主张被报出且 ok=False  —— ['5 临界性负对照 (h/J 扫描)']
    [PASS] (e) 实际登记表已无留缺 (B1 补上了 L1)  —— []
    [PASS] (e) 值为 None 的条目进 nc_gap 且**不算失败**  —— ['L1/ZZ 注入留缺']

[第二部分] (d) 对**真实清单**的覆盖率 (源: v15/_v15_run.log; 该转储早于 B3-1 字段增补 ⇒ 无 claim_id/source_id)
  · 重建: 指标 26 条, 守卫 74 条
    [PASS] 重建条数与 v15 全流程日志一致 (26 / 74)  —— 实测 26 / 74
    [PASS] (d) 真实清单**零未归层**  —— []
    [PASS] (b) 真实清单无幻影引用 (日志转储不含 tests_claims)
    [PASS] (e) v15 时代的主张在真实清单里全部解析得到  —— []
    [PASS] (e) 未解析的**只有** B1 新增的那一条 (v15 转储不可能有它)  —— 未解析=['14 L1 空无到链的下游连线 (重叠曲线)'], B1 新增=['14 L1 空无到链的下游连线 (重叠曲线)']

  · 口径匹配率实测 (分母 = 有 pass/fail 判定的 tier-1/2 指标 = 18)
        L1: **无计分指标**  (同层守卫 1 条)
        L2: 2/3   (同层守卫 13 条)
        L3: 1/3   (同层守卫 5 条)
        L4: 0/5   (同层守卫 2 条)
        L5: 5/5   (同层守卫 23 条)
        L6: **无计分指标**  (同层守卫 7 条)
        L7: **无计分指标**  (同层守卫 2 条)
        EXT: **无计分指标**  (同层守卫 17 条)
        X: 1/2   (同层守卫 4 条)
    => 有守卫指认 9/18; 其余 9 条**没有任何既有守卫指认**:
        · 中心荷误差
        · 共形不变性
        · MERA 一致性
        · 全程稳健性
        · 因果链拟合 RMSE
        · 纠缠熵 KL 散度
        · 关联衰减指数
        · Jordan 块收敛率
        · 13 负对照台账 (逐层)
    注 1: 本段用**日志转储**, 故 C5b 的 claim_id 指认 (真实运行时才有) 不在此体现 —— 此处匹配率是**下界**。
    注 2: 匹配口径是「某守卫的 where 出现在该指标的 method 里」。对不上**不等于缺陷** —— v15 里指标的 pass/fail 本就是它与自己目标的比较, 守卫是**另一个**注册表; 这条数字量的是「有多少条主张另有独立守卫», 不是「有多少条主张被检验过」。

=== 结果: 全部通过 ===
EXIT=0  用时 0.2 s  ->  符合登记预期

==============================================================================
[gaussian.stage1]  _v16_cmera_gaussian.py stage1
  note: **冻结判据** 9/9。实测 3.4 s。任何改动都不得扰动它。
------------------------------------------------------------------------------
=== v16 · 高斯 cMERA 阶段 1 自检  [v16-cmera-gaussian-1] ===
口径 A: H_til = H_open + J·iγ_{2L-1}γ_0 (偶宇称扇区)
u 约定: IR→UV, u_UV=0（2104.01551 的 S7 方向; 与 JHEP 反向, û=−u）
L=8, J=1.0, h=1.0, dim=256

--- S1 升格保真（重跑 K−2 的已钉死数字） ---
    [S1a] max|{c_i,c_j†}−δ| = 0.00e+00   (K−2 记录 0.00e+00)   -> 通过
    [S1b] max|{c_q,c_q'†}−δ| = 1.75e-15   (K−2 记录 1.75e-15)   -> 通过
    [S1c] |K−K†|(sign=−1) = 0.00e+00  |K+K†|(sign=+1) = 0.00e+00   -> 通过
    [S1d] K 最差相对残差 = 3.74e-16   (K−2 记录 3.74e-16)   -> 通过
    [S1e] |Ω⟩=|−⟩^⊗L 上 ⟨c†_q c_q⟩ = 1.93e-34   (应 ~0; |+⟩^⊗L 会给出 1.0)   -> 通过
    [S1f] max|Γ_dense − RᵀΓ₀R| / |Γ| = 5.55e-16   (K−2 记录 5.55e-16)   -> 通过

--- S2 纯 2L×2L 路径 ≡ 稠密路径（**阶段 1 的唯一目的**） ---
    [S2a] |hmat_pure − hmat_dense| / |hmat_dense| = 4.22e-15   (|hmat_dense| = 0.241714)
          -> 一致 (纯 2L 路径可用)
    [S2b] |hmat_pure + hmat_pureᵀ| = 0.00e+00   -> 通过 (so(2L) 生成元)
    [S2c] L=32: 纯路径 64×64 = 0.03 MB, 用时 58 ms
          对照: 稠密算符需 2^32×2^32 = 2.951e+11 GB —— 红线禁止, 故纯路径是必需的

=== 阶段 1 判定 ===
    S1a A1 c_j 反对易            : 通过
    S1b A2 c_q 反对易            : 通过
    S1c B1 厄米性(钉符号)           : 通过
    S1d B2 保高斯性               : 通过
    S1e C1 |Ω⟩ 是 c-真空         : 通过
    S1f D 流步 RᵀΓR             : 通过
    S2a pairing_hmat ≡ 稠密     : 通过
    S2b pairing_hmat 反对称      : 通过
    S2c 纯路径可上 L=32            : 通过

    阶段 1: 通过 —— 纯 2L×2L 路径已钉死, 可进阶段 2 (K1–K6)

=== 诚实边界 ===
  1. 本文件不建 L 算符(§3.4.0 主线 A)。**L|Ω⟩=0 在本口径下未被检验** ——
     不得写成「满足 cMERA 全部定义」。诊断 B(离散 L, L=8) 属阶段 2。
  2. d_k ≡ c†_{-q_k} 是逻辑推断(原文 d 是狄拉克反粒子), 非原文陈述。
  3. K1/K2 的靶 g(u) 来自 2104.01551(**玻色子**)。费米子版闭式原文没有
     (JHEP §3 整节无费米子内容, eq3.5i 是玻色子的) ⇒ 用玻色子靶检验费米子实现是**继承的假设**。
  4. 阶段 1 不产出任何 TFI 物理结论。**本自检不含** `g_uu` / 熵 / 变分优化;
     变分优化与 K1–K6 已在阶段 2 实现（见文件头）, 走 `stage2` 分支。
     注: `g_uu = g(u)²` 由 eq3.4x + K−1 在文献侧关闭, 本文件不需实现它。

用时 2.3 s
EXIT=0  用时 9.0 s  ->  符合登记预期

==============================================================================
[claim_ledger.standalone]  _v16_claim_ledger.py
  note: **已知必退 3, 且这是对的。** `METRICS`/`GUARDS` 是进程内全局, 独立进程里为空 ⇒ 四条检查必然报「无孤儿主张」以外的空判。其 docstring 自陈需与全流程**同进程**。真正有效的调用在 `--full` 的 `full_pipeline+claim_ledger` 条目里。登记于此是为了让「孤立跑 claim_ledger 得到红」不再是困惑, 而是**已登记的事实**。
------------------------------------------------------------------------------

=== v16 · B3 claim↔test 口径账本  [v16-claim-ledger-1] ===
    注册规模: 指标 0 条, 守卫 0 条, 负对照 13 条
    [(a) 孤儿主张] 0 条 / 分母 0 条 (**只报不判**）
    [(b) 幻影引用] 无 -> 通过
    [(c) 伪独立]   1 条 -> **失败**
        · [W3b_spectrum] 登记表指向不存在的数据源: ['10 谱学中心荷 (能谱族)', 'W3b v 无关比值单调趋 8', 'W3b 谱学 c 与 0.5 相容到 1%']
    [(d) 未归层项] 0 条 -> 通过
    [(e) 台账 claim 列] 未登记 0 / 幻影 0 / 指向不存在的主张 8 -> **失败**
        · 主张不存在: 14 L1 空无到链的下游连线 (重叠曲线)
        · 主张不存在: 5 临界性负对照 (h/J 扫描)
        · 主张不存在: 6 跨边界条件中心荷交叉检验 (同族)
        · 主张不存在: 7 一致性检查束 (数值路径 <-> 解析路径)
        · 主张不存在: 8 涌现几何的对照鲁棒性
        · 主张不存在: 9 自指变体秩1化的 N 依赖 (相图)
        · 主张不存在: III-A1 描述子距离
        · 主张不存在: 中心荷误差
    口径匹配率（分子 = 被既有守卫指认到的, 分母 = 有 pass/fail 判定的 tier-1/2 指标）:
        L1: **无计分指标** (同层守卫 0 条)
        L2: **无计分指标** (同层守卫 0 条)
        L3: **无计分指标** (同层守卫 0 条)
        L4: **无计分指标** (同层守卫 0 条)
        L5: **无计分指标** (同层守卫 0 条)
        L6: **无计分指标** (同层守卫 0 条)
        L7: **无计分指标** (同层守卫 0 条)
        EXT: **无计分指标** (同层守卫 0 条)
        X: **无计分指标** (同层守卫 0 条)
    同源登记: 1 组
        [W3b_spectrum] 3 条读数 **同源** ⇒ 不得写成「互相印证/独立佐证」
    => (b)(c)(d)(e) 合计: **失败**
EXIT=3  用时 6.2 s  ->  符合登记预期

==============================================================================
=== 汇总 ===
  该通过的: 5/5  (100.0%)
    ✓ cmera3                        13.3s  符合登记预期
    ✓ cmera5                         9.8s  符合登记预期
    ✓ b1_ledger_row                  9.0s  符合登记预期
    ✓ b3_ledger                      0.2s  符合登记预期
    ✓ gaussian.stage1                9.0s  符合登记预期
  预期失败(单列, 不进分母): 1 条, 其中未按预期失败 0 条
    ✓(如预期) claim_ledger.standalone        6.2s  符合登记预期

总用时 47.4 s
