=== v16 runner  2026-10-04 12:05:50  fast, 1 条 ===
    (上一份日志已归档: _runall_20261004-120550.log)

--- 运行环境（只登记, 不参与任何判定）---
    本机时间 2026-10-04 12:05:50   (UTC 2026-10-04 04:05:50)
    platform Windows-10-10.0.19045-SP0
    CPU 逻辑核 8   Python 3.13.9
    全机 CPU 忙占比 = (Δ(内核+用户) − Δ空闲) / Δ(内核+用户), 源为
      kernel32!GetSystemTimes 的**整机**累计计数 —— 含**其它进程**的活动,
      记的是「这台机器当时在忙什么」, 不是子进程自身占用。逐条见其 EXIT 行。

==============================================================================
[t6_l5measure]  _v16_smoke_t6_l5measure.py
  note: v16.8·T6 阶段 4 接 L5 —— 8 几何测度 × 2 对象, 判据**冻结于开跑前**（`v16.8_plan.md` §0.1.11）。**种子全写死**（`SEED_MERA=0` / `SWAP_SEED=7` / `seed=100+s,200+s`）⇒ 确定性, 落支句**不 flaky**。实测 258.4 s。tier=slow: 默认不跑。⚠️ 日志里的「完成 … 次交换」打印的是**图对象**（`nx.double_edge_swap` 不返回次数）—— 已登记的 bug, 不影响判据。⚠️ **本条目会截断重写 `_t6_l5measure.log`**（原始捕获见 frozen 存档）。
------------------------------------------------------------------------------
==============================================================================
v16-smoke-t6-l5measure-1  阶段 4（接 L5 几何测度）  stamp=2026-10-04
判据 = v16.8_plan.md §0.1.11（冻结于开跑前）；非有限处理 = A
import 用时 7.0 s
==============================================================================
[O1] MERA-L32 : |V|=62 |E|=91
[O2] {7,3}    : |V|=2240 |E|=2856 (阶段 1 build(5)，1-骨架)
------------------------------------------------------------------------------
对象 O1-MERA-L32：生成对照族并交叉校验
  对照 gnm #0: |V|=62 |E|=91 d_bar=2.935 三角=2 | Forman 均值=-3.187 (负边占比 0.93, 逐边严格式预期 -3.187) | Ollivier 均值=-0.4174 (负边占比 0.79)
  对照 gnm #1: |V|=62 |E|=91 d_bar=2.935 三角=2 | Forman 均值=-3.385 (负边占比 0.89, 逐边严格式预期 -3.385) | Ollivier 均值=-0.4484 (负边占比 0.75)
  对照 gnm #2: |V|=62 |E|=91 d_bar=2.935 三角=7 | Forman 均值=-4.088 (负边占比 0.97, 逐边严格式预期 -4.088) | Ollivier 均值=-0.4372 (负边占比 0.84)
  对照 ws #0: |V|=62 |E|=62 d_bar=2.000 三角=0 | Forman 均值=-0.258 (负边占比 0.31, 逐边严格式预期 -0.258) | Ollivier 均值=-0.1129 (负边占比 0.31)
  对照 ws #1: |V|=62 |E|=62 d_bar=2.000 三角=0 | Forman 均值=-0.194 (负边占比 0.26, 逐边严格式预期 -0.194) | Ollivier 均值=-0.0914 (负边占比 0.26)
  对照 ws #2: |V|=62 |E|=62 d_bar=2.000 三角=0 | Forman 均值=-0.129 (负边占比 0.19, 逐边严格式预期 -0.129) | Ollivier 均值=-0.0645 (负边占比 0.19)
  对照 tree #0: |V|=31 |E|=30 d_bar=1.935 三角=0 | Forman 均值=-0.867 (负边占比 0.47, 逐边严格式预期 -0.867) | Ollivier 均值=-0.2889 (负边占比 0.47)
  对照 tree #1: |V|=31 |E|=30 d_bar=1.935 三角=0 | Forman 均值=-0.867 (负边占比 0.47, 逐边严格式预期 -0.867) | Ollivier 均值=-0.2889 (负边占比 0.47)
  对照 tree #2: |V|=31 |E|=30 d_bar=1.935 三角=0 | Forman 均值=-0.867 (负边占比 0.47, 逐边严格式预期 -0.867) | Ollivier 均值=-0.2889 (负边占比 0.47)
  对照族: gnm/ws/tree 各 3 个实例 (MERA 图 |V|=62 |E|=91, d_bar=2.935; WS 取 k=2, 树高 4 -> 31 节点)
  守卫 gnm #0: |V|=62 |E|=91 d_bar=2.935 三角=2 | Forman 均值=-3.187 (负边占比 0.93, 逐边严格式预期 -3.187) | Ollivier 均值=-0.4174 (负边占比 0.79)
  守卫 gnm #1: |V|=62 |E|=91 d_bar=2.935 三角=2 | Forman 均值=-3.385 (负边占比 0.89, 逐边严格式预期 -3.385) | Ollivier 均值=-0.4484 (负边占比 0.75)
  守卫 gnm #2: |V|=62 |E|=91 d_bar=2.935 三角=7 | Forman 均值=-4.088 (负边占比 0.97, 逐边严格式预期 -4.088) | Ollivier 均值=-0.4372 (负边占比 0.84)
  守卫 ws #0: |V|=62 |E|=62 d_bar=2.000 三角=0 | Forman 均值=-0.258 (负边占比 0.31, 逐边严格式预期 -0.258) | Ollivier 均值=-0.1129 (负边占比 0.31)
  守卫 ws #1: |V|=62 |E|=62 d_bar=2.000 三角=0 | Forman 均值=-0.194 (负边占比 0.26, 逐边严格式预期 -0.194) | Ollivier 均值=-0.0914 (负边占比 0.26)
  守卫 ws #2: |V|=62 |E|=62 d_bar=2.000 三角=0 | Forman 均值=-0.129 (负边占比 0.19, 逐边严格式预期 -0.129) | Ollivier 均值=-0.0645 (负边占比 0.19)
  守卫 tree #0: |V|=31 |E|=30 d_bar=1.935 三角=0 | Forman 均值=-0.867 (负边占比 0.47, 逐边严格式预期 -0.867) | Ollivier 均值=-0.2889 (负边占比 0.47)
  守卫 tree #1: |V|=31 |E|=30 d_bar=1.935 三角=0 | Forman 均值=-0.867 (负边占比 0.47, 逐边严格式预期 -0.867) | Ollivier 均值=-0.2889 (负边占比 0.47)
  守卫 tree #2: |V|=31 |E|=30 d_bar=1.935 三角=0 | Forman 均值=-0.867 (负边占比 0.47, 逐边严格式预期 -0.867) | Ollivier 均值=-0.2889 (负边占比 0.47)
  [守卫] 交叉校验 通过 : forman_mean/d_bar 最大偏差 0.000e+00 (容差 1.0e-12)
  对照族就绪 (9 实例, 3 族)
------------------------------------------------------------------------------
对象 O2-{7,3}-patch：生成对照族并交叉校验
  对照 gnm #0: |V|=2240 |E|=2856 d_bar=2.550 三角=5 | Forman 均值=-3.142 (负边占比 0.89, 逐边严格式预期 -3.142) | Ollivier 均值=-0.6478 (负边占比 0.82)
  对照 gnm #1: |V|=2240 |E|=2856 d_bar=2.550 三角=4 | Forman 均值=-2.977 (负边占比 0.88, 逐边严格式预期 -2.977) | Ollivier 均值=-0.6356 (负边占比 0.81)
  对照 gnm #2: |V|=2240 |E|=2856 d_bar=2.550 三角=2 | Forman 均值=-3.237 (负边占比 0.88, 逐边严格式预期 -3.237) | Ollivier 均值=-0.6577 (负边占比 0.80)
  对照 ws #0: |V|=2240 |E|=2240 d_bar=2.000 三角=0 | Forman 均值=-0.179 (负边占比 0.23, 逐边严格式预期 -0.179) | Ollivier 均值=-0.0810 (负边占比 0.23)
  对照 ws #1: |V|=2240 |E|=2240 d_bar=2.000 三角=0 | Forman 均值=-0.191 (负边占比 0.24, 逐边严格式预期 -0.191) | Ollivier 均值=-0.0876 (负边占比 0.24)
  对照 ws #2: |V|=2240 |E|=2240 d_bar=2.000 三角=0 | Forman 均值=-0.169 (负边占比 0.21, 逐边严格式预期 -0.169) | Ollivier 均值=-0.0756 (负边占比 0.21)
  对照 tree #0: |V|=2047 |E|=2046 d_bar=1.999 三角=0 | Forman 均值=-0.998 (负边占比 0.50, 逐边严格式预期 -0.998) | Ollivier 均值=-0.3327 (负边占比 0.50)
  对照 tree #1: |V|=2047 |E|=2046 d_bar=1.999 三角=0 | Forman 均值=-0.998 (负边占比 0.50, 逐边严格式预期 -0.998) | Ollivier 均值=-0.3327 (负边占比 0.50)
  对照 tree #2: |V|=2047 |E|=2046 d_bar=1.999 三角=0 | Forman 均值=-0.998 (负边占比 0.50, 逐边严格式预期 -0.998) | Ollivier 均值=-0.3327 (负边占比 0.50)
  对照族: gnm/ws/tree 各 3 个实例 (MERA 图 |V|=2240 |E|=2856, d_bar=2.550; WS 取 k=2, 树高 10 -> 2047 节点)
  守卫 gnm #0: |V|=2240 |E|=2856 d_bar=2.550 三角=5 | Forman 均值=-3.142 (负边占比 0.89, 逐边严格式预期 -3.142) | Ollivier 均值=-0.6478 (负边占比 0.82)
  守卫 gnm #1: |V|=2240 |E|=2856 d_bar=2.550 三角=4 | Forman 均值=-2.977 (负边占比 0.88, 逐边严格式预期 -2.977) | Ollivier 均值=-0.6356 (负边占比 0.81)
  守卫 gnm #2: |V|=2240 |E|=2856 d_bar=2.550 三角=2 | Forman 均值=-3.237 (负边占比 0.88, 逐边严格式预期 -3.237) | Ollivier 均值=-0.6577 (负边占比 0.80)
  守卫 ws #0: |V|=2240 |E|=2240 d_bar=2.000 三角=0 | Forman 均值=-0.179 (负边占比 0.23, 逐边严格式预期 -0.179) | Ollivier 均值=-0.0810 (负边占比 0.23)
  守卫 ws #1: |V|=2240 |E|=2240 d_bar=2.000 三角=0 | Forman 均值=-0.191 (负边占比 0.24, 逐边严格式预期 -0.191) | Ollivier 均值=-0.0876 (负边占比 0.24)
  守卫 ws #2: |V|=2240 |E|=2240 d_bar=2.000 三角=0 | Forman 均值=-0.169 (负边占比 0.21, 逐边严格式预期 -0.169) | Ollivier 均值=-0.0756 (负边占比 0.21)
  守卫 tree #0: |V|=2047 |E|=2046 d_bar=1.999 三角=0 | Forman 均值=-0.998 (负边占比 0.50, 逐边严格式预期 -0.998) | Ollivier 均值=-0.3327 (负边占比 0.50)
  守卫 tree #1: |V|=2047 |E|=2046 d_bar=1.999 三角=0 | Forman 均值=-0.998 (负边占比 0.50, 逐边严格式预期 -0.998) | Ollivier 均值=-0.3327 (负边占比 0.50)
  守卫 tree #2: |V|=2047 |E|=2046 d_bar=1.999 三角=0 | Forman 均值=-0.998 (负边占比 0.50, 逐边严格式预期 -0.998) | Ollivier 均值=-0.3327 (负边占比 0.50)
  [守卫] 交叉校验 通过 : forman_mean/d_bar 最大偏差 0.000e+00 (容差 1.0e-12)
  对照族就绪 (9 实例, 3 族)
==============================================================================
④a 对照自比（每个测度：9 个自比百分位的中位数，须落 [25, 75]）
  [O1-MERA-L32]
    d_bar         中位数  62.50%  (n=9)
    n_triangles   中位数  62.50%  (n=9)
    deg_js        中位数  50.00%  (n=9)
    girth         中位数  50.00%  (n=6)
    diameter      中位数  50.00%  (n=6)
    d_s           中位数  75.00%  (n=9)
    forman_mean   中位数  62.50%  (n=9)
    or_mean       中位数  62.50%  (n=9)
  [O2-{7,3}-patch]
    d_bar         中位数  62.50%  (n=9)
    n_triangles   中位数  62.50%  (n=9)
    deg_js        中位数  50.00%  (n=9)
    girth         中位数  50.00%  (n=6)
    diameter      中位数  66.67%  (n=4)
    d_s           中位数  50.00%  (n=9)
    forman_mean   中位数  62.50%  (n=9)
    or_mean       中位数  62.50%  (n=9)
==============================================================================
  对象 O1-MERA-L32: |V|=62 |E|=91 d_bar=2.935 三角=0 | Forman 均值=-2.242 (负边占比 0.99, 逐边严格式预期 -2.242) | Ollivier 均值=-0.3297 (负边占比 0.79)
对象 O1-MERA-L32 读数（口径：接线图，不依赖态）
  测度            对象值                   百分位    n_eff     状态
  d_bar         2.93548             100.0%        9 **端点外**
  n_triangles   0                    66.7%        9     仍零
  deg_js        0.141451             33.3%        9     仍零
  girth         4                    66.7%        6 只登记(n_eff<9)
  diameter      12                   66.7%        6 只登记(n_eff<9)
  d_s           1.63383              88.9%        9     仍零
  forman_mean   -2.24176             33.3%        9     仍零
  or_mean       -0.32967             33.3%        9     仍零
  对象 O2-{7,3}-patch: |V|=2240 |E|=2856 d_bar=2.550 三角=0 | Forman 均值=-1.294 (负边占比 0.78, 逐边严格式预期 -1.294) | Ollivier 均值=-0.4314 (负边占比 0.78)
对象 O2-{7,3}-patch 读数（口径：接线图，不依赖态）
  测度            对象值                   百分位    n_eff     状态
  d_bar         2.55                100.0%        9 **端点外**
  n_triangles   0                    66.7%        9     仍零
  deg_js        0.235375             66.7%        9     仍零
  girth         7                    50.0%        6 只登记(n_eff<9)
  diameter      28                   75.0%        4 只登记(n_eff<9)
  d_s           1.65103             100.0%        9 **端点外**
  forman_mean   -1.29412             33.3%        9     仍零
  or_mean       -0.431373            33.3%        9     仍零
==============================================================================
④b 保度随机重连（对每个对象重连后重跑；重连保 |V|、|E| => **复用同一组对照**）
  重连 O1-MERA-L32: |V|=62 |E|=91 d_bar=2.935 三角=2 | Forman 均值=-2.242 (负边占比 0.93, 逐边严格式预期 -2.242) | Ollivier 均值=-0.4551 (负边占比 0.84)
  [O1-MERA-L32] 完成 Graph with 62 nodes and 91 edges 次交换；重连图百分位：
    d_bar            100.0%  n_eff=9  <== 端点外 => 该测度作废
    n_triangles       88.9%  n_eff=9  在区间内
    deg_js            33.3%  n_eff=9  在区间内
    girth             50.0%  n_eff=6  在区间内
    diameter          66.7%  n_eff=6  在区间内
    d_s               88.9%  n_eff=9  在区间内
    forman_mean       33.3%  n_eff=9  在区间内
    or_mean            0.0%  n_eff=9  <== 端点外 => 该测度作废
  重连 O2-{7,3}-patch: |V|=2240 |E|=2856 d_bar=2.550 三角=0 | Forman 均值=-1.294 (负边占比 0.87, 逐边严格式预期 -1.294) | Ollivier 均值=-0.4307 (负边占比 0.87)
  [O2-{7,3}-patch] 完成 Graph with 2240 nodes and 2856 edges 次交换；重连图百分位：
    d_bar            100.0%  n_eff=9  <== 端点外 => 该测度作废
    n_triangles       66.7%  n_eff=9  在区间内
    deg_js            66.7%  n_eff=9  在区间内
    girth             50.0%  n_eff=6  在区间内
    diameter          75.0%  n_eff=4  在区间内
    d_s              100.0%  n_eff=9  <== 端点外 => 该测度作废
    forman_mean       33.3%  n_eff=9  在区间内
    or_mean           33.3%  n_eff=9  在区间内
==============================================================================
④b 作废的测度: {'d_bar': ['O1-MERA-L32', 'O2-{7,3}-patch'], 'or_mean': ['O1-MERA-L32'], 'd_s': ['O2-{7,3}-patch']}
端点外的（信号）: 无
其余登记项: 10 条
落支 = T6-L5测度仍零
失败项 = 无
用时 257.58 s   RSS 370.7 MB
==============================================================================
EXIT=0  用时 258.5 s  ->  符合登记预期  [全机 CPU 忙 32.5%, 8 核]

==============================================================================
=== 汇总 ===
  该通过的: 1/1  (100.0%)
    ✓ t6_l5measure                 258.5s  符合登记预期
  预期失败(单列, 不进分母): 0 条, 其中未按预期失败 0 条

总用时 258.6 s
