=== v16 runner  2026-09-27 08:33:45  fast, 1 条 ===
    (上一份日志已归档: _runall_20260927-083345.log)

--- 运行环境（只登记, 不参与任何判定）---
    本机时间 2026-09-27 08:33:45   (UTC 2026-09-27 00:33:45)
    platform Windows-10-10.0.19045-SP0
    CPU 逻辑核 8   Python 3.13.9
    全机 CPU 忙占比 = (Δ(内核+用户) − Δ空闲) / Δ(内核+用户), 源为
      kernel32!GetSystemTimes 的**整机**累计计数 —— 含**其它进程**的活动,
      记的是「这台机器当时在忙什么」, 不是子进程自身占用。逐条见其 EXIT 行。

==============================================================================
[derive_presets]  _v16_smoke_derive_presets.py
  note: 预设层的**真导出**尝试（用户 2026-09-25 点名: 「去真的导出 d_local=2 或复数域」）。**它取代了此前「只把给定细分成承重/不承重」的读法** —— 那一读法被用户否掉。结论两条: (A) `d_local` 的**奇偶**被**初等**导出 —— γ₀,γ₁ 是反对易的对合 ⇒ `n₊=n₋` ⇒ dim 必为偶 ⇒ **d_local 必为偶**, 故 `d_local=3` 不是"代码没支持"而是**数学上不可能**; **但偶数中取 2 仍是选择**(A5 实测 `d_local=4` 上 γ⊗I 仍合法, 不被这条定理排除)。(B) 复数域 **L1 处不承重**(L1 链上态与 TFI 基态实测都是实的, 相位不变判据 |Σψ²| = 1), 那个 `i` 是在**下游**由 `H_til` 的**厄米性**强制(γ_aγ_b 实测反厄米, 全部 56 对) —— 但其前提(**费米子表述**)本身是选择 ⇒ **与 (A) 同一个根**。⇒ 三条"给定"收敛为**一个**选择 + 它的两个推论 + 一条最小性; 缺口比 §5.5 记的小, **但不是零** —— 本条目**不宣称缺口已修复**。**不加守卫/指标**(不动 27/78)。
------------------------------------------------------------------------------
=== v16 · 预设层「真导出」尝试 (d_local=2 / 复数域) ===
    与 _v16_smoke_presets.py 的分工: 那一份**不导出**, 本文件**去导出**。
    口径: 不新增守卫/指标(不动 27/78 分母), 不改阈值, 不重跑全流程。

  A · 导出 d_local=2 —— 能导到哪一步, 如实划界
      载体: cg.majorana(a, L) 给出的 2L=8 个算符, 作用在 dim=2^4=16 上
    [PASS] A0 载体结构(实测): γ_2i 为实、γ_2i+1 为纯虚 (JW 的 σy 约定)  —— max|Im γ_2i| = 0.0e+00, max|Re γ_2i+1| = 0.0e+00 ⇒ 此为基底选取, 与 B2 要导的那个 i 分开记账
    [PASS] A1 载体合法: γ_a²=I 且 {γ_a,γ_b}=2δ_ab (2L 个, 两两)  —— L=4, dim=16, 最差残差 0.00e+00
    [PASS] A2 引理(实测): n₊ = n₋ ⇒ dim 必为偶数  —— n₊=8, n₋=8, dim=16=16; tr γ₀ = +0.00e+00 (=0 是同一件事)
    [PASS] A3 d_local=3 ⇒ dim = 3^4 = 81 为**奇数** ⇒ 引理直接矛盾  —— 3^4 = 81 (奇); 而 A2 要求 dim 为偶 ⇒ 该空间上不存在 γ₀, γ₁
    [PASS] A4 模算术佐证: 2^L ∤ d^L 对一切奇数 d  —— {3: 1, 5: 1, 7: 1, 9: 1}
    [PASS] A4' **活的反事实**: 同一条算术对一切偶数 d 都整除 ⇒ 无分辨力  —— {2: 0, 4: 0, 6: 0, 8: 0} ⇒ 排除的是**奇数**; 若不加 A5, A3 会被误读成"排除了 d≠2"
    [PASS] A5 **活的反事实**: d_local=4 上 γ⊗I 仍是合法载体  —— dim=4^4=256, 最差残差 0.00e+00 ⇒ 引理**不排除** d_local=4, 故"取 2"靠最小性, 不靠这条定理

      A 的判定:
        · **已导出**: d_local 必为偶数 (3, 5, 7, … 数学上不可能)
        · **仍是选择**: 偶数中取 2 —— 靠「每格点恰好一对 Majorana」的最小性;
          A5 实测 d_local=4 不被排除。
        · 前提: L2 选用 Majorana 表述(自旋表述本身不需要它, 见 B)。

  B · 导出复数域 —— 导出点不在 L1, 而在下游的厄米性
      B1 先证「L1 处不承重」, B2 再定位「那个 i 从哪来」
[阶段一] 空无基底: 局部维度 d=2, 酉条件数=1.00
  [L1] 空无 -> 链: d_local=2 张成 16 维, dim_full=16, 与 2^4 匹配=True
  [L1] |<void|gs(h/J)>|^2 = 2:0.923442, 4:0.983370, 8:0.996029, 16:0.999019, 32:0.999756  (对 h/J 单调上升=True)
    [PASS] B1a L1 链上态 void_full 是**实的**(相位不变判据 |Σψ²| = 1)  —— |Σψ²| = 1.0000000000000004, dim=16
    [PASS] B1b L2 的 TFI 基态(h/J=32)也是**实的**(同一判据)  —— |Σψ²| = 0.9999999999999998 ⇒ L1→L2 的全部重叠读数在**实** Hilbert 空间里即可复现
    [PASS] B1c **检验是活的**: 加相对相位后判据立刻 < 1  —— |Σ(ψ·e^(iφ_j))²| = 0.764842 < 1 ⇒ 该判据对"复"有分辨力, B1a/b 不是空判
    [PASS] B2a Majorana 双线性 γ_aγ_b (a≠b) 一律**反厄米**  —— max‖γ_aγ_b + (γ_aγ_b)†‖ = 0.00e+00 (全部 56 对)
    [PASS] B2b 乘上 i 之后才**厄米** ⇒ 那个 `i` 是厄米性逼出来的  —— ‖iγ₀γ₁ − (iγ₀γ₁)†‖ = 0.00e+00; 而 γ₀γ₁ 反厄米 ⇒ 不乘 i 就不是哈密顿量
    [PASS] B2c 口径 A 的边界项在代码里真实存在 (build_h 的 (2L−1, 0) 元 = +2J)  —— h[7,0] = +2.0, h[0,7] = -2.0 (J=h=1) —— 口径 A 的横幅不是空话
    [PASS] B2d build_h 返回的矩阵**是实的且反对称** ⇒ `i` 不在矩阵里  —— dtype=float64, ‖h + hᵀ‖ = 0 ⇒ i 住在双线性形式的前因子里
    [PASS] B2e 用实矩阵 h 重建出的 H_til **厄米** (走代码自己的 reconstruct)  —— ‖H_til − H_til†‖ = 0.00e+00
    [PASS] B2f **活的反事实**: 抽掉那个 i 立刻**反厄米**  —— ‖H_til/i + (H_til/i)†‖ = 0.00e+00 ⇒ 抽掉 i 就不是哈密顿量
    [PASS] B2g 湮灭算符要那个 i: c_j ≠ c_j† (缺了 i 就退化成自伴的 Majorana)  —— ‖c_0 − c_0†‖ = 1.000 > 0 (而 |Im c_0|max = 0.0e+00 —— 矩阵本身是**实**的); 抽掉 i: ‖c′ − c′†‖ = 0.0e+00 = 0 ⇒ c′ 自伴, 是 Majorana 而非湮灭算符
    [PASS] B2h 且该构造满足正则反对易 {c_i,c_i†}=I ⇒ 这个 i 用对了  —— 最差残差 0.00e+00

      B 的判定:
        · **L1 处不承重**: B1a/B1b 实测两个态都是实的, 判据有分辨力(B1c)。
        · **下游由厄米性强制**: B2a/B2b 是那个 i, B2c~f 把它定位到口径 A 的
          H_til 与代码实现, B2g/h 是第二处(湮灭算符不自伴, 缺 i 即退化)。
        · **边界**: 自旋表述(σzσz / σx, 实系数)根本不需要 i ⇒ 导出的是
          「**一旦选费米子表述, i 被强制**」, 不是「宇宙必须是复的」。

  === 两条预设的最终地位 (取代 §5.4 的「给定且承重 / 给定且不承重」) ===
    #1 d_local=2 : 奇数值**已被导出排除**; 偶数中取 2 **仍是选择**
    #2 复数域    : L1 处**不承重**; 下游由 H_til 的**厄米性强制** ——
                   但其前提(费米子表述)本身是选择 ⇒ 与 #1 **同一个根**
    ⇒ 三条'给定'收敛为 **一个**选择(表述选择) + 它的两个推论 + 一条最小性。
      缺口比 §5.5 记的小, 但**不是零**; 本文件不宣称缺口已修复。

=== 结果: 全部通过 ===
EXIT=0  用时 9.4 s  ->  符合登记预期  [全机 CPU 忙 29.5%, 8 核]

==============================================================================
=== 汇总 ===
  该通过的: 1/1  (100.0%)
    ✓ derive_presets                 9.4s  符合登记预期
  预期失败(单列, 不进分母): 0 条, 其中未按预期失败 0 条

总用时 9.6 s
