=== v16 runner  2026-09-26 19:38:46  fast, 2 条 ===
    (上一份日志已归档: _runall_20260926-193846.log)

--- 运行环境（只登记, 不参与任何判定）---
    本机时间 2026-09-26 19:38:46   (UTC 2026-09-26 11:38:46)
    platform Windows-10-10.0.19045-SP0
    CPU 逻辑核 8   Python 3.13.9
    全机 CPU 忙占比 = (Δ(内核+用户) − Δ空闲) / Δ(内核+用户), 源为
      kernel32!GetSystemTimes 的**整机**累计计数 —— 含**其它进程**的活动,
      记的是「这台机器当时在忙什么」, 不是子进程自身占用。逐条见其 EXIT 行。

==============================================================================
[cmera3]  _v16_smoke_cmera3.py
  note: 自由费米子高斯表述自检（9 条 checks）。判定句逐字来自其 L316。
------------------------------------------------------------------------------
=== v16 探针 · 自由费米子高斯表述自检  [v16-smoke-cmera3-2] ===
L=8, J=1.0, h=1.0, dim=256

[T0] 稠密周期 H 的基态能量 vs v15 Jordan-Wigner 解析值
    dense(周期) = -10.251661790966   JW 解析 = -10.251661790966   偏差 = 3.38e-14
    -> 一致 (位序/符号自洽)

[T1] Majorana 代数 {γ_a, γ_b} = 2 δ_ab
    最大偏差 = 0.00e+00   -> 通过

--- A 部分: 开链 (L-1 条键, 无边界项) ---

[T2] 自由费米子判据: [H_open, γ_c] 落在 span{γ} 内的相对残差
    最差相对残差 = 0.00e+00   -> 通过 (H 纯二次)

[T3] 由 h 重建 H_rec, 检验 H_open - H_rec 是否为常数
    非对角残差 = 0.00e+00   -> 通过 (只差常数)

[T4] 开链基态协方差矩阵 Γ 是否纯高斯 (Γ² = -I)
    |Γ² + I| 最大元 = 1.55e-15   -> 通过

[T5] 由 Γ 算出的能量 vs 开链 ED 能量
    开链 ED 能量    = -9.837951447459
    由 Γ 算出的能量 = -9.837951447459   偏差 = 2.84e-14
    -> 一致 (定量闭环)

--- B 部分: 周期链 (报告性) ---

[T6] 边界项假设: σz_{L-1}σz_0 =? c · i γ_{2L-1} γ_0 · P,  P = Π_i σx_i
    最佳 c = -1.000000   残差 = 0.00e+00   -> 成立 (边界项 = 双线性 × 宇称)

[T7] 周期链 [H_per, γ_c] 相对残差 (对比开链)
    周期链 最差相对残差 = 5.77e-01
    开链   最差相对残差 = 0.00e+00
    -> 周期链**不**纯二次 (与开链形成对照)

[T8] 偶宇称扇区: H_til = H_open + J·i γ_{2L-1} γ_0 是否恢复纯二次
    [T8a] 周期基态的宇称 <P> = +1.000000000000   -> 偶宇称扇区 (P=+1, 前提成立)
    [T8b] H_til 最差相对残差 = 0.00e+00   -> 通过 (纯二次)
    [T8c] H_til 基态能量 = -10.251661790966
          周期 JW 解析值 = -10.251661790966   偏差 = 1.42e-14
          -> 一致 (周期链已接回高斯表述)

--- C 部分: 纯 Γ 表示 (2L×2L) 与规模 ---

[T9] 纯 h 构造 (2L×2L) 与稠密路径的一致性
    [T9a] 与稠密路径 hmat_til 的最大元差 = 0.00e+00   -> 一致
    [T9b] L=8: 由 h 的谱算得 E_gs = -10.251661790966
          稠密 H_til 基态能量   = -10.251661790966   偏差 = 1.42e-14
          -> 一致 (BdG 谱闭合)

[T9c] 规模: 只有 2L×2L, 无 2^L 希尔伯特空间
    L=  32: E_gs = -40.7600324942  JW = -40.7600324942  相对偏差 = 6.97e-16  用时 = 1.5 ms  OK
    L= 128: E_gs = -162.9787524134  JW = -162.9787524134  相对偏差 = 1.40e-15  用时 = 114.4 ms  OK
    L= 512: E_gs = -651.8996695594  JW = -651.8996695594  相对偏差 = 3.14e-15  用时 = 1947.5 ms  OK
    内存: h 为 1024×1024 float64 = 8.4 MB (对比 L=32 稠密矢量 2^32 不可行)

=== 判定 ===
    T0 位序/符号              : 通过
    T1 Majorana 代数        : 通过
    T2 纯二次(开链)            : 通过
    T3 完整重建(开链)           : 通过
    T4 纯高斯(开链)            : 通过
    T5 能量闭环(开链)           : 通过
    T6 边界项=双线性×宇称         : 通过
    T8 周期接回高斯表述           : 通过
    T9 纯 h 表示(可上大 L)      : 通过

    高斯表述: 可用 —— 开链严格成立, 周期链经宇称扇区亦成立
    周期链 T7(不设扇区) 残差 = 5.77e-01 ⇒ 原始 H_per **不**纯二次;
        T8 用 H_til=H_open+J·iγ_{2L-1}γ_0 在偶扇区恢复, 能量与周期 JW 一致。
    => 周期 TFI 的自由费米子性**依赖宇称扇区**; 这是数学事实, 不是数值误差。
       B2 实施时必须显式声明用的是 H_til(偶扇区) 还是开链, 不能含糊过去。
    边界: 本探针不产出物理结论; 它是后续任何 cMERA 构造的**前提**。
EXIT=0  用时 18.8 s  ->  符合登记预期  [全机 CPU 忙 54.5%, 8 核]

==============================================================================
[cmera4]  _v16_smoke_cmera4.py
  note: 探针 4 · cMERA 玻色子基准复现（K−1）。实测 65.4 s。其自身边界: 「这是**机器校准**, 不是物理结论」。
------------------------------------------------------------------------------
=== v16 探针 4 · cMERA 玻色子基准复现 (K-1)  [v16-smoke-cmera4-3] ===
文献: arXiv:2104.01551v2   (纯玻色子 free scalar)
Lambda = 100.0, m = 1.0000, M = sqrt(L^2+m^2) = 100.005000
本探针不产出任何关于 TFI 的物理结论 —— 它只回答"机器能否复现已发表解析结果"。

--- A 部分: S6 <-> S7 解析一致性 ---

[A1] S6 的 f(k,u_IR) 与 S7 的 g(u) 是否互为积分/微分关系
     S6: f(k,u_IR) = (1/4) log( (k^2+m^2) / M^2 )
     S7: g(u) = (1/2) L^2 e^{2u} / (L^2 e^{2u} + m^2),  k = L e^u

     k/Lambda   S6 解析          数值积分 -I(k)     相对偏差        
     0.050      -1.48808596    -1.48808596    4.64e-13    
     0.200      -0.80411973    -0.80411973    1.60e-14    
     0.500      -0.34649861    -0.34649861    8.01e-16    
     0.900      -0.05267439    -0.05267439    2.63e-16    
     最差相对偏差 = 4.64e-13  -> 一致
     note: 文献 f 取 int^0_{u_IR}, 被积函数受 Theta 截断后等价于
           -int^0_{log(k/L)} g du。此符号关系是本探针**数值确认**的, 不是假定的。

--- B 部分: 2x2 协方差流 vs 精确基态两点函数 ---

[B1] 用 S7 的 g(u) 走流, 末态两点函数是否等于精确基态 1/(2w), w/2

     k/Lambda   <phi phi>_流    1/(2w)_精确      相对偏差        
     0.050      0.09805807     0.09805807     1.72e-09    
     0.200      0.02496881     0.02496881     3.22e-11    
     0.500      0.00999800     0.00999800     7.52e-13    
     0.900      0.00555521     0.00555521     1.87e-15    

     <pi pi> 最差相对偏差        = 1.72e-09
     纯高斯 A*B - C^2 - 1/4 最大偏离 = 4.44e-15  -> 保持
     -> 通过

--- C 部分: 稠密 Fock 独立实现 (k = 0.50 Lambda) ---

[C1] 约定自检 (不依赖任何记忆公式)
     ||[phi_k,pi_-k] - i*I||_F = 74.605630   截断解析预测 74.605630   相对差 0.00e+00
     ||( sqrt(M)phi_k + i pi_k/sqrt(M) )|Omega>|| = 1.11e-16   (应 ~0)   
     [c,c^dag] 对角元 min/max = -42.000000 / 2.000000   (截断, 应 ~[2, 2-2n])
     ||W - W^dag|| / ||W||          = 0.9818   (W = {phi_k,pi_-k} 单支, 非厄米)
     ||K - K^dag|| / ||K||          = 0.00e+00   (K = (1/2)g(W+W^dag), 厄米)
     <Omega|[phi_k,pi_-k]|Omega> = 0.0000000000 + 1.00e+00i   应 = i
     <Omega|phi_k phi_-k|Omega> = 0.0049997500  vs 1/(2M) = 0.0049997500  相对偏差 0.00e+00
     <Omega|pi_k  pi_-k |Omega> = 50.0024999375  vs   M/2 = 50.0024999375  相对偏差 0.00e+00
     |Omega> 在 Fock 截断边界的权重(截断误差指示) = 0.00e+00
     -> 通过

[C2] 稠密流: <phi phi> 是否走到精确基态 1/(2w)
     <phi_k phi_-k> = 0.0099980006  vs 1/(2w) = 0.0099980006   相对偏差 3.33e-09
     <pi_k  pi_-k > = 25.0049994168  vs   w/2  = 25.0049995001   相对偏差 3.33e-09
     -> 通过

[C3] g_uu 三路对照 (S5 内积 / S5b 方差 / S5c g^2)

     u          S5 内积          S5b 方差         S5c g^2       
     -0.6917    2.498003e-01   2.498007e-01   2.498007e-01  
     -0.5531    2.498486e-01   2.498489e-01   2.498489e-01  
     -0.4144    2.498852e-01   2.498855e-01   2.498855e-01  
     -0.2758    2.499129e-01   2.499132e-01   2.499132e-01  
     -0.1372    2.499339e-01   2.499342e-01   2.499342e-01  
     -0.0014    2.499495e-01   2.499499e-01   2.499499e-01    <- 末步

     S5b 方差 / g^2 : 均值 1.000000  相对标准差 1.17e-15
     S5  内积 / g^2 : 均值 0.999999  相对标准差 1.10e-09
     note: 比值若为常数, 说明三条定义只差一个与 u 无关的归一化因子;
           该因子由 K 的归一化约定决定, 是**实测**得到的, 不是假定的。
     -> 三路 g_uu 互成比例 (比值 u-无关)

=== 判定 ===
    A  S6 <-> S7 解析一致性         : 通过
    B  2x2 协方差流 vs 精确两点函数   : 通过
    C  稠密 Fock 独立实现 + g_uu 三路 : 通过

用时: 70.1 s
K-1 玻色子基准: 复现成功 —— 机器可用, 可以进入费米子版。
边界: 这是**机器校准**, 不是物理结论; 玻色子基准不上我们的格点。
EXIT=0  用时 71.0 s  ->  符合登记预期  [全机 CPU 忙 80.6%, 8 核]

==============================================================================
=== 汇总 ===
  该通过的: 2/2  (100.0%)
    ✓ cmera3                        18.8s  符合登记预期
    ✓ cmera4                        71.0s  符合登记预期
  预期失败(单列, 不进分母): 0 条, 其中未按预期失败 0 条

总用时 90.0 s
