=== v16 · 高斯 cMERA 阶段 2  [v16-cmera-gaussian-1] ===
口径 A: H_til = H_open + J·iγ_{2L-1}γ_0 (偶宇称扇区)
变分原理（**选择, 非原文操作化定义**）: 极小化末态 ⟨H_til⟩ over 分段常数 χ(u)
K1/K2 的靶是**裸量 χ**（与原文行 104 玻色子 `g_k^B=Γ·g^B` 无前因子对应）; 口径选择, 见文件头

--- K 冒烟 L=8 临界 L=8 J=1.0 h=1.0 n_s=4 u_IR=-4.079 Λ=3.141593 ---
    优化能量 ⟨H⟩ = -10.246981400690   JW 解析 E0 = -10.251661790966   相对差 = 4.565e-04
    φ*(k) = 0.89012 1.09956 1.25664 1.46608
    χ(u) 段中值: +0.7578 +0.8394 +0.7543 +11.9151
    χ 均值 = 3.566659  平坦度 max|χ−χ̄|/|χ̄| = 2.3407   (受末段窄 ⇒ C⁻¹ 放大影响, 见边界 5)
    IR 段 d log|χ|/du = 0.0566   (K2 靶 = 2.0, 但见边界 5)
    [rank] rank(C) = 4/4   du = 0.06580   各段中点数 = 47 8 5 2
    [K3] ⟨H⟩ ≥ E0 ? 是 (变分上界 ✓)

--- K K1 临界 h=J L=16 J=1.0 h=1.0 n_s=8 u_IR=-4.773 Λ=3.141593 ---
    优化能量 ⟨H⟩ = -20.394733564994   JW 解析 E0 = -20.404594474757   相对差 = 4.833e-04
    φ*(k) = 0.83776 0.94248 1.04720 1.15192 1.20428 1.30900 1.41372 1.51844
    χ(u) 段中值: +0.7858 +0.7772 +0.8160 +0.9356 +0.7538 +0.6333 +0.8192 +24.3132
    χ 均值 = 3.729257  平坦度 max|χ−χ̄|/|χ̄| = 5.5196   (受末段窄 ⇒ C⁻¹ 放大影响, 见边界 5)
    IR 段 d log|χ|/du = 0.0455   (K2 靶 = 2.0, 但见边界 5)
    [rank] rank(C) = 8/8   du = 0.03225   各段中点数 = 96 16 10 8 6 6 4 2
    [K3] ⟨H⟩ ≥ E0 ? 是 (变分上界 ✓)

--- K K2 有质量 h/J=0.5 L=16 J=1.0 h=0.5 n_s=8 u_IR=-4.773 Λ=3.141593 ---
    优化能量 ⟨H⟩ = -17.010601079058   JW 解析 E0 = -17.016712496347   相对差 = 3.591e-04
    φ*(k) = 0.20944 0.52360 0.73304 0.94248 1.09956 1.25664 1.36136 1.51844
    χ(u) 段中值: +0.0524 +0.2073 +0.2176 +0.3793 +0.4038 +0.5880 +0.3803 +24.3132
    χ 均值 = 3.317743  平坦度 max|χ−χ̄|/|χ̄| = 6.3282   (受末段窄 ⇒ C⁻¹ 放大影响, 见边界 5)
    IR 段 d log|χ|/du = 0.7332   (K2 靶 = 2.0, 但见边界 5)
    [rank] rank(C) = 8/8   du = 0.03225   各段中点数 = 96 16 10 8 6 6 4 2
    [K3] ⟨H⟩ ≥ E0 ? 是 (变分上界 ✓)

--- K K1 复验 L=32（纯 2L×2L, 红线内） L=32 J=1.0 h=1.0 n_s=16 u_IR=-5.466 Λ=3.141593 ---
    优化能量 ⟨H⟩ = -40.743079696564   JW 解析 E0 = -40.760032494192   相对差 = 4.159e-04
    φ*(k) = 0.78540 0.83776 0.89012 0.94248 0.99484 1.04720 1.09956 1.15192 1.20428 1.25664 1.30900 1.36136 1.41372 1.46608 1.51844 1.57080
    χ(u) 段中值: +0.7524 +0.7687 +0.7685 +0.7527 +0.7424 +0.8023 +0.7601 +0.7483 +0.7604 +0.7962 +0.7233 +0.7956 +0.7336 +0.6845 +0.8004 +50.3680
    χ 均值 = 3.859846  平坦度 max|χ−χ̄|/|χ̄| = 12.0492   (受末段窄 ⇒ C⁻¹ 放大影响, 见边界 5)
    IR 段 d log|χ|/du = 0.0031   (K2 靶 = 2.0, 但见边界 5)
    [rank] rank(C) = 16/16   du = 0.01584   各段中点数 = 196 32 21 16 13 10 9 8 7 6 6 5 5 5 4 2
    [K3] ⟨H⟩ ≥ E0 ? 是 (变分上界 ✓)

--- K5 方差 vs g_k²  (L=8, u_probe=-1.0, χ=0.6) ---
    k=0.3927: ⟨K²⟩−⟨K⟩² = 4.1563440556e-02   g_k² = 4.1563440556e-02   相对差 = 5.01e-16   (⟨K⟩ = -2.69e-17)
    k=1.1781: ⟨K²⟩−⟨K⟩² = 0.0000000000e+00   g_k² = 0.0000000000e+00   相对差 = 0.00e+00   (⟨K⟩ = 0.00e+00)
    k=1.9635: ⟨K²⟩−⟨K⟩² = 0.0000000000e+00   g_k² = 0.0000000000e+00   相对差 = 0.00e+00   (⟨K⟩ = 0.00e+00)
    -> 通过 (方差 = g_k², 与 K−1 的单模结论一致)

--- 诊断 B: 离散尺度算符 L, L=8 ---
    ‖L|Ω⟩‖ = 1.713440e-15   (‖|Ω⟩‖ = 1)
    ‖L − L†‖ = 2.482534e-16   (若 ~0 则 L 厄米 ⇒ 它**生成**酉变换, 不是标度流)
    -> L|Ω⟩=0 成立
    ⚠️ **本条近乎平凡**: 任何 Σ λ_q c†_q c_q 都湮灭 c-真空（c_q|Ω⟩=0 ⇒ c†_qc_q|Ω⟩=0）。
       真正有内容的负面事实是上面那行厄米性判据: 离散差分给出的 L 是**厄米的**,
       而 cMERA 的标度算符应是**反厄米生成元**（它的 'L' 出现在 exp(−i(K+L)u) 里）。
       ⇒ 离散格上**不存在**一个既满足差分近似又反厄米的 k∂_k。这就是探针 2 的死因。

--- 边界 5 证据: 加密求积格点, χ 变而 φ*/E 不变 ---
    sub= 4: ⟨H⟩=-20.3947335650  φ* 前 3 = 0.83776 0.94248 1.04720  χ 前 3 = +0.78577 +0.77721 +0.81596  末段 χ = +24.313  rank(C)=8  n_steps=148
    sub=32: ⟨H⟩=-20.3947335650  φ* 前 3 = 0.83776 0.94248 1.04720  χ 前 3 = +0.78082 +0.76953 +0.79294  末段 χ = +28.158  rank(C)=8  n_steps=256

--- K4 负对照 (h=1.0) ---
    变分 χ(u)   : ⟨H⟩ = -20.394733564994  (相对 E0 4.833e-04)
    最优常 χ=1.5000: ⟨H⟩ = 0.286951028917  (相对 E0 1.014e+00)
    -> u 方向**有**信息 (变分胜出)
    h/J=0.20: 保真度 |⟨Ψ_cMERA|Ψ_GS⟩|² = 0.993689   ⟨H⟩ = -8.076971697
    h/J=1.00: 保真度 |⟨Ψ_cMERA|Ψ_GS⟩|² = 0.902689   ⟨H⟩ = -10.246981401
    h/J=2.50: 保真度 |⟨Ψ_cMERA|Ψ_GS⟩|² = 0.989407   ⟨H⟩ = -20.806994436
    -> 保真度随 h/J 的走向: 单调 (max at h/J=0.2)

总用时 2466.0 s
