==============================================================================
v16.7 · T1 —— L2 中心荷的「第三把尺子」：S(L/2) 随 ln L 的标度
  装置: exact_ground_state + entanglement_curve（真调，不复制逻辑）
  不进 runner; 不调 metric_*; 不加组合拟合（DP-29）; 预期零升级
  函数来源: 门面 (spiral_model_v16)
==============================================================================

-- 阶段 A: 复现门控 (L=16) --
[v15·W3b] 谱学中心荷 (能谱族, 独立于纠缠谱)
  e_inf = -1.2732445447 (解析 -4/pi = -1.2732395447, 偏差 5.0e-06)
    L           E0       E1-E0       E2-E0    ratio      解析比   v_meas   c_spec     偏差%
    8   -10.251662    0.196983    1.560723   7.9231   7.9231   2.0065  0.50034   0.068
   10   -12.784906    0.157403    1.251476   7.9508   7.9508   2.0041  0.49994   0.013
   12   -15.322595    0.131087    1.044210   7.9658   7.9658   2.0029  0.49960   0.080
   14   -17.862809    0.112318    0.895716   7.9748   7.9748   2.0021  0.49928   0.145
   16   -20.404594    0.098254    0.784137   7.9807   7.9807   2.0016  0.49894   0.212
  判读: E1 逐点等于 R 扇区真空 (Delta1=1/8)? 是; E2 逐点等于 NS 双粒子 (Delta2=1)? 是
  比值 (E2-E0)/(E1-E0): 7.9231 (L=8) -> 7.9807 (L=16), 单调趋 8; v 无关, 故这是算符内容的独立指纹。
  c = 12*Delta1*(e_inf*L-E0)/(E1-E0): L=8..16 读数落在 [0.49894, 0.50034], 对 0.5 最大偏差 0.212%
    **不随 L 单调收敛**: 两端分别是 0.50034 (L=8) 与 0.49894 (L=16), L=16 反而是最差点。残差是 O(1/L) 有限尺寸修正,
    所以这条只能说'读数与 0.5 相容到 0.21%', **不能**说'外推到 0.5'。对照纠缠谱族的 Rényi 扫描: 偏差 7.97%。
  诚实边界: 本条以算符内容 Delta1=1/8 为前提, 不是无假设的 c 测量; 换的是数据与函数形式, 不是'不需要先验'。
  E0/L                               实测 -1.275287154672   登记 -1.275287154672   |差| 2.22e-16  (<= 5e-07)  OK
  S(L/2)                             实测 +0.750055397274   登记 +0.750055397274   |差| 3.44e-15  (<= 5e-05)  OK
  族A c = fit_central_charge@L=16     实测 +0.507216993107   登记 +0.507216993107   |差| 7.99e-15  (<= 1e-09)  OK
  族B c_L16                           实测 +0.498939366947   登记 +0.498939366946   |差| 1.28e-12  (<= 1e-09)  OK
  族B c_devmax_pct                    实测 +0.212126610554   登记 +0.212126610811   |差| 2.57e-10  (<= 5e-05)  OK
  用时 1.09 s

-- 阶段 B: S(L/2) 随 L 的标度, L ∈ [8, 12, 16, 18, 20] --
  L= 8  E0/L=-1.281457724  S(L/2)=0.6350956655  (4 个 n, n_max=4)  RSS=354 MB  用时 0.05 s
  L=12  E0/L=-1.276882929  S(L/2)=0.7022545115  (6 个 n, n_max=6)  RSS=354 MB  用时 0.16 s
  L=16  E0/L=-1.275287155  S(L/2)=0.7500553973  (8 个 n, n_max=8)  RSS=354 MB  用时 1.14 s
  L=18  E0/L=-1.274857027  S(L/2)=0.7696465075  (9 个 n, n_max=9)  RSS=356 MB  用时 4.57 s
  L=20  E0/L=-1.274549484  S(L/2)=0.7871784230  (10 个 n, n_max=10)  RSS=107 MB  用时 26.87 s

  L    ln L       S(L/2)           残差          
  8    2.079442   0.6350956655     +5.414e-05
  12   2.484907   0.7022545115     -8.483e-05
  16   2.772589   0.7500553973     -3.251e-05
  18   2.890372   0.7696465075     +9.347e-06
  20   2.995732   0.7871784230     +5.386e-05
  拟合: S(L/2) = 0.165977 * ln L + 0.289902   (rms = 5.324e-05)
  ⇒ c_third = 3 * slope = **0.4979305043**

-- 负对照（附加，不参与落支）: gapped h=2.0，同一把尺子应变哑 --
  L= 8  E0/L=-2.127270559  S(L/2)=0.1789071371  用时 0.02 s
  L=12  E0/L=-2.127094859  S(L/2)=0.1777850745  用时 0.09 s
  L=16  E0/L=-2.127089062  S(L/2)=0.1776933145  用时 0.92 s
  ⇒ c_control = -0.005454  (rms = 1.933e-04)   判据 |c_control| < 0.025  OK（尺子会动）

-- 落支（计划 §2.1 冻结判据，5%%）--
  族A（纠缠谱族, fit_central_charge@L=16） = 0.5072169931   |差| 1.831%  IN 
  族B（能谱族,   spectral_central_charge L=16）= 0.4989393669   |差| 0.202%  IN 
  [背景] 族A 与族B **自身**相差 1.659%（同 L=16，不同数据与函数形式）
  落支 = **C-三点一致**
  第三把尺子与两族既有读数**都**落在 5% 内

  【必须同页登记的自限 1】三点标度 + 有限尺寸 ⇒ **外推力极弱**；
    PBC 下 S(L/2)=(c/3)ln(L/π)+const 带对数修正项 ⇒
    本读数**只能报一致性，不能报外推**。
  【必须同页登记的自限 2】若落 `C-与两族都不符`，**不许**直接读成
    「整条链的因果叙事要重写」—— 必须先排除「对数修正项被当成主项」
    这一实现风险。
    ⇒ 本支未触发。

[T1] 隔离自检：未调用 metric_* / 未碰 MERA / 未进 runner / 未动既有读数与分母。
用时：门面 import 8.9 s + 计算 37.6 s = 总计 46.4 s
==============================================================================
