=== [_VERSION_TAG = 'v16.6-smoke-t2-fermion-chain-1'] ===
口径 A: H_til = H_open + J·iγ_{2L-1}γ_0 (偶宇称扇区)
L=16, J=1.0, 主点 h=1.0, 扫描 h/J=(0.5, 1.0, 1.5, 2.0)
进口用时 0.2 s

--- 阶段 A: 门（真调 stage2_critical_break，不传 void_state）---
[阶段二] 临界点对称性破缺: L=16, h/J=1.0
  E0/L=-1.275287, S(L/2)=0.7501, Schmidt 极化=250.673, gap=p1/p0=0.366151
  E0/L  实测 = -1.275287155  登记 = -1.275287   |差| = 1.547e-07 (<= 5e-07)
  S(L/2)实测 = 0.750055397  登记 = 0.7501       |差| = 4.460e-05 (<= 5e-05)
  Schmidt 极化 = 250.672607   登记 = 250.673     |差| = 3.927e-04 (<= 5e-04)
  gap   实测 = 0.366151403  登记 = 0.366151   |差| = 4.035e-07 (<= 5e-07)
  [门] 四数复现 = OK
  [读出量标定] spin_half_entropy - stage2.entropy = 5.995e-15; E0 差 = 5.329e-14  -> OK
  [旁证] jw_ground_energy(NS 闭式) = -20.404594474757  (只对 E0, 不涉 S)

--- 阶段 C: 分辨力反事实 ---
  [C1] Γ_A = 0 (μ ≡ 0, 无穷温极限) ⇒ S 应为 nA·ln2 = 5.545177444480
       实测 = 5.545177444480   |差| = 0.000e+00  -> OK (例程有分辨力)
       对照: 真实 S(L/2) = 0.750055  <<  5.545177

--- 阶段 B0: 关联矩阵标定 (拿 ED 的 <σx_j> 对照) ---
  max|2·C_jj − 1 − <σx_j>_ED| = 6.328e-15  (<= 1e-09)
  max|Γ² + I|                  = 1.738e-15  (纯高斯态条件)
  max|C² − C|                  = 1.250e-01  (**≠ 0 是应该的**: BdG 态粒子数不守恒 ⇒ C 本不是投影算子;
                                这正是熵必须走 Majorana 途径的理由)
  [B0] C 标定 = OK

--- 阶段 B: 自由费米子通路 (2L×2L BdG, 真调 build_h) ---
  h/J=0.50 (扫描): E0_fermi=-17.016712496347  E0_spin=-17.016712496347  |差|=0.000e+00
           S_fermi=0.698990927  S_spin=0.698990927  |差|=7.705e-14  (TOL_S=1e-08)
           [对照] 走 C_A 本征值途径 = 3.447080967  (**错路**, 只作登记)
           [自校] ‖Γ+Γ†‖=1.79e-15  ‖C−C†‖=3.85e-16  |E(Γ)−E(h)|=7.11e-15  μ∈[-1.000000,1.000000]
  h/J=1.00 (主点): E0_fermi=-20.404594474757  E0_spin=-20.404594474757  |差|=2.487e-14
           S_fermi=0.750055397  S_spin=0.750055397  |差|=1.280e-13  (TOL_S=1e-08)
           [对照] 走 C_A 本征值途径 = 3.189772851  (**错路**, 只作登记)
           [自校] ‖Γ+Γ†‖=1.80e-15  ‖C−C†‖=8.42e-16  |E(Γ)−E(h)|=3.55e-15  μ∈[-1.000000,1.000000]
  h/J=1.50 (扫描): E0_fermi=-26.751073763765  E0_spin=-26.751073763765  |差|=1.776e-14
           S_fermi=0.307405528  S_spin=0.307405528  |差|=2.337e-14  (TOL_S=1e-08)
           [对照] 走 C_A 本征值途径 = 1.727018203  (**错路**, 只作登记)
           [自校] ‖Γ+Γ†‖=1.51e-15  ‖C−C†‖=6.40e-16  |E(Γ)−E(h)|=1.42e-14  μ∈[-1.000000,1.000000]
  h/J=2.00 (扫描): E0_fermi=-34.033424992695  E0_spin=-34.033424992695  |差|=1.279e-13
           S_fermi=0.177693314  S_spin=0.177693314  |差|=7.283e-14  (TOL_S=1e-08)
           [对照] 走 C_A 本征值途径 = 1.097040414  (**错路**, 只作登记)
           [自校] ‖Γ+Γ†‖=2.45e-15  ‖C−C†‖=9.92e-16  |E(Γ)−E(h)|=1.42e-14  μ∈[-1.000000,1.000000]
  [C2] S_fermi 随 h/J 的跨度 = 0.572362  (要求 > 1e-03)  -> OK

-- 落支 --
  E0   最大 |差| = 1.279e-13  (TOL_E = 1e-09)
  S(L/2) 最大 |差| = 1.280e-13  (TOL_S = 1e-08)
  落支 = **F-一致**
  判据: E0 与全部 h/J 点的 S(L/2) 都 ≤ 容差。
  ⚠ 登记必写: 一致由 JW 等价**定理保证** ⇒ 本结果证明的是**机器正确性**，
     给 L1 的 S(L/2) 添了第二条实现路径；**不缩小 audit:341 的缺口**，
     **不构成「L1 的因果通路问题已解决」**，是否动 L1 成熟度另属一个 DP。

总用时 7.55 s
