============================================================================
v16.7 · T4 · Hyper-invariant 张量网络 · Phase 1 —— 附录 B 自述约束自检
  θ = (0.37, 0.52, 0.61, 0.29, 0.44)   TOL = 1e-12
  锚: v16/Hyper.tex (Evenbly PRL 119, 141602) Eq.(5)/(7)/(9)
============================================================================

-- 判据 --
  [1] Y 双酉（两分划）  max resid = 6.742879e-01   FAIL
  [2] R 双酉（两分划）  max resid = 0.000000e+00   OK
  [3] Q 酉（单分划）    max resid = 2.220446e-16   OK
  [4] 反射对称          max resid = 0.000000e+00   OK
        Y_klij   0.000e+00
        R_klij   0.000e+00
        R_jilk   0.000e+00
        Q_klij   0.000e+00
        Q_jilk   0.000e+00

-- 对照（**非原文 · 诊断猜想**；不参与判据与落支）--
  [B] Y_tensor_fixed（角上 +c1 -> -c1）  双酉 max resid = 0.000000e+00   ;   反射 Y_klij = 0.000000e+00

-- 诊断（**不是判据**；由计划「先查指标序约定」而来）--
  D-a 指标序约定扫描（对 Y 的两条约束枚举合理读法）
      ijkl,mnkl->ijmn     max resid = 6.743e-01
      ijkl,mnkl->ijnm     max resid = 1.000e+00
      ijkl,mnkl->jimn     max resid = 1.000e+00
      ijkl,mnkl->jinm     max resid = 6.743e-01
      ijkl,mnlk->ijmn     max resid = 1.000e+00
      ijkl,mjnl->ikmn     max resid = 6.743e-01
      ijkl,mjnl->kimn     max resid = 1.000e+00
      ijkl,mjnl->iknm     max resid = 1.000e+00
      ijkl,mjnl->kinm     max resid = 6.743e-01
      => 全部读法的最优残差 = 6.743e-01（**没有**任何一种读法降到 TOL 以下）
  D-b 约定不变性（256 种 置换×符号 的抽样）
      C1 残差 min = 6.742879e-01   max = 6.742879e-01   spread = 0.000e+00
      => 残差在全部约定下**逐字不变** ⇒ 指标序/符号约定**不是**失败原因。
  D-c 缺陷定位（按 Z2 电荷块分解，(ij)(kl) 矩阵）
      电荷 0 块 (00,11) = [[0.9323+0.j 0.3616+0.j]
 [0.3616+0.j 0.9323+0.j]]
      电荷 1 块 (01,10) = [[0.3616+0.j     0.    +0.9323j]
 [0.    +0.9323j 0.3616+0.j    ]]
      块酉残差:  电荷0 = 6.743e-01   电荷1 = 0.000e+00   （**只有电荷 0 块非酉**）
  D-d 最小修补（**非原文 · 诊断猜想**；已按口径 B 落为 `hyper.py::Y_tensor_fixed`，原文 `Y_tensor` 未动）
      Y[1,1,1,1]: +c1 -> -c1
      修补后:  Y 双酉 max resid = 0.000e+00   ;   反射 Y_klij = 0.000e+00
              电荷块酉残差 0 / 1 = 2.227e-17 / 0.000e+00
  D-e θ1 扫描（Y 残差 vs 2|c1 s1|）
      θ1=0.0000  c1=1.0000 s1=0.0000   resid=0.000000e+00   2|c1 s1|=0.000000e+00   差=0.00e+00
      θ1=0.1000  c1=0.9950 s1=0.0998   resid=1.986693e-01   2|c1 s1|=1.986693e-01   差=0.00e+00
      θ1=0.3700  c1=0.9323 s1=0.3616   resid=6.742879e-01   2|c1 s1|=6.742879e-01   差=0.00e+00
      θ1=0.7854  c1=0.7071 s1=0.7071   resid=1.000000e+00   2|c1 s1|=1.000000e+00   差=0.00e+00
      θ1=0.9000  c1=0.6216 s1=0.7833   resid=9.738476e-01   2|c1 s1|=9.738476e-01   差=0.00e+00
      θ1=1.2000  c1=0.3624 s1=0.9320   resid=6.754632e-01   2|c1 s1|=6.754632e-01   差=0.00e+00

-- 落支 --
  落支 = **H-约束失败**
  未过: [1]
  读数: Y 的两条**自述**约束都超限（残差 ~O(1)，非 ~1e-15）；R、Q 与全部反射对称性通过。
  ⇒ 不是指标序约定问题（D-a/D-b），也不是本仓实现问题 —— 定位与最小修补见 D-c/D-d。
  [Phase 1b 未决] A（3×Y）与 B（Q·R）的接法只在图 Parameterization37.eps 里，
      .tex 正文没写 ⇒ A/B 级多张量约束($ABB=w$, $A^3B^5=u$)**本仓无法凭文本复现**。

[T4-Phase1] 隔离自检: 未 import 门面 / 未接 L4-L5 / 未进 runner / 未加守卫与指标。
  规模三数 78 / 27 / 13 不动。
用时: import 0.3 s + 本计算 0.0 s = 总计 0.3 s
============================================================================
