============================================================================
v16.7 · T4 · Hyper-invariant 张量网络 · Phase 1b —— A/B 组装与多张量约束 w, u
  v16-smoke-t4-hyper-phase1b-1
  θ = (0.37, 0.52, 0.61, 0.29, 0.44)   TOL = 1e-12
  锚: v16/Hyper.tex (Evenbly PRL 119, 141602) `:100` / `:109` / `:460`
  接法锚: arXiv-1704.04229v1 附图（光栅）; WIRING_U 为**自选**
============================================================================

-- 判据（**原文** `Y_tensor`）--
  [1] B 酉且对称（不含 Y）   max resid = 2.220452e-16   OK
  [2] w = A·B·B  2->1 等距  max resid = 2.697152e+00   FAIL   (c=4.000000)
  [3] u = A^3B^5 3->2 等距  max resid = 9.497650e+00   FAIL   (c=5.211075)

-- 对照（**非原文 · 诊断猜想**；不参与判据与落支）--
  [B] Y_tensor_fixed： w max resid = 1.776357e-15 (c=4.000000)   u max resid = 3.552992e-15 (c=4.000000)

-- 诊断（**不是判据**）--
  D-a 走线自由度（枚举 3 个 A 各自的 6 种腿序 = 216 种，看 u 是否精确等距）
      原文 Y_tensor      通过   0 / 216   最优残差 = 7.796002e+00   (最优走线 120/021/021)
      Y_tensor_fixed   通过 162 / 216   最优残差 = 2.664539e-15   (最优走线 210/012/021)
      => 光栅图**钉不死**腿内细比特走线：原文 Y 是 0/216（对走线免疫），
         而 Y_tensor_fixed 有大量走线成立 ⇒ 走线只能**自选并标注**。
  D-b θ 稳健性（另取 3 组随机 θ；WIRING_U = 021/201/102）
      θ=(0.37 0.52 0.61 0.29 0.44)  原文 w 2.70e+00 u 9.50e+00 | 修补 w 1.78e-15 u 3.55e-15 (c=4.000/4.000)
      θ=(0.93 1.27 1.12 0.43 0.53)  原文 w 3.83e+00 u 3.64e+01 | 修补 w 8.88e-16 u 2.22e-15 (c=4.000/4.000)
      θ=(1.24 0.16 1.18 1.15 0.73)  原文 w 2.45e+00 u 1.42e+01 | 修补 w 8.88e-16 u 2.22e-15 (c=4.000/4.000)
      θ=(0.53 0.50 0.47 0.71 0.78)  原文 w 3.48e+00 u 1.53e+01 | 修补 w 1.78e-15 u 3.55e-15 (c=4.000/4.000)
      => 结论与 θ 无关：原文 Y 处处超限，Y_tensor_fixed 处处精确。
  D-c 常数 c（原文 `:460` 允许 "up to an irrelevant multiplicative constant"）
      原文 Y_tensor      w: resid 2.697152e+00  c=4.000000   |   u: resid 9.497650e+00  c=5.211075
      Y_tensor_fixed   w: resid 1.776357e-15  c=4.000000   |   u: resid 3.552992e-15  c=4.000000
      => 成立时 c 恒 = 4.000000（= 被完全缩并掉的那个 Y_B 的 Tr 1），
         w 与 u 同值；不成立时 c 非整数（原文 Y 的 u 拟合出 5.211075）。
  D-d B 的结构（B = Q·R，**不含 Y** ⇒ 与 Y 的缺陷无关）
      Q 酉 2.220e-16   R 双酉 0.000e+00   Q-Q^T 0.0e+00   R-R^T 0.0e+00
      B 酉 2.220e-16   B 对称 0.0e+00   |det B| - 1 = 1.110e-15

-- 落支 --
  落支 = **H-多张量约束失败**
  未过: [2], [3]
  读数: B（不含 Y）精确酉且对称；含 Y 的 w 与 u 都超限，且 c 都不是整数。
  ⇒ 与 Phase 1 同源：缺陷在原文印的 Y（`Hyper.tex:397-404`），不在 A/B 接法。
     A/B 接法本身在 Y_tensor_fixed 下**精确**成立（对照行 [B]，c=4）。
  [接法诚实边界] 粗拓扑读自 arXiv 源码附图（光栅）；腿内细比特走线**不可读**，
     `WIRING_U` 为**自选**（D-a：原文 Y 0/216，Y_tensor_fixed 大量成立）。

[T4-Phase1b] 隔离自检: 未 import 门面 / 未接 L4-L5 / 未进 runner / 未加守卫与指标。
  规模三数 78 / 27 / 13 不动；未改 _v16_smoke_t4_hyper.py 与 _t4_hyper.log。
用时: import 0.3 s + 本计算 61.7 s = 总计 61.9 s
============================================================================
