============================================================================
v16.7 · T5 · TNR · Phase 1 —— 附录 B 闭式构建块自检
  eta = 2   TOL = 1e-12
  锚: v16/TNR.tex 附录 B (Evenbly & Vidal, PRL 115, 180405 (2015))
============================================================================

-- 判据 --
  [1] Eq.(TRG2) 因子分解   max resid = 1.000000e+00   FAIL
  [2] Eq.(TRG4/5) 一步自映 max resid = 2.000000e+00   FAIL
  [3] Eq.(TNR1) u 等距     max resid = 2.220446e-16   OK
  [4] Eq.(TNR2) v 等距     max resid = 5.000000e-01   FAIL
  [5] Eq.(TNR3) C 平凡     rank(C)   = 1          OK

-- 对照（**非原文 · 诊断猜想**；不参与判据与落支）--
  [B1] s_tensor_fixed   Eq.(TRG4) 残差 = 0.000000e+00   （Eq.(TRG2) 仍不可能，见 D-a）
  [B2] v_tensor_fixed   V V^dag - I 残差 = 0.000000e+00

-- 诊断（**不是判据**；由计划「先查缩并约定与指标序」而来）--
  D-a 免约定可行性（Eq.(TRG2) 右端是实向量的 Gram 和 ⇒ 必半正定）
      A 的 24 种腿序中，半正定（min eig >= 0）的个数 = 0 / 24
      非半正定的最小特征值 = -2.0000（最大 = -1.0000）
      => 24/24 全非半正定 ⇒ **任何实 S** 都满足不了 Eq.(TRG2)，与指标序/配对约定**无关**。
  D-b Eq.(TRG4) 读法全扫（S 的 delta 配对 64 × 腿序 6 = 384）
      使 A' == eta A^CDL 精确成立的 (配对,腿序) 数 = 12 / 384
      其中 Eq.(TRG3) **印刷**配对 ((1,2),(1,2),(1,2)) 的命中腿序 = **空**
      => Eq.(TRG4) 本身可对，但**印刷的 S 不是**那些读法之一 ⇒ TRG2 与 TRG4 互斥。
  D-c Eq.(TNR2)/Eq.(TNR3) 读数
      u 等距残差: iK_jL = 1.000000e+00   ij_KL = 2.220446e-16   （最优 2.220446e-16）
      v 候选1 等距残差 = 5.000000e-01（对角偏离 1 的最大值 = 5.000000e-01）
      v 候选2 等距残差 = 5.000000e-01（对角偏离 1 的最大值 = 5.000000e-01）
      B: |B|_1 = 64 ;  C: |C|_1 = 2 ;  rank(C) = 1

-- 落支 --
  落支 = **T-CDL失败**
  未过: [1], [2], [4]
  读数: 附录 B 的闭式构建块在 eta=2 处**不能**同时自洽 ——
        D-a 证明 Eq.(TRG2) 对任何实 S 都不可能（免约定，与指标序无关）；
        D-b 说明 Eq.(TRG4) 可对但用的不是印刷的 S ⇒ TRG2 与 TRG4 互斥。
  ⇒ 不是本仓缩并约定错（D-a/D-b 已穷举 384+24 种读法），是**原文印刷层面**的问题。
  [Phase 1b 未决] 2×2 CDL 网络的**实际缩并接线**只在图 TNRtensors.eps / TNR.eps 里，
      .tex 正文没写 ⇒ 本仓不凭文本复现（同 T4 Phase 1b）。
  [Phase 2 未开工] TNR.tex:260 的「Algorithms for tensor network renormalization」
      不在仓库 ⇒ 迭代方案无法复现。
  范围标记 = T-仅Phase1

[T5-Phase1] 隔离自检: 未 import 门面 / 未接 L4-L5 / 未进 runner / 未加守卫与指标。
  不动 build_mera_graph / mera_bulk_invariance / F6d；规模三数 78 / 27 / 13 不动。
用时: import 0.3 s + 本计算 0.6 s = 总计 0.9 s
============================================================================
