========================================================================
v16-smoke-t6-l4bridge-1  阶段 3 桥 1 可行性判据   stamp=2026-10-04
L_MERA = 16（与 MERA 侧同一个 L）；THETA = (0.37, 0.52, 0.61, 0.29, 0.44)
import 用时 4.9 s
========================================================================
--- [3-1a] 同函数：fit_central_charge 接受的向量长度 ---
  长度 2^16, L=16  ->  通过, c=-0.000000  rms=1.001e-14  (n=8)
  hyMERA 腿局域维 chi=16, 4 条腿 => 向量长度 65536（与 2^16 同长度）
  长度 65536, L=4   ->  被拒: ValueError: cannot reshape array of size 65536 into shape (2,8)
  => `entanglement_curve` 把态 reshape 成 (2^n, 2^(L-n))，**局域维 2 硬编码**。
--- [3-1b] 同 L=16：hyMERA 的腿局域维与边界 ---
  A_tensor 输出形状 = (16, 16, 16)  => chi = 16  (hyper.py:170-183)
  阶段 1 补丁（§0.1.5 登记值，**引用不重算**）：V=2240 E=2856 F=617
  => hyMERA 的边界是**环**，每条边界腿一个位点，局域维 = chi = 16
  => 造出的边界态 = 「N 个 16 维位点」，**永远不会**是「16 个 2 维位点」。
  => chi=16 != 2：桥 1 的「同 L=16」前提**结构上不可满足**。
--- [3-2] 桥 2（备）：由 Delta_k 反推 c ---
  需要「hyMERA 的谱 = 某 CFT 的谱」这一**假设**；该假设的唯一性无法在本仓内判定。
  按 v16.8_plan.md:414-426「若假设不唯一则不做」=> **不做**，不登记为缺口。
------------------------------------------------------------------------
桥 1 前提**不能同时满足** => 结构上不可搭；DP-31：落空即登记，**不追加投入**。
落支 = T6-L4桥落空
失败项 = ['3-1b']
用时 5.19 s   RSS 344.1 MB
========================================================================
