==============================================================================
v16.8 · T6 · 阶段 1 —— {7,3} 双曲铺砌的有限补丁
  v16-smoke-t6-tiling-1
  P=7 Q=3   对偶环数=5   顶点 BFS 环数=5 (DP-32)   s 靶=2.618034
  锚: v16/Hyper.tex:88 ({7,3}, 3-index A) / :90-92 (s 的定义) / :466
==============================================================================

-- 补丁规模 --
  V = 2240    E = 2856    F = 617    V-E+F = 1
  顶点外接极径 r0 = 0.300743   对偶面数 = 617
  生成器代数自检: 邻面边端交换 max|err| = 4.918e-16   （恒等式，期望 ~1e-16）
  顶点去重自检: 窗宽内不同顶点最小间距 = 3.112e-03  （须 > 1e-05；若为 inf 说明窗宽内无点对，自检空转）

-- 判据 [1-1] 组合校验 --
  连通                                     OK
  V-E+F == 1                             OK
  每面 7 条边且 7 个不同顶点                       OK
  每条边被 <=2 个面共享（边界 1393 / 内部 1463）       OK
  无顶点被 >3 个面共享                           OK
  内部顶点价 == 3（内部顶点 847 个）                 OK

-- 判据 [1-2] 顶点图 BFS 环（中心 = 面 0 的顶点 0）--
  环 z  :      0       1       2       3       4       5
  N_z   :      1       3       6      12      18      30
  完整  :      是       是       是       是       是       是
  z->z+1 : 3.0000  2.0000  2.0000  1.5000  1.6667
  （带 * = 相邻环有截断，比值不可用于 [1-2]）

  单调趋近 = False    可用比值数 = 5
  最后三环 (z->z+1, 比值, 相对 s 偏差): (2, 2.0000, +23.6%)  (3, 1.5000, +42.7%)  (4, 1.6667, +36.3%)
  [1-2] 靶 = 单调趋近 且 最后三环相对偏差 < 5%（s = 2.618034）⇒ **FAIL**

-- 诊断（**不是判据**）：为什么 [1-2] 的靶值在这类图上不可达 --
  {7,3} 的 1-骨架是 **3-正则**（原文 `:88`「3-edged nodes」）。第 z+1 环每点至少 1 条边
  连回第 z 环、总度数只有 3 ⇒ 伸向外的边 <= 2 条 ⇒ N_{z+2} <= 2*N_{z+1}
  ⇒ 对 z >= 1（环 z+1 每点都有边连回环 z）恒有 N_{z+2} <= 2*N_{z+1} < 2.618034。
     实测: 0->1 比值 = 3.0000（中心点是特例，**不在上界适用范围**）；z>=1 的最大比值 = 2.0000。
  而原文 `:91` 的 s 是「L_z 的**格点数** / 更粗的 L_{z+1} 的格点数」，L_z 由**层 V** 切出、
  来自 2-site/3-site 单元的**分形替换**（`r = phi`）；`:90` 明说「no finite repeating
  pattern of cells even in the limit」⇒ s 是**层/单元结构**的量，**不是**顶点图 BFS 环比。

-- 落支（照抄 `v16.8_plan.md` §2 阶段 1）--
  [1-1] = 过    [1-2] = 未过
  落支 = **T6-铺砌校验失败**
  ⚠ **本条落支不可直接采信**：[1-1] 全过（生成器经**代数恒等式** + Euler 双重验证），
     不符的只有 [1-2] —— 而 [1-2] 的靶值与 3-正则图的计数上界矛盾（见上「诊断」）。
     ⇒ 这是**判据锚错**，不是铺砌错。按计划「不许自行调和」：**不自改判据、不落定论**，
       读数与异常一并上报，等用户裁定 [1-2] 的重新锚定。

[T6-阶段1] 隔离自检: 未 import 门面 / 未接 L4-L5 / 未进 runner / 未加守卫与指标。
  规模三数 78 / 27 / 13 不动；未改 _model/hyper.py、T4 那对脚本与日志、T5 的 TNR 料、audit 既有行。
用时: import 0.0 s + 本计算 0.2 s = 总计 0.2 s
==============================================================================
