============================================================================
v16.8 · T6 · 阶段 0 准入筛 —— 三个 `Y` 口径的 T4 §9.10 复现
  v16-smoke-t6-admission-1
  θ = (0.37, 0.52, 0.61, 0.29, 0.44)   TOL = 1e-12   相对门限 = 0.0001
  锚: v16.8_plan.md §2 阶段 0 ; spiral_v16_audit.md §9.10 / §9.2 (`:1607`)
============================================================================

-- 三个口径的读数（每行都带口径名；`修补` 永远标「非原文」）--
  口径     dev(12|34)   dev(13|24)   反射         w resid (c)    u resid (c)   
  原文     6.742879e-01 6.742879e-01 0.0e+00    2.697e+00 (4.000000) 9.498e+00 (5.211075)
  S&P    0.000000e+00 6.742879e-01 0.0e+00    1.776e-15 (4.000000) 3.553e-15 (4.000000)
  修补     0.000000e+00 0.000000e+00 0.0e+00    1.776e-15 (4.000000) 3.553e-15 (4.000000)

-- 靶 G 内部一致性自检（把本文件的算法钉在 hyper.py 的定义上）--
  原文     联合max 0.0e+00 | vs unitary_residual 0.0e+00 | vs 2|c1s1| 0.0e+00    OK
  S&P    联合max 0.0e+00 | vs unitary_residual 0.0e+00 | vs 2|c1s1| (仅原文)      OK
  修补     联合max 0.0e+00 | vs unitary_residual 2.2e-17 | vs 2|c1s1| (仅原文)      OK

-- 靶 A~F：对**已登记值**逐条核对（登记值只有 4 位有效数字者用相对门限）--
  A1 §9.10行3   S&P    dev(12|34)   实测 0.000000e+00   靶 0.000000e+00    OK
  A2 §9.10行3   S&P    dev(13|24)   实测 6.742879e-01   靶 6.743000e-01    OK
  A3 §9.10行3   S&P    w resid      实测 1.776357e-15   靶 1.780000e-15    OK
  A4 §9.10行3   S&P    u resid      实测 3.552714e-15   靶 3.550000e-15    OK
  A5 §9.10行3   S&P    c (w=u)      实测 4.000000e+00   靶 4.000000e+00    OK
  B1 §9.10行4   S&P    反射           实测 0.000000e+00   靶 0.000000e+00    OK
  C1 计划§1表     原文     dev(12|34)   实测 6.742879e-01   靶 6.743000e-01    OK
  C2 计划§1表     原文     dev(13|24)   实测 6.742879e-01   靶 6.743000e-01    OK
  C3 计划§1表     原文     反射           实测 0.000000e+00   靶 0.000000e+00    OK
  D1 计划§1表     修补     dev(12|34)   实测 0.000000e+00   靶 2.200000e-17    OK
  D2 计划§1表     修补     dev(13|24)   实测 0.000000e+00   靶 2.200000e-17    OK
  D3 计划§1表     修补     反射           实测 0.000000e+00   靶 0.000000e+00    OK
  E1 冻结日志      原文     w resid      实测 2.697152e+00   靶 2.697152e+00    OK
  E2 冻结日志      原文     u resid      实测 9.497650e+00   靶 9.497650e+00    OK
  E3 冻结日志      原文     c (w)        实测 4.000000e+00   靶 4.000000e+00    OK
  E4 冻结日志      原文     c (u)        实测 5.211075e+00   靶 5.211075e+00    OK
  F1 冻结日志      修补     w resid      实测 1.776357e-15   靶 1.776357e-15    OK
  F2 冻结日志      修补     u resid      实测 3.552992e-15   靶 3.552992e-15    OK
  F3 冻结日志      修补     c (w=u)      实测 4.000000e+00   靶 4.000000e+00    OK

-- 落支 --
  落支 = **T6-口径已钉**
  靶 A~G 全过 ⇒ 三个口径在 θ 处逐条复现登记值。
  T6 主口径 = **S&P 的 `Y`**（(12|34) 酉、(13|24) 不酉 ⇒ **非双酉**，`c`=4）；
  备用 = `Y_tensor_fixed`（双酉，`c`=4，**本仓自造 · 非原文**）；
  对照 = 原文 `Y_tensor`（两条都不满足，`c` 非整数）。
  ⇒ 准入通过，可进阶段 1（`{7,3}` 双曲铺砌）。

[T6-阶段0] 隔离自检: 未 import 门面 / 未接 L4-L5 / 未进 runner / 未加守卫与指标。
  规模三数 78 / 27 / 13 不动；未改 T4 那对脚本与日志、audit 既有行；
  `_model/hyper.py` 只有一处**纯新增**（`Y_tensor_sp`, 用户 2026-10-04 放行）, 既有函数一字未动。
用时: import 0.3 s + 本计算 0.5 s = 总计 0.8 s
============================================================================
