==============================================================================
v16-smoke-t6-l5measure-1  阶段 4（接 L5 几何测度）  stamp=2026-10-04
判据 = v16.8_plan.md §0.1.11（冻结于开跑前）；非有限处理 = A
import 用时 7.0 s
==============================================================================
[O1] MERA-L32 : |V|=62 |E|=91
[O2] {7,3}    : |V|=2240 |E|=2856 (阶段 1 build(5)，1-骨架)
------------------------------------------------------------------------------
对象 O1-MERA-L32：生成对照族并交叉校验
  [守卫] 交叉校验 通过 : forman_mean/d_bar 最大偏差 0.000e+00 (容差 1.0e-12)
  对照族就绪 (9 实例, 3 族)
------------------------------------------------------------------------------
对象 O2-{7,3}-patch：生成对照族并交叉校验
  [守卫] 交叉校验 通过 : forman_mean/d_bar 最大偏差 0.000e+00 (容差 1.0e-12)
  对照族就绪 (9 实例, 3 族)
==============================================================================
④a 对照自比（每个测度：9 个自比百分位的中位数，须落 [25, 75]）
  [O1-MERA-L32]
    d_bar         中位数  62.50%  (n=9)
    n_triangles   中位数  62.50%  (n=9)
    deg_js        中位数  50.00%  (n=9)
    girth         中位数  50.00%  (n=6)
    diameter      中位数  50.00%  (n=6)
    d_s           中位数  75.00%  (n=9)
    forman_mean   中位数  62.50%  (n=9)
    or_mean       中位数  62.50%  (n=9)
  [O2-{7,3}-patch]
    d_bar         中位数  62.50%  (n=9)
    n_triangles   中位数  62.50%  (n=9)
    deg_js        中位数  50.00%  (n=9)
    girth         中位数  50.00%  (n=6)
    diameter      中位数  66.67%  (n=4)
    d_s           中位数  50.00%  (n=9)
    forman_mean   中位数  62.50%  (n=9)
    or_mean       中位数  62.50%  (n=9)
==============================================================================
对象 O1-MERA-L32 读数（口径：接线图，不依赖态）
  测度            对象值                   百分位    n_eff     状态
  d_bar         2.93548             100.0%        9 **端点外**
  n_triangles   0                    66.7%        9     仍零
  deg_js        0.141451             33.3%        9     仍零
  girth         4                    66.7%        6 只登记(n_eff<9)
  diameter      12                   66.7%        6 只登记(n_eff<9)
  d_s           1.63383              88.9%        9     仍零
  forman_mean   -2.24176             33.3%        9     仍零
  or_mean       -0.32967             33.3%        9     仍零
对象 O2-{7,3}-patch 读数（口径：接线图，不依赖态）
  测度            对象值                   百分位    n_eff     状态
  d_bar         2.55                100.0%        9 **端点外**
  n_triangles   0                    66.7%        9     仍零
  deg_js        0.235375             66.7%        9     仍零
  girth         7                    50.0%        6 只登记(n_eff<9)
  diameter      28                   75.0%        4 只登记(n_eff<9)
  d_s           1.65103             100.0%        9 **端点外**
  forman_mean   -1.29412             33.3%        9     仍零
  or_mean       -0.431373            33.3%        9     仍零
==============================================================================
④b 保度随机重连（对每个对象重连后重跑；重连保 |V|、|E| => **复用同一组对照**）
  [O1-MERA-L32] 完成 Graph with 62 nodes and 91 edges 次交换；重连图百分位：
    d_bar            100.0%  n_eff=9  <== 端点外 => 该测度作废
    n_triangles       88.9%  n_eff=9  在区间内
    deg_js            33.3%  n_eff=9  在区间内
    girth             50.0%  n_eff=6  在区间内
    diameter          66.7%  n_eff=6  在区间内
    d_s               88.9%  n_eff=9  在区间内
    forman_mean       33.3%  n_eff=9  在区间内
    or_mean            0.0%  n_eff=9  <== 端点外 => 该测度作废
  [O2-{7,3}-patch] 完成 Graph with 2240 nodes and 2856 edges 次交换；重连图百分位：
    d_bar            100.0%  n_eff=9  <== 端点外 => 该测度作废
    n_triangles       66.7%  n_eff=9  在区间内
    deg_js            66.7%  n_eff=9  在区间内
    girth             50.0%  n_eff=6  在区间内
    diameter          75.0%  n_eff=4  在区间内
    d_s              100.0%  n_eff=9  <== 端点外 => 该测度作废
    forman_mean       33.3%  n_eff=9  在区间内
    or_mean           33.3%  n_eff=9  在区间内
==============================================================================
④b 作废的测度: {'d_bar': ['O1-MERA-L32', 'O2-{7,3}-patch'], 'or_mean': ['O1-MERA-L32'], 'd_s': ['O2-{7,3}-patch']}
端点外的（信号）: 无
其余登记项: 10 条
落支 = T6-L5测度仍零
失败项 = 无
用时 257.58 s   RSS 370.7 MB
==============================================================================
