==============================================================================
v16.8 · T6 · 阶段 2 —— 层 V 组装    [v16-smoke-t6-layer-1]
==============================================================================
  口径：cell 几何 = 图 (d) 读出 + 用户 2026-10-04 确认（推断口径）
        cell 排布 = 本仓穷举（原文未印替换规则）
        Y       = S&P 主口径；原文 / fixed 仅对照，三张不合并成一行
==============================================================================
[2-1] 层 V 的组合构造与自洽 —— 无自由参数
==============================================================================
  种子 cell 类型环 : 8 个 cell，其中 2-site 3、3-site 5，sum N_i = 21
   [PASS] 弦交替 A/B 且环长为偶                                        len=58 交替=True
   [PASS] 首节点为 A（峰）                                            seq[0]=('A', 'peak')
   [PASS] 峰数 = cell 数（共享使然）                                    峰 8  vs  cell 8
   [PASS] 谷数 = sum N_i                                         谷 21  vs  sum N_i 21
   [PASS] A 全局 = n + sum N_i                                   29 vs 29
   [PASS] 链上 B = n + sum N_i                                   29 vs 29
   [PASS] 逐 cell 计 A 之和 − 全局 A = n（峰双计）                        37 − 29 = 8
   [PASS] N=2 cell 内容 = 4 A + 5 B                              得 (4, 5)，用户确认 (4, 5)
   [PASS] N=3 cell 内容 = 5 A + 7 B                              得 (5, 7)，用户确认 (5, 7)
   [PASS] 价数 峰3/谷3/B2 与 :88 的 3-正则相容                           峰 3 / 谷 3 / B 2
   [PASS] 胶合：峰(z) = cell(z) = sum N_i(z+1)                     峰(z)=8, cell(z)=8, sum N_i(z+1)=21
   [PASS] s = 谷/峰 = sum N_i / cell 数（同一定义两种写法）                 seed s = 2.625000（非 phi，仅自洽性）

==============================================================================
[2-2] 替换枚举 —— cell 排布规则原文未印，改为穷举（本仓推断，非原文）
==============================================================================
  穷举 4 x 8 = 32 种替换；Perron 根 = s = 2.618033988750 的共 6 种：
    sig(2)=23  sig(3)=233   lam=2.618033988750  r=1.618033988750  |  2-site 像含 1 个 2 与 1 个 3；3-site 像含 1 个 2 与 2 个 3
    sig(2)=23  sig(3)=323   lam=2.618033988750  r=1.618033988750  |  2-site 像含 1 个 2 与 1 个 3；3-site 像含 1 个 2 与 2 个 3
    sig(2)=23  sig(3)=332   lam=2.618033988750  r=1.618033988750  |  2-site 像含 1 个 2 与 1 个 3；3-site 像含 1 个 2 与 2 个 3
    sig(2)=32  sig(3)=233   lam=2.618033988750  r=1.618033988750  |  2-site 像含 1 个 2 与 1 个 3；3-site 像含 1 个 2 与 2 个 3
    sig(2)=32  sig(3)=323   lam=2.618033988750  r=1.618033988750  |  2-site 像含 1 个 2 与 1 个 3；3-site 像含 1 个 2 与 2 个 3
    sig(2)=32  sig(3)=332   lam=2.618033988750  r=1.618033988750  |  2-site 像含 1 个 2 与 1 个 3；3-site 像含 1 个 2 与 2 个 3
   [PASS] 存在给 r = phi 的替换（非空）                                  命中 6 种
   [PASS] 命中族与 :90 括号注局部模式 {1,2} 相容                            sig(3) 的 2/3 计数与「每七边形 1×2-site + 2×3-site」同构

==============================================================================
[2-3] s 判据（承接 §0.1.4）—— N(L_z)/N(L_{z+1}) 单调趋近 s，末三层偏差 < 5%
  说明：N(L_z) = sum N_i（谷数），N(L_{z+1}) = cell 数（峰数）；比值 = 二者之商。
==============================================================================
  取命中族其一：sig(2)=23, sig(3)=233（另 5 种见 [2-2]）
    层 z=0   x=1      y=1       N(L_z)=5        N(L_{z+1})=2       比值=2.500000000  |偏差|=4.508e-02
    层 z=1   x=2      y=3       N(L_z)=13       N(L_{z+1})=5       比值=2.600000000  |偏差|=6.888e-03
    层 z=2   x=5      y=8       N(L_z)=34       N(L_{z+1})=13      比值=2.615384615  |偏差|=1.012e-03
    层 z=3   x=13     y=21      N(L_z)=89       N(L_{z+1})=34      比值=2.617647059  |偏差|=1.478e-04
    层 z=4   x=34     y=55      N(L_z)=233      N(L_{z+1})=89      比值=2.617977528  |偏差|=2.157e-05
    层 z=5   x=89     y=144     N(L_z)=610      N(L_{z+1})=233     比值=2.618025751  |偏差|=3.147e-06
    层 z=6   x=233    y=377     N(L_z)=1597     N(L_{z+1})=610     比值=2.618032787  |偏差|=4.591e-07
    层 z=7   x=610    y=987     N(L_z)=4181     N(L_{z+1})=1597    比值=2.618033813  |偏差|=6.698e-08
    层 z=8   x=1597   y=2584    N(L_z)=10946    N(L_{z+1})=4181    比值=2.618033963  |偏差|=9.772e-09
    层 z=9   x=4181   y=6765    N(L_z)=28657    N(L_{z+1})=10946   比值=2.618033985  |偏差|=1.426e-09
   [PASS] 末三层相对偏差 < 5%                                         max|dev| = 0.000000
   [PASS] 比值单调趋近（非振荡）                                          单调
   [PASS] 比值收敛于 s 而非「等于 s」                                     末值 2.618033985017，s = 2.618033988750，差 3.733e-09（判据只要求趋近）

==============================================================================
[2-4] w/u 分组与等距 —— 三口径分行，不合并
  边界：整层缩并维度 4^n_in 不可行（n_in>=5 即 >=4.3 GB，本机 16 GB）
        ⇒ 只做 §2 预登记的「沿链逐段验」，不做整层张量。
==============================================================================
  (a) 计数不可能性（可证明）：设 W 个 w、U 个 u。
      {7,3}: w=2->1, u=3->2 ⇒ s(W,U) = (2W+3U)/(1W+2U) ∈ (1.5000, 2.0000]
   [PASS] {7,3} 的 s=2.618034 落在 w/u 可达区间之外                     区间 (1.5000, 2.0000]，靶 2.618034
      {5,4}: w=3->1, u=4->2 ⇒ s(W,U) = (3W+4U)/(1W+2U) ∈ (2.0000, 3.0000]
   [PASS] {5,4} 的 s=3.732051 落在 w/u 可达区间之外                     区间 (2.0000, 3.0000]，靶 3.732051
      反解：cell 口径 n_in=21, n_out=8 ⇒ U = 2*n_out − n_in = -5 < 0
   [PASS] cell 口径下 U < 0 ⇒ w/u 的「平行乘积」读法不可能                    U = -5（须为负才凑得出，故非平行乘积）
  (b) 逐段等距残差（容差 1e-12，c = tr(W W†)/nrow）：
      S&P（主口径）               |  w resid = 1.776357e-15  c=4.000000  |  u resid = 3.552714e-15  c=4.000000
      原文（对照）                 |  w resid = 2.697152e+00  c=4.000000  |  u resid = 9.497650e+00  c=5.211075
      Y_tensor_fixed（备用）     |  w resid = 1.776357e-15  c=4.000000  |  u resid = 3.552992e-15  c=4.000000
   [PASS] 主口径 w 精确等距                                           resid = 1.776357e-15
   [PASS] 主口径 u 精确等距                                           resid = 3.552714e-15
   [PASS] 对照：原文 Y 下 w 不精确（判据有区分力）                              resid = 2.697152e+00

==============================================================================
  落支：T6-层组装只需(12|34)
  用时（进程）   : 1.11 s
  用时（import） : 0.30 s
  内存峰值       : 98.2 MB
==============================================================================
  [诚实边界]
   * 本文件**不缩并整层**（维度 4^n_in 不可行）；结论依赖 :100(c)/:128 逐字
     陈述的「层张量可分组为 w/u 之乘积」，该分组**不是** cell 分解。
   * (a) 已证：该分组**不能**是 w/u 的平行乘积（U<0）。落地支时该张力
     记为遗留，不抹平。
   * cell 排布规则是**穷举**所得，非原文；[2-3] 的收敛值因此是「该替换族下」
     的结果，不是从原文推出的唯一值。
==============================================================================
