==============================================================================
v16.9 · T9 · 阶段 1 —— AKLT 精确构造 + oracle 族 O1–O6
  v16-smoke-t9-aklt-1
  L = [8, 10, 12, 14, 16]   取向 = 周期环 + 开链
  TOL_PHYS = 1e-12   TOL_ISO = 1e-14   TOL_ASYM = 1e-06
  锚: v16.9_plan.md §2 阶段 1（判据事前写死）/ §1.2 / §5
==============================================================================

-- 0. 张量（含计划 §1.2b 的全局因子 2/sqrt3）--
  A^s 形状 = (3, 2, 2)   s = 0,1,2 ⇔ 物理 |+1⟩,|0⟩,|−1⟩
  2/sqrt(3) = 1.1547005383792517   （不补它 ⇒ sum_s A†A = (3/4)I）
  局域维 d = 3；虚维 chi = 2；L 上限 = 16（截割路径 4x3^8 = 26,244 个系数）

-- S1–S3 局域算符自检（内部一致性；**不作物理判据**）--
  S1  h == 2·P2 − (2/3)I                残差 2.220e-16   OK
  S2  h == (4/3)·P2 − (2/3)I            残差 6.666667e-01   ← **计划 §2 原印系数**
      （预测值恰为 2/3：两式只在 x = S_i·S_{i+1} = 1 的 S_tot=2 子空间上不同，AKLT 态不占该子空间）
  S3  P2 幂等 ‖P2²−P2‖ = 1.110e-16 ；tr P2 = 5.000000（S_tot=2 维数 = 5）

-- S4 稠密交叉核对（L=6，**仅自检**；主路径是截割收缩 / 转移矩阵）--
  周期环   S(n) 截割 vs 稠密 SVD 最大差 2.220e-16 ；⟨H⟩ 稠密 -4.000000000000 vs 转移 -4.000000000000
  开链    S(n) 截割 vs 稠密 SVD 最大差 1.110e-16 ；⟨H⟩ 稠密 -3.333333333333 vs 转移 -3.333333333333

-- O5 等距性：max‖Σ_s A^{s†}A^s − I‖ --
  实测 0.000e+00   （期望精确 0；门限 1e-14）

-- O1 / O1′：⟨H⟩ = −(2/3)·n_bonds 与 Σ_bonds⟨P_2⟩ = 0 --
  **第一号陷阱：⟨H⟩ ≠ 0。** 真正为零的是 Σ_bonds⟨P_2⟩。
  [周期环]
    L= 8  n_bonds= 8  ⟨H⟩ = -5.333333333333333   靶 -5.333333333333333   Δ = 0.000e+00   Σ⟨P_2⟩ = -1.114e-16  OK
    L=10  n_bonds=10  ⟨H⟩ = -6.666666666666667   靶 -6.666666666666666   Δ = 8.882e-16   Σ⟨P_2⟩ = -1.388e-16  OK
    L=12  n_bonds=12  ⟨H⟩ = -8.000000000000000   靶 -8.000000000000000   Δ = 0.000e+00   Σ⟨P_2⟩ = -1.665e-16  OK
    L=14  n_bonds=14  ⟨H⟩ = -9.333333333333336   靶 -9.333333333333332   Δ = 3.553e-15   Σ⟨P_2⟩ = -1.943e-16  OK
    L=16  n_bonds=16  ⟨H⟩ = -10.666666666666666   靶 -10.666666666666666   Δ = 0.000e+00   Σ⟨P_2⟩ = -2.220e-16  OK
  [开链]
    L= 8  n_bonds= 7  ⟨H⟩ = -4.666666666666667   靶 -4.666666666666666   Δ = 8.882e-16   Σ⟨P_2⟩ = -9.703e-17  OK
    L=10  n_bonds= 9  ⟨H⟩ = -6.000000000000001   靶 -6.000000000000000   Δ = 8.882e-16   Σ⟨P_2⟩ = -1.249e-16  OK
    L=12  n_bonds=11  ⟨H⟩ = -7.333333333333334   靶 -7.333333333333333   Δ = 8.882e-16   Σ⟨P_2⟩ = -1.527e-16  OK
    L=14  n_bonds=13  ⟨H⟩ = -8.666666666666666   靶 -8.666666666666666   Δ = 0.000e+00   Σ⟨P_2⟩ = -1.804e-16  OK
    L=16  n_bonds=15  ⟨H⟩ = -10.000000000000000   靶 -10.000000000000000   Δ = 0.000e+00   Σ⟨P_2⟩ = -2.082e-16  OK

-- O2 开链中点 S(L/2) = ln2（精确、与 L 无关）--
  L= 8  S(L/2) = 0.693147180559945   ln2 = 0.693147180559945   Δ = 0.000e+00  OK
  L=10  S(L/2) = 0.693147180559945   ln2 = 0.693147180559945   Δ = 1.110e-16  OK
  L=12  S(L/2) = 0.693147180559945   ln2 = 0.693147180559945   Δ = 0.000e+00  OK
  L=14  S(L/2) = 0.693147180559945   ln2 = 0.693147180559945   Δ = 0.000e+00  OK
  L=16  S(L/2) = 0.693147180559945   ln2 = 0.693147180559945   Δ = 0.000e+00  OK

-- O3 环 n=1：ρ = I_3/3 ⇒ S = ln3（两条独立路径）--
  (a) 截割收缩（L=6,8；n=1 的互补块枚举 3^(L−1)，只在小 L 上做）
      L= 6  S(1) = 1.098612288668110   ln3 = 1.098612288668110   Δ = 2.220e-16  OK
      L= 8  S(1) = 1.098612288668110   ln3 = 1.098612288668110   Δ = 2.220e-16  OK
  (b) 单点 RDM 转移矩阵（L ∈ {8..16}，并直接核对 ρ = I_3/3）
      L= 8  max|ρ − I/3| = 0.000e+00   S(1) = 1.098612288668110   Δ = 2.220e-16  OK
      L=10  max|ρ − I/3| = 5.551e-17   S(1) = 1.098612288668110   Δ = 2.220e-16  OK
      L=12  max|ρ − I/3| = 5.551e-17   S(1) = 1.098612288668110   Δ = 2.220e-16  OK
      L=14  max|ρ − I/3| = 1.665e-16   S(1) = 1.098612288668110   Δ = 0.000e+00  OK
      L=16  max|ρ − I/3| = 5.551e-17   S(1) = 1.098612288668110   Δ = 2.220e-16  OK

-- O6 环 S(L/2) 渐近 → ln4（单调升）；O4 环块谱 SU(2) 1+3 简并 --
  L= 8  S(L/2) = 1.385372945690   (ln4 − S = 9.214e-04)
  L=10  S(L/2) = 1.386193036807   (ln4 − S = 1.013e-04)
  L=12  S(L/2) = 1.386283060829   (ln4 − S = 1.130e-05)
  L=14  S(L/2) = 1.386293107052   (ln4 − S = 1.254e-06)
  L=16  S(L/2) = 1.386294221722   (ln4 − S = 1.394e-07)
  单调升 = True ；|S(L=16) − ln4| = 1.394e-07  （门限 1e-06，**渐近非精确**）
  相邻差 dS = [8.20091117e-04 9.00240220e-05 1.00462240e-05 1.11467000e-06]   （每加 2 格收缩约 9x ⇒ 指数收敛，xi ~ 1/ln3 ~ 0.91 格）
  L= 8  p = [0.26873857 0.24375381 0.24375381 0.24375381]   三重简并残差 = 0.000e+00  OK
  L=10  p = [0.25204904 0.25204904 0.25204904 0.24385288]   三重简并残差 = 8.196e-03  FAIL
  L=12  p = [0.25206042 0.24931319 0.24931319 0.24931319]   三重简并残差 = 2.220e-16  OK
  L=14  p = [0.25022852 0.25022852 0.25022852 0.24931444]   三重简并残差 = 9.141e-04  FAIL
  L=16  p = [0.25022866 0.24992378 0.24992378 0.24992378]   三重简并残差 = 9.437e-16  OK

-- 判据汇总（O1–O6；逐条列出不过项）--
  共 51 条子判据；不过 2 条。
    FAIL  O4 L=10 1+3 简并残差             实测 8.196166e-03  门限 1.0e-12
    FAIL  O4 L=14 1+3 简并残差             实测 9.140760e-04  门限 1.0e-12

-- 落支 --
  落支 = **T9-构造失败**
  未过项见上表。按计划 §2 阶段 1：**停工上报，不改判据、不改容差**（§4 红线 2）。

[T9-阶段1] 隔离自检: 未接 entanglement_curve / fit_central_charge / boundary_correlation_graph；
  未做负对照 N1–N3；未登记；未进 runner；未加守卫与指标 ⇒ 规模三数 78 / 27 / 13 不动；既有代码一字未改。
用时: import 0.2 s + 本计算 3.5 s = 总计 3.7 s
==============================================================================
