==============================================================================
v16.9 · T9 · 阶段 1 —— AKLT 精确构造 + oracle 族 O1–O6
  v16-smoke-t9-aklt-2
  L = [8, 10, 12, 14, 16]   取向 = 周期环 + 开链
  TOL_PHYS = 1e-12   TOL_ISO = 1e-14   TOL_ASYM = 1e-06
  锚: v16.9_plan.md §2 阶段 1（判据事前写死）/ §1.2 / §5
==============================================================================

-- 0. 张量（含计划 §1.2b 的全局因子 2/sqrt3）--
  A^s 形状 = (3, 2, 2)   s = 0,1,2 ⇔ 物理 |+1⟩,|0⟩,|−1⟩
  2/sqrt(3) = 1.1547005383792517   （不补它 ⇒ sum_s A†A = (3/4)I）
  局域维 d = 3；虚维 chi = 2；L 上限 = 16（截割路径 4x3^8 = 26,244 个系数）

-- S1–S3 局域算符自检（内部一致性；**不作物理判据**）--
  S1  h == 2·P2 − (2/3)I                残差 2.220e-16   OK
  S2  h == (4/3)·P2 − (2/3)I            残差 6.666667e-01   ← **计划 §2 原印系数**
      （预测值恰为 2/3：两式只在 x = S_i·S_{i+1} = 1 的 S_tot=2 子空间上不同，AKLT 态不占该子空间）
  S3  P2 幂等 ‖P2²−P2‖ = 1.110e-16 ；tr P2 = 5.000000（S_tot=2 维数 = 5）

-- S4 稠密交叉核对（L=6，**仅自检**；主路径是截割收缩 / 转移矩阵）--
  周期环   S(n) 截割 vs 稠密 SVD 最大差 2.220e-16 ；⟨H⟩ 稠密 -4.000000000000 vs 转移 -4.000000000000
  开链    S(n) 截割 vs 稠密 SVD 最大差 1.110e-16 ；⟨H⟩ 稠密 -3.333333333333 vs 转移 -3.333333333333

-- O5 等距性：max‖Σ_s A^{s†}A^s − I‖ --
  实测 0.000e+00   （期望精确 0；门限 1e-14）

-- O1 / O1′：⟨H⟩ = −(2/3)·n_bonds 与 Σ_bonds⟨P_2⟩ = 0 --
  **第一号陷阱：⟨H⟩ ≠ 0。** 真正为零的是 Σ_bonds⟨P_2⟩。
  [周期环]
    L= 8  n_bonds= 8  ⟨H⟩ = -5.333333333333333   靶 -5.333333333333333   Δ = 0.000e+00   Σ⟨P_2⟩ = -1.114e-16  OK
    L=10  n_bonds=10  ⟨H⟩ = -6.666666666666667   靶 -6.666666666666666   Δ = 8.882e-16   Σ⟨P_2⟩ = -1.388e-16  OK
    L=12  n_bonds=12  ⟨H⟩ = -8.000000000000000   靶 -8.000000000000000   Δ = 0.000e+00   Σ⟨P_2⟩ = -1.665e-16  OK
    L=14  n_bonds=14  ⟨H⟩ = -9.333333333333336   靶 -9.333333333333332   Δ = 3.553e-15   Σ⟨P_2⟩ = -1.943e-16  OK
    L=16  n_bonds=16  ⟨H⟩ = -10.666666666666666   靶 -10.666666666666666   Δ = 0.000e+00   Σ⟨P_2⟩ = -2.220e-16  OK
  [开链]
    L= 8  n_bonds= 7  ⟨H⟩ = -4.666666666666667   靶 -4.666666666666666   Δ = 8.882e-16   Σ⟨P_2⟩ = -9.703e-17  OK
    L=10  n_bonds= 9  ⟨H⟩ = -6.000000000000001   靶 -6.000000000000000   Δ = 8.882e-16   Σ⟨P_2⟩ = -1.249e-16  OK
    L=12  n_bonds=11  ⟨H⟩ = -7.333333333333334   靶 -7.333333333333333   Δ = 8.882e-16   Σ⟨P_2⟩ = -1.527e-16  OK
    L=14  n_bonds=13  ⟨H⟩ = -8.666666666666666   靶 -8.666666666666666   Δ = 0.000e+00   Σ⟨P_2⟩ = -1.804e-16  OK
    L=16  n_bonds=15  ⟨H⟩ = -10.000000000000000   靶 -10.000000000000000   Δ = 0.000e+00   Σ⟨P_2⟩ = -2.082e-16  OK

-- O2 开链中点 S(L/2) = ln2（精确、与 L 无关）--
  L= 8  S(L/2) = 0.693147180559945   ln2 = 0.693147180559945   Δ = 0.000e+00  OK
  L=10  S(L/2) = 0.693147180559945   ln2 = 0.693147180559945   Δ = 1.110e-16  OK
  L=12  S(L/2) = 0.693147180559945   ln2 = 0.693147180559945   Δ = 0.000e+00  OK
  L=14  S(L/2) = 0.693147180559945   ln2 = 0.693147180559945   Δ = 0.000e+00  OK
  L=16  S(L/2) = 0.693147180559945   ln2 = 0.693147180559945   Δ = 0.000e+00  OK

-- O3 环 n=1：ρ = I_3/3 ⇒ S = ln3（两条独立路径）--
  (a) 截割收缩（L=6,8；n=1 的互补块枚举 3^(L−1)，只在小 L 上做）
      L= 6  S(1) = 1.098612288668110   ln3 = 1.098612288668110   Δ = 2.220e-16  OK
      L= 8  S(1) = 1.098612288668110   ln3 = 1.098612288668110   Δ = 2.220e-16  OK
  (b) 单点 RDM 转移矩阵（L ∈ {8..16}，并直接核对 ρ = I_3/3）
      L= 8  max|ρ − I/3| = 0.000e+00   S(1) = 1.098612288668110   Δ = 2.220e-16  OK
      L=10  max|ρ − I/3| = 5.551e-17   S(1) = 1.098612288668110   Δ = 2.220e-16  OK
      L=12  max|ρ − I/3| = 5.551e-17   S(1) = 1.098612288668110   Δ = 2.220e-16  OK
      L=14  max|ρ − I/3| = 1.665e-16   S(1) = 1.098612288668110   Δ = 0.000e+00  OK
      L=16  max|ρ − I/3| = 5.551e-17   S(1) = 1.098612288668110   Δ = 2.220e-16  OK

-- O6 环 S(L/2) 渐近 → ln4（单调升）；O4 环块谱 SU(2) 1+3 简并 --
  L= 8  S(L/2) = 1.385372945690   (ln4 − S = 9.214e-04)
  L=10  S(L/2) = 1.386193036807   (ln4 − S = 1.013e-04)
  L=12  S(L/2) = 1.386283060829   (ln4 − S = 1.130e-05)
  L=14  S(L/2) = 1.386293107052   (ln4 − S = 1.254e-06)
  L=16  S(L/2) = 1.386294221722   (ln4 − S = 1.394e-07)
  单调升 = True ；|S(L=16) − ln4| = 1.394e-07  （门限 1e-06，**渐近非精确**）
  相邻差 dS = [8.20091117e-04 9.00240220e-05 1.00462240e-05 1.11467000e-06]   （每加 2 格收缩约 9x ⇒ 指数收敛，xi ~ 1/ln3 ~ 0.91 格）
  L= 8  p = [0.26873857 0.24375381 0.24375381 0.24375381]   三重简并残差 = 0.000e+00  [单态在上]  OK
  L=10  p = [0.25204904 0.25204904 0.25204904 0.24385288]   三重简并残差 = 2.220e-16  [三重在上]  OK
  L=12  p = [0.25206042 0.24931319 0.24931319 0.24931319]   三重简并残差 = 2.220e-16  [单态在上]  OK
  L=14  p = [0.25022852 0.25022852 0.25022852 0.24931444]   三重简并残差 = 2.220e-16  [三重在上]  OK
  L=16  p = [0.25022866 0.24992378 0.24992378 0.24992378]   三重简并残差 = 9.437e-16  [单态在上]  OK
  判据只认「四值里恰有三个相等（残差 < 1e-12）」；**哪一支在上不入判据**，但照实标签。

-- 判据汇总（O1–O6；逐条列出不过项）--
  共 51 条子判据；不过 0 条。
  ⇒ 阶段 1 = **T9-构造成立**
  O1–O6 全过 ⇒ AKLT 的精确 chi=2 MPS 构造成立，六把解析尺子全部对上。

==============================================================================
阶段 2 · 接代码台账：L2 面积律判别器 —— 照 `_model/checks.py:388-396` 拟合
==============================================================================

-- [P2-1 / P2-2] S(L/2) = (c/3)·ln L + b  的 c_scaling --
  开链   S(L/2) = [0.69314718 0.69314718 0.69314718 0.69314718 0.69314718]
       c_scaling = -0.0000000   b = +0.6931472   R^2 = -53.0000   |c| < 0.05 ? OK
  环    S(L/2) = [1.38537295 1.38619304 1.38628306 1.38629311 1.38629422]
       c_scaling = +0.0036173   b = +1.3831263   R^2 = 0.6760   |c| < 0.05 ? OK
  **R^2 不作判据**（计划 §2 阶段 2：零方差下不可读）—— 照实打印，不解读。
  对照 `checks.py:338-340` 已登记的 Ising 值（同一条 `gapped` 判据的邻居）:
    h/J=0.5 -> c = 0.0007   ;   h/J=1.0 -> c = 0.4976   ;   h/J=2.0 -> c = -0.0050

-- [P2-3] 显式调用既有 `_metric.solvers.entanglement_curve`（d=3 输入）--
  既有实现 `v16/_metric/solvers.py:51-62` 里写着 `m = psi.reshape(2 ** n, 2 ** (L - n))`
  输入: AKLT **开链** L=8 的稠密态，长度 3^8 = 6561（d = 3）
  抛 ValueError: cannot reshape array of size 6561 into shape (2,128)
  => `2**n` 硬编码确认 ⇒ 计划 §1.4a 的锚定成立。
     **这个失败是产物，不是待修的 bug**（计划 §4 红线 4 / DP-T9-3）。

-- 阶段 2 落支 --
  共 3 条子判据；不过 0 条。
  落支 = **T9-L2正确判gapped**
  ⇒ AKLT 被仓库**自己那条非临界判据**（`checks.py:345`）**正确判为 gapped**。
     **不是「此层不适用」，是「适用且答对」** —— 答案是事前已知的（面积律，c = 0）。

==============================================================================
阶段 3 · 负对照三条 N1–N3（χ 下界 / 非酉注入 / 等距性双向配对）
==============================================================================

-- N1 键维向下（χ:2→1 积态）--
  计划 §2 的注入列逐字是「A^0, A^- 置零，只留 A^+」。**先照字面把三个候选都算一遍**：
      只留 A^+ : ‖ψ‖²(环 L=8) = 0.000e+00   ‖ψ‖²(开链 L=8) = 0.000e+00D:\dev\product\python\spiral-emergence\v16\_v16_smoke_t9_aklt.py:274: RuntimeWarning: invalid value encountered in divide
  p = p / p.sum()

      只留 A^0 : ‖ψ‖²(环 L=8) = 6.097e-04   ‖ψ‖²(开链 L=8) = 0.000e+00
      只留 A^- : ‖ψ‖²(环 L=8) = 0.000e+00   ‖ψ‖²(开链 L=8) = 0.000e+00
  => `A^± = (2/sqrt3)·P^±·M` 是**幂零秩一** ⇒ `(A^±)^L = 0`（L >= 2）：
     照字面「只留 A^+」得到**零向量**，熵无从定义；**三个候选里只有 `A^0` 给出非零积态**。
     ⇒ N1 用**唯一合法的那一支**（只留 `A^0`）。此为**并存订正**，已照实记入计划 §0.1.4；
       计划 §2 原文**一字未改**。
    N1 环   L= 8                        OK     S(L/2) = -0.000e+00 (<1e-12) ; 与基线 1.385373 的差 = 1.385373 (>0.5)
    N1 环   L=10                        OK     S(L/2) = -0.000e+00 (<1e-12) ; 与基线 1.386193 的差 = 1.386193 (>0.5)
    N1 环   L=12                        OK     S(L/2) = -0.000e+00 (<1e-12) ; 与基线 1.386283 的差 = 1.386283 (>0.5)
    N1 环   L=14                        OK     S(L/2) = -0.000e+00 (<1e-12) ; 与基线 1.386293 的差 = 1.386293 (>0.5)
    N1 环   L=16                        OK     S(L/2) = -0.000e+00 (<1e-12) ; 与基线 1.386294 的差 = 1.386294 (>0.5)
    N1 开链 L= 8                         OK     S(L/2) = -0.000e+00 (<1e-12) ; 与基线 0.693147 的差 = 0.693147 (>0.5)
    N1 开链 L=10                         OK     S(L/2) = -0.000e+00 (<1e-12) ; 与基线 0.693147 的差 = 0.693147 (>0.5)
    N1 开链 L=12                         OK     S(L/2) = -0.000e+00 (<1e-12) ; 与基线 0.693147 的差 = 0.693147 (>0.5)
    N1 开链 L=14                         OK     S(L/2) = -0.000e+00 (<1e-12) ; 与基线 0.693147 的差 = 0.693147 (>0.5)
    N1 开链 L=16                         OK     S(L/2) = -0.000e+00 (<1e-12) ; 与基线 0.693147 的差 = 0.693147 (>0.5)

-- N2 非酉注入 B[1] += 0.05·|↓⟩⟨↑| --
    N2 等距残差 > 1e-3                     OK     max‖Σ_s B^{s†}B^s − I‖ = 2.886751e-02
    N2 环   L= 8                        OK     Σ⟨P_2⟩ -1.114e-16 → +6.684319e-03  (基线 <1e-12 ; 注入后 >1e-4)
    N2 环   L=10                        OK     Σ⟨P_2⟩ -1.388e-16 → +8.326753e-03  (基线 <1e-12 ; 注入后 >1e-4)
    N2 环   L=12                        OK     Σ⟨P_2⟩ -1.665e-16 → +9.988061e-03  (基线 <1e-12 ; 注入后 >1e-4)
    N2 环   L=14                        OK     Σ⟨P_2⟩ -1.943e-16 → +1.165217e-02  (基线 <1e-12 ; 注入后 >1e-4)
    N2 环   L=16                        OK     Σ⟨P_2⟩ -2.220e-16 → +1.331669e-02  (基线 <1e-12 ; 注入后 >1e-4)
    N2 开链 L= 8                         OK     Σ⟨P_2⟩ -9.703e-17 → +5.818254e-03  (基线 <1e-12 ; 注入后 >1e-4)
    N2 开链 L=10                         OK     Σ⟨P_2⟩ -1.249e-16 → +7.489424e-03  (基线 <1e-12 ; 注入后 >1e-4)
    N2 开链 L=12                         OK     Σ⟨P_2⟩ -1.527e-16 → +9.155037e-03  (基线 <1e-12 ; 注入后 >1e-4)
    N2 开链 L=14                         OK     Σ⟨P_2⟩ -1.804e-16 → +1.081978e-02  (基线 <1e-12 ; 注入后 >1e-4)
    N2 开链 L=16                         OK     Σ⟨P_2⟩ -2.082e-16 → +1.248439e-02  (基线 <1e-12 ; 注入后 >1e-4)

-- N3 等距性**双向**配对（O5 正对照 + N2 负对照）--
    正对照 O5 残差 = 0.000e+00   （门限 1e-14，取自阶段 1）
    负对照 N2 残差 = 2.886751e-02 （门限 0.001）
    N3 两条须同时成立                         OK     ⇒ 检查器既非橡皮图章（负对照真报错）、也非一律报错（正对照真归零）

-- 阶段 3 落支 --
  共 22 条子判据；不过 0 条。
  落支 = **T9-负对照三条齐**

==============================================================================
-- 落支 --
  阶段 1 = **T9-构造成立**
  阶段 2 = **T9-L2正确判gapped**
  阶段 3 = **T9-负对照三条齐**
  EXIT = 0（0 = 三支全落正支）

[T9 隔离自检] 既有 `entanglement_curve` / `fit_central_charge` / `boundary_correlation_graph` **一行未改**；
  未修 `entanglement_curve`（DP-T9-3）；未登记（阶段 4）；未进 runner（DP-T9-4）；
  未加守卫与指标 ⇒ 规模三数 78 / 27 / 13 不动。
用时: import 13.7 s + 本计算 3.9 s = 总计 17.5 s
==============================================================================
